Archive member included to satisfy reference by file (symbol)

C:/ST/STM32CubeIDE_1.16.1/STM32CubeIDE/plugins/com.st.stm32cube.ide.mcu.externaltools.gnu-tools-for-stm32.13.3.rel1.win32_1.0.0.202411081344/tools/bin/../lib/gcc/arm-none-eabi/13.3.1/../../../../arm-none-eabi/lib/thumb/v7e-m+fp/hard\libc_nano.a(libc_a-exit.o)
                              C:/ST/STM32CubeIDE_1.16.1/STM32CubeIDE/plugins/com.st.stm32cube.ide.mcu.externaltools.gnu-tools-for-stm32.13.3.rel1.win32_1.0.0.202411081344/tools/bin/../lib/gcc/arm-none-eabi/13.3.1/../../../../arm-none-eabi/lib/thumb/v7e-m+fp/hard/crt0.o (exit)
C:/ST/STM32CubeIDE_1.16.1/STM32CubeIDE/plugins/com.st.stm32cube.ide.mcu.externaltools.gnu-tools-for-stm32.13.3.rel1.win32_1.0.0.202411081344/tools/bin/../lib/gcc/arm-none-eabi/13.3.1/../../../../arm-none-eabi/lib/thumb/v7e-m+fp/hard\libc_nano.a(libc_a-findfp.o)
                              ./Middlewares/Third_Party/FreeRTOS/Source/tasks.o (__sf)
C:/ST/STM32CubeIDE_1.16.1/STM32CubeIDE/plugins/com.st.stm32cube.ide.mcu.externaltools.gnu-tools-for-stm32.13.3.rel1.win32_1.0.0.202411081344/tools/bin/../lib/gcc/arm-none-eabi/13.3.1/../../../../arm-none-eabi/lib/thumb/v7e-m+fp/hard\libc_nano.a(libc_a-fwalk.o)
                              C:/ST/STM32CubeIDE_1.16.1/STM32CubeIDE/plugins/com.st.stm32cube.ide.mcu.externaltools.gnu-tools-for-stm32.13.3.rel1.win32_1.0.0.202411081344/tools/bin/../lib/gcc/arm-none-eabi/13.3.1/../../../../arm-none-eabi/lib/thumb/v7e-m+fp/hard\libc_nano.a(libc_a-findfp.o) (_fwalk_sglue)
C:/ST/STM32CubeIDE_1.16.1/STM32CubeIDE/plugins/com.st.stm32cube.ide.mcu.externaltools.gnu-tools-for-stm32.13.3.rel1.win32_1.0.0.202411081344/tools/bin/../lib/gcc/arm-none-eabi/13.3.1/../../../../arm-none-eabi/lib/thumb/v7e-m+fp/hard\libc_nano.a(libc_a-sprintf.o)
                              ./Core/Src/main.o (sprintf)
C:/ST/STM32CubeIDE_1.16.1/STM32CubeIDE/plugins/com.st.stm32cube.ide.mcu.externaltools.gnu-tools-for-stm32.13.3.rel1.win32_1.0.0.202411081344/tools/bin/../lib/gcc/arm-none-eabi/13.3.1/../../../../arm-none-eabi/lib/thumb/v7e-m+fp/hard\libc_nano.a(libc_a-stdio.o)
                              C:/ST/STM32CubeIDE_1.16.1/STM32CubeIDE/plugins/com.st.stm32cube.ide.mcu.externaltools.gnu-tools-for-stm32.13.3.rel1.win32_1.0.0.202411081344/tools/bin/../lib/gcc/arm-none-eabi/13.3.1/../../../../arm-none-eabi/lib/thumb/v7e-m+fp/hard\libc_nano.a(libc_a-findfp.o) (__sread)
C:/ST/STM32CubeIDE_1.16.1/STM32CubeIDE/plugins/com.st.stm32cube.ide.mcu.externaltools.gnu-tools-for-stm32.13.3.rel1.win32_1.0.0.202411081344/tools/bin/../lib/gcc/arm-none-eabi/13.3.1/../../../../arm-none-eabi/lib/thumb/v7e-m+fp/hard\libc_nano.a(libc_a-memset.o)
                              C:/ST/STM32CubeIDE_1.16.1/STM32CubeIDE/plugins/com.st.stm32cube.ide.mcu.externaltools.gnu-tools-for-stm32.13.3.rel1.win32_1.0.0.202411081344/tools/bin/../lib/gcc/arm-none-eabi/13.3.1/../../../../arm-none-eabi/lib/thumb/v7e-m+fp/hard/crt0.o (memset)
C:/ST/STM32CubeIDE_1.16.1/STM32CubeIDE/plugins/com.st.stm32cube.ide.mcu.externaltools.gnu-tools-for-stm32.13.3.rel1.win32_1.0.0.202411081344/tools/bin/../lib/gcc/arm-none-eabi/13.3.1/../../../../arm-none-eabi/lib/thumb/v7e-m+fp/hard\libc_nano.a(libc_a-closer.o)
                              C:/ST/STM32CubeIDE_1.16.1/STM32CubeIDE/plugins/com.st.stm32cube.ide.mcu.externaltools.gnu-tools-for-stm32.13.3.rel1.win32_1.0.0.202411081344/tools/bin/../lib/gcc/arm-none-eabi/13.3.1/../../../../arm-none-eabi/lib/thumb/v7e-m+fp/hard\libc_nano.a(libc_a-stdio.o) (_close_r)
C:/ST/STM32CubeIDE_1.16.1/STM32CubeIDE/plugins/com.st.stm32cube.ide.mcu.externaltools.gnu-tools-for-stm32.13.3.rel1.win32_1.0.0.202411081344/tools/bin/../lib/gcc/arm-none-eabi/13.3.1/../../../../arm-none-eabi/lib/thumb/v7e-m+fp/hard\libc_nano.a(libc_a-reent.o)
                              ./Middlewares/Third_Party/FreeRTOS/Source/tasks.o (_reclaim_reent)
C:/ST/STM32CubeIDE_1.16.1/STM32CubeIDE/plugins/com.st.stm32cube.ide.mcu.externaltools.gnu-tools-for-stm32.13.3.rel1.win32_1.0.0.202411081344/tools/bin/../lib/gcc/arm-none-eabi/13.3.1/../../../../arm-none-eabi/lib/thumb/v7e-m+fp/hard\libc_nano.a(libc_a-impure.o)
                              ./Middlewares/Third_Party/FreeRTOS/Source/tasks.o (_impure_ptr)
C:/ST/STM32CubeIDE_1.16.1/STM32CubeIDE/plugins/com.st.stm32cube.ide.mcu.externaltools.gnu-tools-for-stm32.13.3.rel1.win32_1.0.0.202411081344/tools/bin/../lib/gcc/arm-none-eabi/13.3.1/../../../../arm-none-eabi/lib/thumb/v7e-m+fp/hard\libc_nano.a(libc_a-lseekr.o)
                              C:/ST/STM32CubeIDE_1.16.1/STM32CubeIDE/plugins/com.st.stm32cube.ide.mcu.externaltools.gnu-tools-for-stm32.13.3.rel1.win32_1.0.0.202411081344/tools/bin/../lib/gcc/arm-none-eabi/13.3.1/../../../../arm-none-eabi/lib/thumb/v7e-m+fp/hard\libc_nano.a(libc_a-stdio.o) (_lseek_r)
[...]
Memory Configuration

Name             Origin             Length             Attributes
RAM              0x20000000         0x00020000         xrw
FLASH            0x08000000         0x00080000         xr
*default*        0x00000000         0xffffffff

Linker script and memory map

LOAD C:/ST/STM32CubeIDE_1.16.1/STM32CubeIDE/plugins/com.st.stm32cube.ide.mcu.externaltools.gnu-tools-for-stm32.13.3.rel1.win32_1.0.0.202411081344/tools/bin/../lib/gcc/arm-none-eabi/13.3.1/thumb/v7e-m+fp/hard/crti.o
LOAD C:/ST/STM32CubeIDE_1.16.1/STM32CubeIDE/plugins/com.st.stm32cube.ide.mcu.externaltools.gnu-tools-for-stm32.13.3.rel1.win32_1.0.0.202411081344/tools/bin/../lib/gcc/arm-none-eabi/13.3.1/thumb/v7e-m+fp/hard/crtbegin.o
LOAD C:/ST/STM32CubeIDE_1.16.1/STM32CubeIDE/plugins/com.st.stm32cube.ide.mcu.externaltools.gnu-tools-for-stm32.13.3.rel1.win32_1.0.0.202411081344/tools/bin/../lib/gcc/arm-none-eabi/13.3.1/../../../../arm-none-eabi/lib/thumb/v7e-m+fp/hard/crt0.o
LOAD ./Core/Src/Drone_control.o
LOAD ./Core/Src/Oneshot125_Esc_Control.o
LOAD ./Core/Src/PID.o
LOAD ./Core/Src/freertos.o
LOAD ./Core/Src/icm20602.o
LOAD ./Core/Src/main.o
LOAD ./Core/Src/nrf24L01.o
LOAD ./Core/Src/stm32f4xx_hal_msp.o
LOAD ./Core/Src/stm32f4xx_hal_timebase_tim.o
LOAD ./Core/Src/stm32f4xx_it.o
LOAD ./Core/Src/syscalls.o
LOAD ./Core/Src/sysmem.o
LOAD ./Core/Src/system_stm32f4xx.o
LOAD ./Core/Startup/startup_stm32f411ceux.o
LOAD ./Drivers/STM32F4xx_HAL_Driver/Src/stm32f4xx_hal.o
LOAD ./Drivers/STM32F4xx_HAL_Driver/Src/stm32f4xx_hal_cortex.o
LOAD ./Drivers/STM32F4xx_HAL_Driver/Src/stm32f4xx_hal_dma.o
LOAD ./Drivers/STM32F4xx_HAL_Driver/Src/stm32f4xx_hal_dma_ex.o
LOAD ./Drivers/STM32F4xx_HAL_Driver/Src/stm32f4xx_hal_exti.o
LOAD ./Drivers/STM32F4xx_HAL_Driver/Src/stm32f4xx_hal_flash.o
LOAD ./Drivers/STM32F4xx_HAL_Driver/Src/stm32f4xx_hal_flash_ex.o
LOAD ./Drivers/STM32F4xx_HAL_Driver/Src/stm32f4xx_hal_flash_ramfunc.o
LOAD ./Drivers/STM32F4xx_HAL_Driver/Src/stm32f4xx_hal_gpio.o
LOAD ./Drivers/STM32F4xx_HAL_Driver/Src/stm32f4xx_hal_pwr.o
LOAD ./Drivers/STM32F4xx_HAL_Driver/Src/stm32f4xx_hal_pwr_ex.o
LOAD ./Drivers/STM32F4xx_HAL_Driver/Src/stm32f4xx_hal_rcc.o
LOAD ./Drivers/STM32F4xx_HAL_Driver/Src/stm32f4xx_hal_rcc_ex.o
LOAD ./Drivers/STM32F4xx_HAL_Driver/Src/stm32f4xx_hal_spi.o
LOAD ./Drivers/STM32F4xx_HAL_Driver/Src/stm32f4xx_hal_tim.o
LOAD ./Drivers/STM32F4xx_HAL_Driver/Src/stm32f4xx_hal_tim_ex.o
LOAD ./Drivers/STM32F4xx_HAL_Driver/Src/stm32f4xx_hal_uart.o
LOAD ./Middlewares/Third_Party/FreeRTOS/Source/CMSIS_RTOS/cmsis_os.o
LOAD ./Middlewares/Third_Party/FreeRTOS/Source/croutine.o
LOAD ./Middlewares/Third_Party/FreeRTOS/Source/event_groups.o
LOAD ./Middlewares/Third_Party/FreeRTOS/Source/list.o
LOAD ./Middlewares/Third_Party/FreeRTOS/Source/queue.o
LOAD ./Middlewares/Third_Party/FreeRTOS/Source/stream_buffer.o
LOAD ./Middlewares/Third_Party/FreeRTOS/Source/tasks.o
LOAD ./Middlewares/Third_Party/FreeRTOS/Source/timers.o
LOAD ./Middlewares/Third_Party/FreeRTOS/Source/portable/GCC/ARM_CM4F/port.o
LOAD ./Middlewares/Third_Party/FreeRTOS/Source/portable/MemMang/heap_4.o
START GROUP
LOAD C:/ST/STM32CubeIDE_1.16.1/STM32CubeIDE/plugins/com.st.stm32cube.ide.mcu.externaltools.gnu-tools-for-stm32.13.3.rel1.win32_1.0.0.202411081344/tools/bin/../lib/gcc/arm-none-eabi/13.3.1/../../../../arm-none-eabi/lib/thumb/v7e-m+fp/hard\libc_nano.a
LOAD C:/ST/STM32CubeIDE_1.16.1/STM32CubeIDE/plugins/com.st.stm32cube.ide.mcu.externaltools.gnu-tools-for-stm32.13.3.rel1.win32_1.0.0.202411081344/tools/bin/../lib/gcc/arm-none-eabi/13.3.1/../../../../arm-none-eabi/lib/thumb/v7e-m+fp/hard\libm.a
END GROUP
START GROUP
LOAD C:/ST/STM32CubeIDE_1.16.1/STM32CubeIDE/plugins/com.st.stm32cube.ide.mcu.externaltools.gnu-tools-for-stm32.13.3.rel1.win32_1.0.0.202411081344/tools/bin/../lib/gcc/arm-none-eabi/13.3.1/thumb/v7e-m+fp/hard\libgcc.a
LOAD C:/ST/STM32CubeIDE_1.16.1/STM32CubeIDE/plugins/com.st.stm32cube.ide.mcu.externaltools.gnu-tools-for-stm32.13.3.rel1.win32_1.0.0.202411081344/tools/bin/../lib/gcc/arm-none-eabi/13.3.1/../../../../arm-none-eabi/lib/thumb/v7e-m+fp/hard\libc_nano.a
END GROUP
START GROUP
LOAD C:/ST/STM32CubeIDE_1.16.1/STM32CubeIDE/plugins/com.st.stm32cube.ide.mcu.externaltools.gnu-tools-for-stm32.13.3.rel1.win32_1.0.0.202411081344/tools/bin/../lib/gcc/arm-none-eabi/13.3.1/thumb/v7e-m+fp/hard\libgcc.a
LOAD C:/ST/STM32CubeIDE_1.16.1/STM32CubeIDE/plugins/com.st.stm32cube.ide.mcu.externaltools.gnu-tools-for-stm32.13.3.rel1.win32_1.0.0.202411081344/tools/bin/../lib/gcc/arm-none-eabi/13.3.1/../../../../arm-none-eabi/lib/thumb/v7e-m+fp/hard\libc_nano.a
LOAD C:/ST/STM32CubeIDE_1.16.1/STM32CubeIDE/plugins/com.st.stm32cube.ide.mcu.externaltools.gnu-tools-for-stm32.13.3.rel1.win32_1.0.0.202411081344/tools/bin/../lib/gcc/arm-none-eabi/13.3.1/../../../../arm-none-eabi/lib/thumb/v7e-m+fp/hard\libnosys.a
END GROUP
START GROUP
LOAD C:/ST/STM32CubeIDE_1.16.1/STM32CubeIDE/plugins/com.st.stm32cube.ide.mcu.externaltools.gnu-tools-for-stm32.13.3.rel1.win32_1.0.0.202411081344/tools/bin/../lib/gcc/arm-none-eabi/13.3.1/thumb/v7e-m+fp/hard\libgcc.a
LOAD C:/ST/STM32CubeIDE_1.16.1/STM32CubeIDE/plugins/com.st.stm32cube.ide.mcu.externaltools.gnu-tools-for-stm32.13.3.rel1.win32_1.0.0.202411081344/tools/bin/../lib/gcc/arm-none-eabi/13.3.1/../../../../arm-none-eabi/lib/thumb/v7e-m+fp/hard\libc_nano.a
LOAD C:/ST/STM32CubeIDE_1.16.1/STM32CubeIDE/plugins/com.st.stm32cube.ide.mcu.externaltools.gnu-tools-for-stm32.13.3.rel1.win32_1.0.0.202411081344/tools/bin/../lib/gcc/arm-none-eabi/13.3.1/../../../../arm-none-eabi/lib/thumb/v7e-m+fp/hard\libnosys.a
END GROUP
LOAD C:/ST/STM32CubeIDE_1.16.1/STM32CubeIDE/plugins/com.st.stm32cube.ide.mcu.externaltools.gnu-tools-for-stm32.13.3.rel1.win32_1.0.0.202411081344/tools/bin/../lib/gcc/arm-none-eabi/13.3.1/thumb/v7e-m+fp/hard/crtend.o
LOAD C:/ST/STM32CubeIDE_1.16.1/STM32CubeIDE/plugins/com.st.stm32cube.ide.mcu.externaltools.gnu-tools-for-stm32.13.3.rel1.win32_1.0.0.202411081344/tools/bin/../lib/gcc/arm-none-eabi/13.3.1/thumb/v7e-m+fp/hard/crtn.o
                0x20020000                        _estack = (ORIGIN (RAM) + LENGTH (RAM))
                0x00000200                        _Min_Heap_Size = 0x200
                0x00000400                        _Min_Stack_Size = 0x400

.isr_vector     0x08000000      0x198
                0x08000000                        . = ALIGN (0x4)
 *(.isr_vector)
 .isr_vector    0x08000000      0x198 ./Core/Startup/startup_stm32f411ceux.o
                0x08000000                g_pfnVectors
                0x08000198                        . = ALIGN (0x4)

.text           0x080001a0     0x6c58
                0x080001a0                        . = ALIGN (0x4)
 *(.text)
 .text          0x080001a0       0x40 C:/ST/STM32CubeIDE_1.16.1/STM32CubeIDE/plugins/com.st.stm32cube.ide.mcu.externaltools.gnu-tools-for-stm32.13.3.rel1.win32_1.0.0.202411081344/tools/bin/../lib/gcc/arm-none-eabi/13.3.1/thumb/v7e-m+fp/hard/crtbegin.o
 .text          0x080001e0       0xa0 C:/ST/STM32CubeIDE_1.16.1/STM32CubeIDE/plugins/com.st.stm32cube.ide.mcu.externaltools.gnu-tools-for-stm32.13.3.rel1.win32_1.0.0.202411081344/tools/bin/../lib/gcc/arm-none-eabi/13.3.1/../../../../arm-none-eabi/lib/thumb/v7e-m+fp/hard\libc_nano.a(libc_a-memchr.o)
                0x080001e0                memchr
 .text          0x08000280       0x30 C:/ST/STM32CubeIDE_1.16.1/STM32CubeIDE/plugins/com.st.stm32cube.ide.mcu.externaltools.gnu-tools-for-stm32.13.3.rel1.win32_1.0.0.202411081344/tools/bin/../lib/gcc/arm-none-eabi/13.3.1/thumb/v7e-m+fp/hard\libgcc.a(_aeabi_uldivmod.o)
                0x08000280                __aeabi_uldivmod
 .text          0x080002b0      0x2f8 C:/ST/STM32CubeIDE_1.16.1/STM32CubeIDE/plugins/com.st.stm32cube.ide.mcu.externaltools.gnu-tools-for-stm32.13.3.rel1.win32_1.0.0.202411081344/tools/bin/../lib/gcc/arm-none-eabi/13.3.1/thumb/v7e-m+fp/hard\libgcc.a(_udivmoddi4.o)
                0x080002b0                __udivmoddi4
 .text          0x080005a8        0x4 C:/ST/STM32CubeIDE_1.16.1/STM32CubeIDE/plugins/com.st.stm32cube.ide.mcu.externaltools.gnu-tools-for-stm32.13.3.rel1.win32_1.0.0.202411081344/tools/bin/../lib/gcc/arm-none-eabi/13.3.1/thumb/v7e-m+fp/hard\libgcc.a(_dvmd_tls.o)
                0x080005a8                __aeabi_idiv0
                0x080005a8                __aeabi_ldiv0
 *(.text*)
 .text.Calculate_Reference
                0x080005ac       0x94 ./Core/Src/Drone_control.o
                0x080005ac                Calculate_Reference
 .text.escNormalOneshot125
                0x08000640       0xb8 ./Core/Src/Oneshot125_Esc_Control.o
                0x08000640                escNormalOneshot125
 .text.Control4Motor
                0x080006f8       0x4a ./Core/Src/Oneshot125_Esc_Control.o
                0x080006f8                Control4Motor
 .text.pidControllersInit
                0x08000742       0xb2 ./Core/Src/PID.o
                0x08000742                pidControllersInit
 .text.pidUpdate
                0x080007f4      0x1a0 ./Core/Src/PID.o
                0x080007f4                pidUpdate
 .text.vApplicationGetIdleTaskMemory
                0x08000994       0x34 ./Core/Src/freertos.o
                0x08000994                vApplicationGetIdleTaskMemory
 .text.main     0x080009c8      0x230 ./Core/Src/main.o
                0x080009c8                main
 .text.SystemClock_Config
                0x08000bf8       0xd0 ./Core/Src/main.o
                0x08000bf8                SystemClock_Config
 .text.MX_SPI1_Init
                0x08000cc8       0x6c ./Core/Src/main.o
 .text.MX_SPI2_Init
                0x08000d34       0x6c ./Core/Src/main.o
 .text.MX_TIM2_Init
                0x08000da0       0xf4 ./Core/Src/main.o
 .text.MX_TIM3_Init
                0x08000e94       0x9c ./Core/Src/main.o
 .text.MX_USART1_UART_Init
                0x08000f30       0x54 ./Core/Src/main.o
 .text.MX_GPIO_Init
                0x08000f84      0x12c ./Core/Src/main.o
 .text.ESC_Task
                0x080010b0      0x200 ./Core/Src/main.o
                0x080010b0                ESC_Task
 .text.NRF_Task
                0x080012b0       0x3c ./Core/Src/main.o
                0x080012b0                NRF_Task
 .text.StartDefaultTask
                0x080012ec       0x24 ./Core/Src/main.o
                0x080012ec                StartDefaultTask
 .text.HAL_TIM_PeriodElapsedCallback
                0x08001310       0x3c ./Core/Src/main.o
                0x08001310                HAL_TIM_PeriodElapsedCallback
 .text.Error_Handler
                0x0800134c        0xc ./Core/Src/main.o
                0x0800134c                Error_Handler
 .text.Chip_Select
                0x08001358       0x20 ./Core/Src/nrf24L01.o
                0x08001358                Chip_Select
 .text.Chip_Deselect
                0x08001378       0x20 ./Core/Src/nrf24L01.o
                0x08001378                Chip_Deselect
 .text.Set_CE_High
                0x08001398       0x20 ./Core/Src/nrf24L01.o
                0x08001398                Set_CE_High
 .text.Set_CE_Low
                0x080013b8       0x20 ./Core/Src/nrf24L01.o
                0x080013b8                Set_CE_Low
 .text.WaitForIRQ
                0x080013d8       0x2a ./Core/Src/nrf24L01.o
                0x080013d8                WaitForIRQ
 .text.nRF_WriteRegister
                0x08001402       0xc0 ./Core/Src/nrf24L01.o
                0x08001402                nRF_WriteRegister
 .text.nRF_WriteOneRegister
                0x080014c2       0x42 ./Core/Src/nrf24L01.o
                0x080014c2                nRF_WriteOneRegister
 .text.nRF_ReadOneRegister
                0x08001504       0x44 ./Core/Src/nrf24L01.o
                0x08001504                nRF_ReadOneRegister
 .text.nRF_SendCmd
                0x08001548       0x34 ./Core/Src/nrf24L01.o
                0x08001548                nRF_SendCmd
 .text.nRF_GetStatus
                0x0800157c       0x48 ./Core/Src/nrf24L01.o
                0x0800157c                nRF_GetStatus
 .text.nRF_TX_Payload
                0x080015c4       0x44 ./Core/Src/nrf24L01.o
                0x080015c4                nRF_TX_Payload
 .text.nRF_RX_Payload
                0x08001608       0x46 ./Core/Src/nrf24L01.o
                0x08001608                nRF_RX_Payload
 *fill*         0x0800164e        0x2 
 .text.Select_Rx_Mode
                0x08001650       0x3c ./Core/Src/nrf24L01.o
                0x08001650                Select_Rx_Mode
 .text.Select_Tx_Mode_RTOS
                0x0800168c       0x3c ./Core/Src/nrf24L01.o
                0x0800168c                Select_Tx_Mode_RTOS
 .text.Select_Rx_Mode_RTOS
                0x080016c8       0x3c ./Core/Src/nrf24L01.o
                0x080016c8                Select_Rx_Mode_RTOS
 .text.Two_Way_Commuination_RTOS
                0x08001704       0x3c ./Core/Src/nrf24L01.o
                0x08001704                Two_Way_Commuination_RTOS
 .text.Two_Way_Commuination_Pipe0_Config
                0x08001740       0x62 ./Core/Src/nrf24L01.o
                0x08001740                Two_Way_Commuination_Pipe0_Config
 *fill*         0x080017a2        0x2 
 .text.TX_Communication
                0x080017a4       0x8c ./Core/Src/nrf24L01.o
                0x080017a4                TX_Communication
 .text.RX_Communication
                0x08001830       0x60 ./Core/Src/nrf24L01.o
                0x08001830                RX_Communication
 .text.CONFIG_REG_Write
                0x08001890       0x38 ./Core/Src/nrf24L01.o
                0x08001890                CONFIG_REG_Write
 .text.RX_ADDR_P0_Write
                0x080018c8       0x64 ./Core/Src/nrf24L01.o
                0x080018c8                RX_ADDR_P0_Write
 .text.TX_ADDR_Write
                0x0800192c       0x64 ./Core/Src/nrf24L01.o
                0x0800192c                TX_ADDR_Write
 .text.RX_PW_P_NUM_Number_Of_Bytes
                0x08001990       0x70 ./Core/Src/nrf24L01.o
                0x08001990                RX_PW_P_NUM_Number_Of_Bytes
 .text.HAL_MspInit
                0x08001a00       0x58 ./Core/Src/stm32f4xx_hal_msp.o
                0x08001a00                HAL_MspInit
 .text.HAL_SPI_MspInit
                0x08001a58       0xfc ./Core/Src/stm32f4xx_hal_msp.o
                0x08001a58                HAL_SPI_MspInit
 .text.HAL_TIM_PWM_MspInit
                0x08001b54       0x40 ./Core/Src/stm32f4xx_hal_msp.o
                0x08001b54                HAL_TIM_PWM_MspInit
 .text.HAL_TIM_Base_MspInit
                0x08001b94       0x50 ./Core/Src/stm32f4xx_hal_msp.o
                0x08001b94                HAL_TIM_Base_MspInit
 .text.HAL_TIM_MspPostInit
                0x08001be4       0x70 ./Core/Src/stm32f4xx_hal_msp.o
                0x08001be4                HAL_TIM_MspPostInit
 .text.HAL_UART_MspInit
                0x08001c54       0x90 ./Core/Src/stm32f4xx_hal_msp.o
                0x08001c54                HAL_UART_MspInit
 .text.HAL_InitTick
                0x08001ce4       0xe4 ./Core/Src/stm32f4xx_hal_timebase_tim.o
                0x08001ce4                HAL_InitTick
 .text.NMI_Handler
                0x08001dc8        0x8 ./Core/Src/stm32f4xx_it.o
                0x08001dc8                NMI_Handler
 .text.HardFault_Handler
                0x08001dd0        0x8 ./Core/Src/stm32f4xx_it.o
                0x08001dd0                HardFault_Handler
 .text.MemManage_Handler
                0x08001dd8        0x8 ./Core/Src/stm32f4xx_it.o
                0x08001dd8                MemManage_Handler
 .text.BusFault_Handler
                0x08001de0        0x8 ./Core/Src/stm32f4xx_it.o
                0x08001de0                BusFault_Handler
 .text.UsageFault_Handler
                0x08001de8        0x8 ./Core/Src/stm32f4xx_it.o
                0x08001de8                UsageFault_Handler
 .text.DebugMon_Handler
                0x08001df0        0xe ./Core/Src/stm32f4xx_it.o
                0x08001df0                DebugMon_Handler
 *fill*         0x08001dfe        0x2 
 .text.TIM1_UP_TIM10_IRQHandler
                0x08001e00       0x14 ./Core/Src/stm32f4xx_it.o
                0x08001e00                TIM1_UP_TIM10_IRQHandler
 .text.TIM3_IRQHandler
                0x08001e14       0x14 ./Core/Src/stm32f4xx_it.o
                0x08001e14                TIM3_IRQHandler
 .text._sbrk    0x08001e28       0x6c ./Core/Src/sysmem.o
                0x08001e28                _sbrk
 .text.SystemInit
                0x08001e94       0x24 ./Core/Src/system_stm32f4xx.o
                0x08001e94                SystemInit
 .text.Reset_Handler
                0x08001eb8       0x50 ./Core/Startup/startup_stm32f411ceux.o
                0x08001eb8                Reset_Handler
 .text.Default_Handler
                0x08001f08        0x2 ./Core/Startup/startup_stm32f411ceux.o
                0x08001f08                RTC_Alarm_IRQHandler
                0x08001f08                EXTI2_IRQHandler
                0x08001f08                SPI4_IRQHandler
                0x08001f08                TIM1_CC_IRQHandler
                0x08001f08                DMA2_Stream5_IRQHandler
                0x08001f08                DMA1_Stream5_IRQHandler
                0x08001f08                PVD_IRQHandler
                0x08001f08                SDIO_IRQHandler
                0x08001f08                TAMP_STAMP_IRQHandler
                0x08001f08                EXTI3_IRQHandler
                0x08001f08                I2C3_ER_IRQHandler
                0x08001f08                EXTI0_IRQHandler
                0x08001f08                I2C2_EV_IRQHandler
                0x08001f08                DMA1_Stream2_IRQHandler
                0x08001f08                FPU_IRQHandler
                0x08001f08                DMA2_Stream2_IRQHandler
                0x08001f08                SPI1_IRQHandler
                0x08001f08                TIM1_BRK_TIM9_IRQHandler
                0x08001f08                DMA2_Stream3_IRQHandler
                0x08001f08                USART6_IRQHandler
                0x08001f08                DMA2_Stream0_IRQHandler
                0x08001f08                TIM4_IRQHandler
                0x08001f08                I2C1_EV_IRQHandler
                0x08001f08                DMA1_Stream6_IRQHandler
                0x08001f08                DMA1_Stream1_IRQHandler
                0x08001f08                RCC_IRQHandler
                0x08001f08                Default_Handler
                0x08001f08                EXTI15_10_IRQHandler
                0x08001f08                ADC_IRQHandler
                0x08001f08                DMA1_Stream7_IRQHandler
                0x08001f08                SPI5_IRQHandler
                0x08001f08                TIM5_IRQHandler
                0x08001f08                DMA2_Stream7_IRQHandler
                0x08001f08                I2C3_EV_IRQHandler
                0x08001f08                EXTI9_5_IRQHandler
                0x08001f08                RTC_WKUP_IRQHandler
                0x08001f08                SPI2_IRQHandler
                0x08001f08                DMA1_Stream0_IRQHandler
                0x08001f08                EXTI4_IRQHandler
                0x08001f08                WWDG_IRQHandler
                0x08001f08                TIM2_IRQHandler
                0x08001f08                OTG_FS_WKUP_IRQHandler
                0x08001f08                TIM1_TRG_COM_TIM11_IRQHandler
                0x08001f08                EXTI1_IRQHandler
                0x08001f08                USART2_IRQHandler
                0x08001f08                I2C2_ER_IRQHandler
                0x08001f08                DMA2_Stream1_IRQHandler
                0x08001f08                FLASH_IRQHandler
                0x08001f08                DMA2_Stream4_IRQHandler
                0x08001f08                USART1_IRQHandler
                0x08001f08                OTG_FS_IRQHandler
                0x08001f08                SPI3_IRQHandler
                0x08001f08                DMA1_Stream4_IRQHandler
                0x08001f08                I2C1_ER_IRQHandler
                0x08001f08                DMA2_Stream6_IRQHandler
                0x08001f08                DMA1_Stream3_IRQHandler
 *fill*         0x08001f0a        0x2 
 .text.HAL_Init
                0x08001f0c       0x44 ./Drivers/STM32F4xx_HAL_Driver/Src/stm32f4xx_hal.o
                0x08001f0c                HAL_Init
 .text.HAL_IncTick
                0x08001f50       0x28 ./Drivers/STM32F4xx_HAL_Driver/Src/stm32f4xx_hal.o
                0x08001f50                HAL_IncTick
 .text.HAL_GetTick
                0x08001f78       0x18 ./Drivers/STM32F4xx_HAL_Driver/Src/stm32f4xx_hal.o
                0x08001f78                HAL_GetTick
 .text.HAL_Delay
                0x08001f90       0x48 ./Drivers/STM32F4xx_HAL_Driver/Src/stm32f4xx_hal.o
                0x08001f90                HAL_Delay
 .text.__NVIC_SetPriorityGrouping
                0x08001fd8       0x48 ./Drivers/STM32F4xx_HAL_Driver/Src/stm32f4xx_hal_cortex.o
 .text.__NVIC_GetPriorityGrouping
                0x08002020       0x1c ./Drivers/STM32F4xx_HAL_Driver/Src/stm32f4xx_hal_cortex.o
 .text.__NVIC_EnableIRQ
                0x0800203c       0x3c ./Drivers/STM32F4xx_HAL_Driver/Src/stm32f4xx_hal_cortex.o
 .text.__NVIC_SetPriority
                0x08002078       0x54 ./Drivers/STM32F4xx_HAL_Driver/Src/stm32f4xx_hal_cortex.o
 .text.NVIC_EncodePriority
                0x080020cc       0x66 ./Drivers/STM32F4xx_HAL_Driver/Src/stm32f4xx_hal_cortex.o
 .text.HAL_NVIC_SetPriorityGrouping
                0x08002132       0x16 ./Drivers/STM32F4xx_HAL_Driver/Src/stm32f4xx_hal_cortex.o
                0x08002132                HAL_NVIC_SetPriorityGrouping
 .text.HAL_NVIC_SetPriority
                0x08002148       0x38 ./Drivers/STM32F4xx_HAL_Driver/Src/stm32f4xx_hal_cortex.o
                0x08002148                HAL_NVIC_SetPriority
 .text.HAL_NVIC_EnableIRQ
                0x08002180       0x1c ./Drivers/STM32F4xx_HAL_Driver/Src/stm32f4xx_hal_cortex.o
                0x08002180                HAL_NVIC_EnableIRQ
 .text.HAL_GPIO_Init
                0x0800219c      0x308 ./Drivers/STM32F4xx_HAL_Driver/Src/stm32f4xx_hal_gpio.o
                0x0800219c                HAL_GPIO_Init
 .text.HAL_GPIO_ReadPin
                0x080024a4       0x30 ./Drivers/STM32F4xx_HAL_Driver/Src/stm32f4xx_hal_gpio.o
                0x080024a4                HAL_GPIO_ReadPin
 .text.HAL_GPIO_WritePin
                0x080024d4       0x32 ./Drivers/STM32F4xx_HAL_Driver/Src/stm32f4xx_hal_gpio.o
                0x080024d4                HAL_GPIO_WritePin
 .text.HAL_GPIO_TogglePin
                0x08002506       0x34 ./Drivers/STM32F4xx_HAL_Driver/Src/stm32f4xx_hal_gpio.o
                0x08002506                HAL_GPIO_TogglePin
 *fill*         0x0800253a        0x2 
 .text.HAL_RCC_OscConfig
                0x0800253c      0x4f0 ./Drivers/STM32F4xx_HAL_Driver/Src/stm32f4xx_hal_rcc.o
                0x0800253c                HAL_RCC_OscConfig
 .text.HAL_RCC_ClockConfig
                0x08002a2c      0x1cc ./Drivers/STM32F4xx_HAL_Driver/Src/stm32f4xx_hal_rcc.o
                0x08002a2c                HAL_RCC_ClockConfig
 .text.HAL_RCC_GetSysClockFreq
                0x08002bf8      0x18c ./Drivers/STM32F4xx_HAL_Driver/Src/stm32f4xx_hal_rcc.o
                0x08002bf8                HAL_RCC_GetSysClockFreq
 .text.HAL_RCC_GetHCLKFreq
                0x08002d84       0x18 ./Drivers/STM32F4xx_HAL_Driver/Src/stm32f4xx_hal_rcc.o
                0x08002d84                HAL_RCC_GetHCLKFreq
 .text.HAL_RCC_GetPCLK1Freq
                0x08002d9c       0x28 ./Drivers/STM32F4xx_HAL_Driver/Src/stm32f4xx_hal_rcc.o
                0x08002d9c                HAL_RCC_GetPCLK1Freq
 .text.HAL_RCC_GetPCLK2Freq
                0x08002dc4       0x28 ./Drivers/STM32F4xx_HAL_Driver/Src/stm32f4xx_hal_rcc.o
                0x08002dc4                HAL_RCC_GetPCLK2Freq
 .text.HAL_RCC_GetClockConfig
                0x08002dec       0x64 ./Drivers/STM32F4xx_HAL_Driver/Src/stm32f4xx_hal_rcc.o
                0x08002dec                HAL_RCC_GetClockConfig
 .text.HAL_SPI_Init
                0x08002e50      0x112 ./Drivers/STM32F4xx_HAL_Driver/Src/stm32f4xx_hal_spi.o
                0x08002e50                HAL_SPI_Init
 .text.HAL_SPI_Transmit
                0x08002f62      0x288 ./Drivers/STM32F4xx_HAL_Driver/Src/stm32f4xx_hal_spi.o
                0x08002f62                HAL_SPI_Transmit
 .text.HAL_SPI_Receive
                0x080031ea      0x232 ./Drivers/STM32F4xx_HAL_Driver/Src/stm32f4xx_hal_spi.o
                0x080031ea                HAL_SPI_Receive
 .text.HAL_SPI_TransmitReceive
                0x0800341c      0x352 ./Drivers/STM32F4xx_HAL_Driver/Src/stm32f4xx_hal_spi.o
                0x0800341c                HAL_SPI_TransmitReceive
 *fill*         0x0800376e        0x2 
 .text.SPI_WaitFlagStateUntilTimeout
                0x08003770      0x110 ./Drivers/STM32F4xx_HAL_Driver/Src/stm32f4xx_hal_spi.o
 .text.SPI_EndRxTransaction
                0x08003880       0xca ./Drivers/STM32F4xx_HAL_Driver/Src/stm32f4xx_hal_spi.o
 *fill*         0x0800394a        0x2 
 .text.SPI_EndRxTxTransaction
                0x0800394c       0xa8 ./Drivers/STM32F4xx_HAL_Driver/Src/stm32f4xx_hal_spi.o
 .text.HAL_TIM_Base_Init
                0x080039f4       0x9e ./Drivers/STM32F4xx_HAL_Driver/Src/stm32f4xx_hal_tim.o
                0x080039f4                HAL_TIM_Base_Init
 *fill*         0x08003a92        0x2 
 .text.HAL_TIM_Base_Start_IT
                0x08003a94       0xc4 ./Drivers/STM32F4xx_HAL_Driver/Src/stm32f4xx_hal_tim.o
                0x08003a94                HAL_TIM_Base_Start_IT
 .text.HAL_TIM_PWM_Init
                0x08003b58       0x9e ./Drivers/STM32F4xx_HAL_Driver/Src/stm32f4xx_hal_tim.o
                0x08003b58                HAL_TIM_PWM_Init
 *fill*         0x08003bf6        0x2 
 .text.HAL_TIM_PWM_Start
                0x08003bf8      0x160 ./Drivers/STM32F4xx_HAL_Driver/Src/stm32f4xx_hal_tim.o
                0x08003bf8                HAL_TIM_PWM_Start
 .text.HAL_TIM_IRQHandler
                0x08003d58      0x1e0 ./Drivers/STM32F4xx_HAL_Driver/Src/stm32f4xx_hal_tim.o
                0x08003d58                HAL_TIM_IRQHandler
 .text.HAL_TIM_PWM_ConfigChannel
                0x08003f38      0x184 ./Drivers/STM32F4xx_HAL_Driver/Src/stm32f4xx_hal_tim.o
                0x08003f38                HAL_TIM_PWM_ConfigChannel
 .text.HAL_TIM_ConfigClockSource
                0x080040bc      0x18e ./Drivers/STM32F4xx_HAL_Driver/Src/stm32f4xx_hal_tim.o
                0x080040bc                HAL_TIM_ConfigClockSource
 .text.HAL_TIM_OC_DelayElapsedCallback
                0x0800424a       0x14 ./Drivers/STM32F4xx_HAL_Driver/Src/stm32f4xx_hal_tim.o
                0x0800424a                HAL_TIM_OC_DelayElapsedCallback
 .text.HAL_TIM_IC_CaptureCallback
                0x0800425e       0x14 ./Drivers/STM32F4xx_HAL_Driver/Src/stm32f4xx_hal_tim.o
                0x0800425e                HAL_TIM_IC_CaptureCallback
 .text.HAL_TIM_PWM_PulseFinishedCallback
                0x08004272       0x14 ./Drivers/STM32F4xx_HAL_Driver/Src/stm32f4xx_hal_tim.o
                0x08004272                HAL_TIM_PWM_PulseFinishedCallback
 .text.HAL_TIM_TriggerCallback
                0x08004286       0x14 ./Drivers/STM32F4xx_HAL_Driver/Src/stm32f4xx_hal_tim.o
                0x08004286                HAL_TIM_TriggerCallback
 *fill*         0x0800429a        0x2 
 .text.TIM_Base_SetConfig
                0x0800429c      0x10c ./Drivers/STM32F4xx_HAL_Driver/Src/stm32f4xx_hal_tim.o
                0x0800429c                TIM_Base_SetConfig
 .text.TIM_OC1_SetConfig
                0x080043a8       0xcc ./Drivers/STM32F4xx_HAL_Driver/Src/stm32f4xx_hal_tim.o
 .text.TIM_OC2_SetConfig
                0x08004474       0xd8 ./Drivers/STM32F4xx_HAL_Driver/Src/stm32f4xx_hal_tim.o
                0x08004474                TIM_OC2_SetConfig
 .text.TIM_OC3_SetConfig
                0x0800454c       0xd4 ./Drivers/STM32F4xx_HAL_Driver/Src/stm32f4xx_hal_tim.o
 .text.TIM_OC4_SetConfig
                0x08004620       0xa0 ./Drivers/STM32F4xx_HAL_Driver/Src/stm32f4xx_hal_tim.o
 .text.TIM_TI1_ConfigInputStage
                0x080046c0       0x5e ./Drivers/STM32F4xx_HAL_Driver/Src/stm32f4xx_hal_tim.o
 .text.TIM_TI2_ConfigInputStage
                0x0800471e       0x60 ./Drivers/STM32F4xx_HAL_Driver/Src/stm32f4xx_hal_tim.o
 .text.TIM_ITRx_SetConfig
                0x0800477e       0x36 ./Drivers/STM32F4xx_HAL_Driver/Src/stm32f4xx_hal_tim.o
 .text.TIM_ETR_SetConfig
                0x080047b4       0x40 ./Drivers/STM32F4xx_HAL_Driver/Src/stm32f4xx_hal_tim.o
                0x080047b4                TIM_ETR_SetConfig
 .text.TIM_CCxChannelCmd
                0x080047f4       0x4a ./Drivers/STM32F4xx_HAL_Driver/Src/stm32f4xx_hal_tim.o
                0x080047f4                TIM_CCxChannelCmd
 *fill*         0x0800483e        0x2 
 .text.HAL_TIMEx_MasterConfigSynchronization
                0x08004840       0xdc ./Drivers/STM32F4xx_HAL_Driver/Src/stm32f4xx_hal_tim_ex.o
                0x08004840                HAL_TIMEx_MasterConfigSynchronization
 .text.HAL_TIMEx_CommutCallback
                0x0800491c       0x14 ./Drivers/STM32F4xx_HAL_Driver/Src/stm32f4xx_hal_tim_ex.o
                0x0800491c                HAL_TIMEx_CommutCallback
 .text.HAL_TIMEx_BreakCallback
                0x08004930       0x14 ./Drivers/STM32F4xx_HAL_Driver/Src/stm32f4xx_hal_tim_ex.o
                0x08004930                HAL_TIMEx_BreakCallback
 .text.HAL_UART_Init
                0x08004944       0xa0 ./Drivers/STM32F4xx_HAL_Driver/Src/stm32f4xx_hal_uart.o
                0x08004944                HAL_UART_Init
 .text.UART_SetConfig
                0x080049e4      0x4e8 ./Drivers/STM32F4xx_HAL_Driver/Src/stm32f4xx_hal_uart.o
 .text.makeFreeRtosPriority
                0x08004ecc       0x30 ./Middlewares/Third_Party/FreeRTOS/Source/CMSIS_RTOS/cmsis_os.o
 .text.osKernelStart
                0x08004efc        0xe ./Middlewares/Third_Party/FreeRTOS/Source/CMSIS_RTOS/cmsis_os.o
                0x08004efc                osKernelStart
 .text.osThreadCreate
                0x08004f0a       0x98 ./Middlewares/Third_Party/FreeRTOS/Source/CMSIS_RTOS/cmsis_os.o
                0x08004f0a                osThreadCreate
 .text.osDelay  0x08004fa2       0x28 ./Middlewares/Third_Party/FreeRTOS/Source/CMSIS_RTOS/cmsis_os.o
                0x08004fa2                osDelay
 .text.vListInitialise
                0x08004fca       0x40 ./Middlewares/Third_Party/FreeRTOS/Source/list.o
                0x08004fca                vListInitialise
 .text.vListInitialiseItem
                0x0800500a       0x1a ./Middlewares/Third_Party/FreeRTOS/Source/list.o
                0x0800500a                vListInitialiseItem
 .text.vListInsertEnd
                0x08005024       0x48 ./Middlewares/Third_Party/FreeRTOS/Source/list.o
                0x08005024                vListInsertEnd
 .text.vListInsert
                0x0800506c       0x72 ./Middlewares/Third_Party/FreeRTOS/Source/list.o
                0x0800506c                vListInsert
 .text.uxListRemove
                0x080050de       0x54 ./Middlewares/Third_Party/FreeRTOS/Source/list.o
                0x080050de                uxListRemove
 .text.xTaskCreateStatic
                0x08005132       0xc0 ./Middlewares/Third_Party/FreeRTOS/Source/tasks.o
                0x08005132                xTaskCreateStatic
 .text.xTaskCreate
                0x080051f2       0x8a ./Middlewares/Third_Party/FreeRTOS/Source/tasks.o
                0x080051f2                xTaskCreate
 .text.prvInitialiseNewTask
                0x0800527c      0x140 ./Middlewares/Third_Party/FreeRTOS/Source/tasks.o
 .text.prvAddNewTaskToReadyList
                0x080053bc       0xd4 ./Middlewares/Third_Party/FreeRTOS/Source/tasks.o
 .text.vTaskDelay
                0x08005490       0x6c ./Middlewares/Third_Party/FreeRTOS/Source/tasks.o
                0x08005490                vTaskDelay
 .text.vTaskStartScheduler
                0x080054fc       0xd4 ./Middlewares/Third_Party/FreeRTOS/Source/tasks.o
                0x080054fc                vTaskStartScheduler
 .text.vTaskSuspendAll
                0x080055d0       0x1c ./Middlewares/Third_Party/FreeRTOS/Source/tasks.o
                0x080055d0                vTaskSuspendAll
 .text.xTaskResumeAll
                0x080055ec      0x13c ./Middlewares/Third_Party/FreeRTOS/Source/tasks.o
                0x080055ec                xTaskResumeAll
 .text.xTaskIncrementTick
                0x08005728      0x174 ./Middlewares/Third_Party/FreeRTOS/Source/tasks.o
                0x08005728                xTaskIncrementTick
 .text.vTaskSwitchContext
                0x0800589c       0xc8 ./Middlewares/Third_Party/FreeRTOS/Source/tasks.o
                0x0800589c                vTaskSwitchContext
 .text.prvIdleTask
                0x08005964       0x30 ./Middlewares/Third_Party/FreeRTOS/Source/tasks.o
 .text.prvInitialiseTaskLists
                0x08005994       0x80 ./Middlewares/Third_Party/FreeRTOS/Source/tasks.o
 .text.prvCheckTasksWaitingTermination
                0x08005a14       0x5c ./Middlewares/Third_Party/FreeRTOS/Source/tasks.o
 .text.prvDeleteTCB
                0x08005a70       0x6a ./Middlewares/Third_Party/FreeRTOS/Source/tasks.o
 *fill*         0x08005ada        0x2 
 .text.prvResetNextTaskUnblockTime
                0x08005adc       0x40 ./Middlewares/Third_Party/FreeRTOS/Source/tasks.o
 .text.prvAddCurrentTaskToDelayedList
                0x08005b1c       0xcc ./Middlewares/Third_Party/FreeRTOS/Source/tasks.o
 .text.pxPortInitialiseStack
                0x08005be8       0x68 ./Middlewares/Third_Party/FreeRTOS/Source/portable/GCC/ARM_CM4F/port.o
                0x08005be8                pxPortInitialiseStack
 .text.prvTaskExitError
                0x08005c50       0x5c ./Middlewares/Third_Party/FreeRTOS/Source/portable/GCC/ARM_CM4F/port.o
 *fill*         0x08005cac        0x4 
 .text.SVC_Handler
                0x08005cb0       0x28 ./Middlewares/Third_Party/FreeRTOS/Source/portable/GCC/ARM_CM4F/port.o
                0x08005cb0                SVC_Handler
 .text.prvPortStartFirstTask
                0x08005cd8       0x28 ./Middlewares/Third_Party/FreeRTOS/Source/portable/GCC/ARM_CM4F/port.o
 .text.xPortStartScheduler
                0x08005d00      0x148 ./Middlewares/Third_Party/FreeRTOS/Source/portable/GCC/ARM_CM4F/port.o
                0x08005d00                xPortStartScheduler
 .text.vPortEnterCritical
                0x08005e48       0x64 ./Middlewares/Third_Party/FreeRTOS/Source/portable/GCC/ARM_CM4F/port.o
                0x08005e48                vPortEnterCritical
 .text.vPortExitCritical
                0x08005eac       0x54 ./Middlewares/Third_Party/FreeRTOS/Source/portable/GCC/ARM_CM4F/port.o
                0x08005eac                vPortExitCritical
 .text.PendSV_Handler
                0x08005f00       0x68 ./Middlewares/Third_Party/FreeRTOS/Source/portable/GCC/ARM_CM4F/port.o
                0x08005f00                PendSV_Handler
 .text.SysTick_Handler
                0x08005f68       0x44 ./Middlewares/Third_Party/FreeRTOS/Source/portable/GCC/ARM_CM4F/port.o
                0x08005f68                SysTick_Handler
 .text.vPortSetupTimerInterrupt
                0x08005fac       0x48 ./Middlewares/Third_Party/FreeRTOS/Source/portable/GCC/ARM_CM4F/port.o
                0x08005fac                vPortSetupTimerInterrupt
 .text.vPortEnableVFP
                0x08005ff4       0x14 ./Middlewares/Third_Party/FreeRTOS/Source/portable/GCC/ARM_CM4F/port.o
 .text.pvPortMalloc
                0x08006008      0x19c ./Middlewares/Third_Party/FreeRTOS/Source/portable/MemMang/heap_4.o
                0x08006008                pvPortMalloc
 .text.vPortFree
                0x080061a4       0xc8 ./Middlewares/Third_Party/FreeRTOS/Source/portable/MemMang/heap_4.o
                0x080061a4                vPortFree
 .text.prvHeapInit
                0x0800626c       0xc4 ./Middlewares/Third_Party/FreeRTOS/Source/portable/MemMang/heap_4.o
 .text.prvInsertBlockIntoFreeList
                0x08006330       0xb4 ./Middlewares/Third_Party/FreeRTOS/Source/portable/MemMang/heap_4.o
 .text.sprintf  0x080063e4       0x44 C:/ST/STM32CubeIDE_1.16.1/STM32CubeIDE/plugins/com.st.stm32cube.ide.mcu.externaltools.gnu-tools-for-stm32.13.3.rel1.win32_1.0.0.202411081344/tools/bin/../lib/gcc/arm-none-eabi/13.3.1/../../../../arm-none-eabi/lib/thumb/v7e-m+fp/hard\libc_nano.a(libc_a-sprintf.o)
                0x080063e4                siprintf
                0x080063e4                sprintf
 .text.memset   0x08006428       0x10 C:/ST/STM32CubeIDE_1.16.1/STM32CubeIDE/plugins/com.st.stm32cube.ide.mcu.externaltools.gnu-tools-for-stm32.13.3.rel1.win32_1.0.0.202411081344/tools/bin/../lib/gcc/arm-none-eabi/13.3.1/../../../../arm-none-eabi/lib/thumb/v7e-m+fp/hard\libc_nano.a(libc_a-memset.o)
                0x08006428                memset
 .text._reclaim_reent
                0x08006438       0xbc C:/ST/STM32CubeIDE_1.16.1/STM32CubeIDE/plugins/com.st.stm32cube.ide.mcu.externaltools.gnu-tools-for-stm32.13.3.rel1.win32_1.0.0.202411081344/tools/bin/../lib/gcc/arm-none-eabi/13.3.1/../../../../arm-none-eabi/lib/thumb/v7e-m+fp/hard\libc_nano.a(libc_a-reent.o)
                0x08006438                _reclaim_reent
 .text.__errno  0x080064f4        0xc C:/ST/STM32CubeIDE_1.16.1/STM32CubeIDE/plugins/com.st.stm32cube.ide.mcu.externaltools.gnu-tools-for-stm32.13.3.rel1.win32_1.0.0.202411081344/tools/bin/../lib/gcc/arm-none-eabi/13.3.1/../../../../arm-none-eabi/lib/thumb/v7e-m+fp/hard\libc_nano.a(libc_a-errno.o)
                0x080064f4                __errno
 .text.__libc_init_array
                0x08006500       0x48 C:/ST/STM32CubeIDE_1.16.1/STM32CubeIDE/plugins/com.st.stm32cube.ide.mcu.externaltools.gnu-tools-for-stm32.13.3.rel1.win32_1.0.0.202411081344/tools/bin/../lib/gcc/arm-none-eabi/13.3.1/../../../../arm-none-eabi/lib/thumb/v7e-m+fp/hard\libc_nano.a(libc_a-init.o)
                0x08006500                __libc_init_array
 .text.__retarget_lock_acquire_recursive
                0x08006548        0x2 C:/ST/STM32CubeIDE_1.16.1/STM32CubeIDE/plugins/com.st.stm32cube.ide.mcu.externaltools.gnu-tools-for-stm32.13.3.rel1.win32_1.0.0.202411081344/tools/bin/../lib/gcc/arm-none-eabi/13.3.1/../../../../arm-none-eabi/lib/thumb/v7e-m+fp/hard\libc_nano.a(libc_a-lock.o)
                0x08006548                __retarget_lock_acquire_recursive
 .text.__retarget_lock_release_recursive
                0x0800654a        0x2 C:/ST/STM32CubeIDE_1.16.1/STM32CubeIDE/plugins/com.st.stm32cube.ide.mcu.externaltools.gnu-tools-for-stm32.13.3.rel1.win32_1.0.0.202411081344/tools/bin/../lib/gcc/arm-none-eabi/13.3.1/../../../../arm-none-eabi/lib/thumb/v7e-m+fp/hard\libc_nano.a(libc_a-lock.o)
                0x0800654a                __retarget_lock_release_recursive
 .text.memcpy   0x0800654c       0x1c C:/ST/STM32CubeIDE_1.16.1/STM32CubeIDE/plugins/com.st.stm32cube.ide.mcu.externaltools.gnu-tools-for-stm32.13.3.rel1.win32_1.0.0.202411081344/tools/bin/../lib/gcc/arm-none-eabi/13.3.1/../../../../arm-none-eabi/lib/thumb/v7e-m+fp/hard\libc_nano.a(libc_a-memcpy-stub.o)
                0x0800654c                memcpy
 .text._free_r  0x08006568       0x94 C:/ST/STM32CubeIDE_1.16.1/STM32CubeIDE/plugins/com.st.stm32cube.ide.mcu.externaltools.gnu-tools-for-stm32.13.3.rel1.win32_1.0.0.202411081344/tools/bin/../lib/gcc/arm-none-eabi/13.3.1/../../../../arm-none-eabi/lib/thumb/v7e-m+fp/hard\libc_nano.a(libc_a-freer.o)
                0x08006568                _free_r
 .text.sbrk_aligned
                0x080065fc       0x44 C:/ST/STM32CubeIDE_1.16.1/STM32CubeIDE/plugins/com.st.stm32cube.ide.mcu.externaltools.gnu-tools-for-stm32.13.3.rel1.win32_1.0.0.202411081344/tools/bin/../lib/gcc/arm-none-eabi/13.3.1/../../../../arm-none-eabi/lib/thumb/v7e-m+fp/hard\libc_nano.a(libc_a-mallocr.o)
 .text._malloc_r
                0x08006640      0x100 C:/ST/STM32CubeIDE_1.16.1/STM32CubeIDE/plugins/com.st.stm32cube.ide.mcu.externaltools.gnu-tools-for-stm32.13.3.rel1.win32_1.0.0.202411081344/tools/bin/../lib/gcc/arm-none-eabi/13.3.1/../../../../arm-none-eabi/lib/thumb/v7e-m+fp/hard\libc_nano.a(libc_a-mallocr.o)
                0x08006640                _malloc_r
 .text.__malloc_lock
                0x08006740        0xc C:/ST/STM32CubeIDE_1.16.1/STM32CubeIDE/plugins/com.st.stm32cube.ide.mcu.externaltools.gnu-tools-for-stm32.13.3.rel1.win32_1.0.0.202411081344/tools/bin/../lib/gcc/arm-none-eabi/13.3.1/../../../../arm-none-eabi/lib/thumb/v7e-m+fp/hard\libc_nano.a(libc_a-mlock.o)
                0x08006740                __malloc_lock
 .text.__malloc_unlock
                0x0800674c        0xc C:/ST/STM32CubeIDE_1.16.1/STM32CubeIDE/plugins/com.st.stm32cube.ide.mcu.externaltools.gnu-tools-for-stm32.13.3.rel1.win32_1.0.0.202411081344/tools/bin/../lib/gcc/arm-none-eabi/13.3.1/../../../../arm-none-eabi/lib/thumb/v7e-m+fp/hard\libc_nano.a(libc_a-mlock.o)
                0x0800674c                __malloc_unlock
 .text.__ssputs_r
                0x08006758       0xb6 C:/ST/STM32CubeIDE_1.16.1/STM32CubeIDE/plugins/com.st.stm32cube.ide.mcu.externaltools.gnu-tools-for-stm32.13.3.rel1.win32_1.0.0.202411081344/tools/bin/../lib/gcc/arm-none-eabi/13.3.1/../../../../arm-none-eabi/lib/thumb/v7e-m+fp/hard\libc_nano.a(libc_a-nano-svfprintf.o)
                0x08006758                __ssputs_r
 *fill*         0x0800680e        0x2 
 .text._svfprintf_r
                0x08006810      0x1f8 C:/ST/STM32CubeIDE_1.16.1/STM32CubeIDE/plugins/com.st.stm32cube.ide.mcu.externaltools.gnu-tools-for-stm32.13.3.rel1.win32_1.0.0.202411081344/tools/bin/../lib/gcc/arm-none-eabi/13.3.1/../../../../arm-none-eabi/lib/thumb/v7e-m+fp/hard\libc_nano.a(libc_a-nano-svfprintf.o)
                0x08006810                _svfiprintf_r
                0x08006810                _svfprintf_r
 .text._printf_common
                0x08006a08       0xda C:/ST/STM32CubeIDE_1.16.1/STM32CubeIDE/plugins/com.st.stm32cube.ide.mcu.externaltools.gnu-tools-for-stm32.13.3.rel1.win32_1.0.0.202411081344/tools/bin/../lib/gcc/arm-none-eabi/13.3.1/../../../../arm-none-eabi/lib/thumb/v7e-m+fp/hard\libc_nano.a(libc_a-nano-vfprintf_i.o)
                0x08006a08                _printf_common
 *fill*         0x08006ae2        0x2 
 .text._printf_i
                0x08006ae4      0x23c C:/ST/STM32CubeIDE_1.16.1/STM32CubeIDE/plugins/com.st.stm32cube.ide.mcu.externaltools.gnu-tools-for-stm32.13.3.rel1.win32_1.0.0.202411081344/tools/bin/../lib/gcc/arm-none-eabi/13.3.1/../../../../arm-none-eabi/lib/thumb/v7e-m+fp/hard\libc_nano.a(libc_a-nano-vfprintf_i.o)
                0x08006ae4                _printf_i
 .text.memmove  0x08006d20       0x34 C:/ST/STM32CubeIDE_1.16.1/STM32CubeIDE/plugins/com.st.stm32cube.ide.mcu.externaltools.gnu-tools-for-stm32.13.3.rel1.win32_1.0.0.202411081344/tools/bin/../lib/gcc/arm-none-eabi/13.3.1/../../../../arm-none-eabi/lib/thumb/v7e-m+fp/hard\libc_nano.a(libc_a-memmove.o)
                0x08006d20                memmove
 .text._sbrk_r  0x08006d54       0x20 C:/ST/STM32CubeIDE_1.16.1/STM32CubeIDE/plugins/com.st.stm32cube.ide.mcu.externaltools.gnu-tools-for-stm32.13.3.rel1.win32_1.0.0.202411081344/tools/bin/../lib/gcc/arm-none-eabi/13.3.1/../../../../arm-none-eabi/lib/thumb/v7e-m+fp/hard\libc_nano.a(libc_a-sbrkr.o)
                0x08006d54                _sbrk_r
 .text._realloc_r
                0x08006d74       0x5c C:/ST/STM32CubeIDE_1.16.1/STM32CubeIDE/plugins/com.st.stm32cube.ide.mcu.externaltools.gnu-tools-for-stm32.13.3.rel1.win32_1.0.0.202411081344/tools/bin/../lib/gcc/arm-none-eabi/13.3.1/../../../../arm-none-eabi/lib/thumb/v7e-m+fp/hard\libc_nano.a(libc_a-reallocr.o)
                0x08006d74                _realloc_r
 .text._malloc_usable_size_r
                0x08006dd0       0x10 C:/ST/STM32CubeIDE_1.16.1/STM32CubeIDE/plugins/com.st.stm32cube.ide.mcu.externaltools.gnu-tools-for-stm32.13.3.rel1.win32_1.0.0.202411081344/tools/bin/../lib/gcc/arm-none-eabi/13.3.1/../../../../arm-none-eabi/lib/thumb/v7e-m+fp/hard\libc_nano.a(libc_a-msizer.o)
                0x08006dd0                _malloc_usable_size_r
 *(.glue_7)
 .glue_7        0x08006de0        0x0 linker stubs
 *(.glue_7t)
 .glue_7t       0x08006de0        0x0 linker stubs
 *(.eh_frame)
 .eh_frame      0x08006de0        0x0 C:/ST/STM32CubeIDE_1.16.1/STM32CubeIDE/plugins/com.st.stm32cube.ide.mcu.externaltools.gnu-tools-for-stm32.13.3.rel1.win32_1.0.0.202411081344/tools/bin/../lib/gcc/arm-none-eabi/13.3.1/thumb/v7e-m+fp/hard/crtbegin.o
 *(.init)
 .init          0x08006de0        0x4 C:/ST/STM32CubeIDE_1.16.1/STM32CubeIDE/plugins/com.st.stm32cube.ide.mcu.externaltools.gnu-tools-for-stm32.13.3.rel1.win32_1.0.0.202411081344/tools/bin/../lib/gcc/arm-none-eabi/13.3.1/thumb/v7e-m+fp/hard/crti.o
                0x08006de0                _init
 .init          0x08006de4        0x8 C:/ST/STM32CubeIDE_1.16.1/STM32CubeIDE/plugins/com.st.stm32cube.ide.mcu.externaltools.gnu-tools-for-stm32.13.3.rel1.win32_1.0.0.202411081344/tools/bin/../lib/gcc/arm-none-eabi/13.3.1/thumb/v7e-m+fp/hard/crtn.o
 *(.fini)
 .fini          0x08006dec        0x4 C:/ST/STM32CubeIDE_1.16.1/STM32CubeIDE/plugins/com.st.stm32cube.ide.mcu.externaltools.gnu-tools-for-stm32.13.3.rel1.win32_1.0.0.202411081344/tools/bin/../lib/gcc/arm-none-eabi/13.3.1/thumb/v7e-m+fp/hard/crti.o
                0x08006dec                _fini
 .fini          0x08006df0        0x8 C:/ST/STM32CubeIDE_1.16.1/STM32CubeIDE/plugins/com.st.stm32cube.ide.mcu.externaltools.gnu-tools-for-stm32.13.3.rel1.win32_1.0.0.202411081344/tools/bin/../lib/gcc/arm-none-eabi/13.3.1/thumb/v7e-m+fp/hard/crtn.o
                0x08006df8                        . = ALIGN (0x4)
                0x08006df8                        _etext = .

.vfp11_veneer   0x08006df8        0x0
 .vfp11_veneer  0x08006df8        0x0 linker stubs

.v4_bx          0x08006df8        0x0
 .v4_bx         0x08006df8        0x0 linker stubs

.iplt           0x08006df8        0x0
 .iplt          0x08006df8        0x0 C:/ST/STM32CubeIDE_1.16.1/STM32CubeIDE/plugins/com.st.stm32cube.ide.mcu.externaltools.gnu-tools-for-stm32.13.3.rel1.win32_1.0.0.202411081344/tools/bin/../lib/gcc/arm-none-eabi/13.3.1/thumb/v7e-m+fp/hard/crtbegin.o

.rodata         0x08006df8       0x8c
                0x08006df8                        . = ALIGN (0x4)
 *(.rodata)
 .rodata        0x08006df8       0x37 ./Core/Src/main.o
 *fill*         0x08006e2f        0x1 
 .rodata        0x08006e30        0x5 ./Middlewares/Third_Party/FreeRTOS/Source/tasks.o
 *(.rodata*)
 *fill*         0x08006e35        0x3 
 .rodata.AHBPrescTable
                0x08006e38       0x10 ./Core/Src/system_stm32f4xx.o
                0x08006e38                AHBPrescTable
 .rodata.APBPrescTable
                0x08006e48        0x8 ./Core/Src/system_stm32f4xx.o
                0x08006e48                APBPrescTable
 .rodata._svfprintf_r.str1.1
                0x08006e50       0x33 C:/ST/STM32CubeIDE_1.16.1/STM32CubeIDE/plugins/com.st.stm32cube.ide.mcu.externaltools.gnu-tools-for-stm32.13.3.rel1.win32_1.0.0.202411081344/tools/bin/../lib/gcc/arm-none-eabi/13.3.1/../../../../arm-none-eabi/lib/thumb/v7e-m+fp/hard\libc_nano.a(libc_a-nano-svfprintf.o)
                                 0x11 (size before relaxing)
 .rodata._printf_i.str1.1
                0x08006e83       0x22 C:/ST/STM32CubeIDE_1.16.1/STM32CubeIDE/plugins/com.st.stm32cube.ide.mcu.externaltools.gnu-tools-for-stm32.13.3.rel1.win32_1.0.0.202411081344/tools/bin/../lib/gcc/arm-none-eabi/13.3.1/../../../../arm-none-eabi/lib/thumb/v7e-m+fp/hard\libc_nano.a(libc_a-nano-vfprintf_i.o)
                0x08006ea8                        . = ALIGN (0x4)
 *fill*         0x08006e83        0x1 

.ARM.extab      0x08006e84        0x0
                0x08006e84                        . = ALIGN (0x4)
 *(.ARM.extab* .gnu.linkonce.armextab.*)
                0x08006e84                        . = ALIGN (0x4)

.ARM            0x08006e84        0x8
                0x08006e84                        . = ALIGN (0x4)
                0x08006e84                        __exidx_start = .
 *(.ARM.exidx*)
 .ARM.exidx     0x08006e84        0x8 C:/ST/STM32CubeIDE_1.16.1/STM32CubeIDE/plugins/com.st.stm32cube.ide.mcu.externaltools.gnu-tools-for-stm32.13.3.rel1.win32_1.0.0.202411081344/tools/bin/../lib/gcc/arm-none-eabi/13.3.1/../../../../arm-none-eabi/lib/thumb/v7e-m+fp/hard\libc_nano.a(libc_a-memchr.o)
 .ARM.exidx     0x08006e8c        0x0 C:/ST/STM32CubeIDE_1.16.1/STM32CubeIDE/plugins/com.st.stm32cube.ide.mcu.externaltools.gnu-tools-for-stm32.13.3.rel1.win32_1.0.0.202411081344/tools/bin/../lib/gcc/arm-none-eabi/13.3.1/thumb/v7e-m+fp/hard\libgcc.a(_udivmoddi4.o)
                                  0x8 (size before relaxing)
                0x08006e8c                        __exidx_end = .
                0x08006e8c                        . = ALIGN (0x4)

.preinit_array  0x08006e8c        0x0
                0x08006e8c                        . = ALIGN (0x4)
                0x08006e8c                        PROVIDE (__preinit_array_start = .)
 *(.preinit_array*)
                0x08006e8c                        PROVIDE (__preinit_array_end = .)
                0x08006e8c                        . = ALIGN (0x4)

.init_array     0x08006e8c        0x4
                0x08006e8c                        . = ALIGN (0x4)
                0x08006e8c                        PROVIDE (__init_array_start = .)
 *(SORT_BY_NAME(.init_array.*))
 *(.init_array*)
 .init_array    0x08006e8c        0x4 C:/ST/STM32CubeIDE_1.16.1/STM32CubeIDE/plugins/com.st.stm32cube.ide.mcu.externaltools.gnu-tools-for-stm32.13.3.rel1.win32_1.0.0.202411081344/tools/bin/../lib/gcc/arm-none-eabi/13.3.1/thumb/v7e-m+fp/hard/crtbegin.o
                0x08006e90                        PROVIDE (__init_array_end = .)
                0x08006e90                        . = ALIGN (0x4)

.fini_array     0x08006e90        0x4
                0x08006e90                        . = ALIGN (0x4)
                [!provide]                        PROVIDE (__fini_array_start = .)
 *(SORT_BY_NAME(.fini_array.*))
 *(.fini_array*)
 .fini_array    0x08006e90        0x4 C:/ST/STM32CubeIDE_1.16.1/STM32CubeIDE/plugins/com.st.stm32cube.ide.mcu.externaltools.gnu-tools-for-stm32.13.3.rel1.win32_1.0.0.202411081344/tools/bin/../lib/gcc/arm-none-eabi/13.3.1/thumb/v7e-m+fp/hard/crtbegin.o
                [!provide]                        PROVIDE (__fini_array_end = .)
                0x08006e94                        . = ALIGN (0x4)
                0x08006e94                        _sidata = LOADADDR (.data)

.rel.dyn        0x08006e94        0x0
 .rel.iplt      0x08006e94        0x0 C:/ST/STM32CubeIDE_1.16.1/STM32CubeIDE/plugins/com.st.stm32cube.ide.mcu.externaltools.gnu-tools-for-stm32.13.3.rel1.win32_1.0.0.202411081344/tools/bin/../lib/gcc/arm-none-eabi/13.3.1/thumb/v7e-m+fp/hard/crtbegin.o

.data           0x20000000       0x78 load address 0x08006e94
                0x20000000                        . = ALIGN (0x4)
                0x20000000                        _sdata = .
 *(.data)
 *(.data*)
 .data.nrf1     0x20000000       0x18 ./Core/Src/main.o
                0x20000000                nrf1
 .data.SystemCoreClock
                0x20000018        0x4 ./Core/Src/system_stm32f4xx.o
                0x20000018                SystemCoreClock
 .data.uwTickPrio
                0x2000001c        0x4 ./Drivers/STM32F4xx_HAL_Driver/Src/stm32f4xx_hal.o
                0x2000001c                uwTickPrio
 .data.uwTickFreq
                0x20000020        0x1 ./Drivers/STM32F4xx_HAL_Driver/Src/stm32f4xx_hal.o
                0x20000020                uwTickFreq
 *fill*         0x20000021        0x3 
 .data.uxCriticalNesting
                0x20000024        0x4 ./Middlewares/Third_Party/FreeRTOS/Source/portable/GCC/ARM_CM4F/port.o
 .data._impure_ptr
                0x20000028        0x4 C:/ST/STM32CubeIDE_1.16.1/STM32CubeIDE/plugins/com.st.stm32cube.ide.mcu.externaltools.gnu-tools-for-stm32.13.3.rel1.win32_1.0.0.202411081344/tools/bin/../lib/gcc/arm-none-eabi/13.3.1/../../../../arm-none-eabi/lib/thumb/v7e-m+fp/hard\libc_nano.a(libc_a-impure.o)
                0x20000028                _impure_ptr
 .data._impure_data
                0x2000002c       0x4c C:/ST/STM32CubeIDE_1.16.1/STM32CubeIDE/plugins/com.st.stm32cube.ide.mcu.externaltools.gnu-tools-for-stm32.13.3.rel1.win32_1.0.0.202411081344/tools/bin/../lib/gcc/arm-none-eabi/13.3.1/../../../../arm-none-eabi/lib/thumb/v7e-m+fp/hard\libc_nano.a(libc_a-impure.o)
                0x2000002c                _impure_data
 *(.RamFunc)
 *(.RamFunc*)
                0x20000078                        . = ALIGN (0x4)
                0x20000078                        _edata = .

.igot.plt       0x20000078        0x0 load address 0x08006f0c
 .igot.plt      0x20000078        0x0 C:/ST/STM32CubeIDE_1.16.1/STM32CubeIDE/plugins/com.st.stm32cube.ide.mcu.externaltools.gnu-tools-for-stm32.13.3.rel1.win32_1.0.0.202411081344/tools/bin/../lib/gcc/arm-none-eabi/13.3.1/thumb/v7e-m+fp/hard/crtbegin.o
                0x20000078                        . = ALIGN (0x4)

.bss            0x20000078     0x4634 load address 0x08006f0c
                0x20000078                        _sbss = .
                0x20000078                        __bss_start__ = _sbss
 *(.bss)
 .bss           0x20000078       0x1c C:/ST/STM32CubeIDE_1.16.1/STM32CubeIDE/plugins/com.st.stm32cube.ide.mcu.externaltools.gnu-tools-for-stm32.13.3.rel1.win32_1.0.0.202411081344/tools/bin/../lib/gcc/arm-none-eabi/13.3.1/thumb/v7e-m+fp/hard/crtbegin.o
 *(.bss*)
 .bss.xIdleTaskTCBBuffer
                0x20000094       0xa0 ./Core/Src/freertos.o
 .bss.xIdleStack
                0x20000134      0x200 ./Core/Src/freertos.o
 .bss.hspi1     0x20000334       0x58 ./Core/Src/main.o
                0x20000334                hspi1
 .bss.hspi2     0x2000038c       0x58 ./Core/Src/main.o
                0x2000038c                hspi2
 .bss.htim2     0x200003e4       0x48 ./Core/Src/main.o
                0x200003e4                htim2
 .bss.htim3     0x2000042c       0x48 ./Core/Src/main.o
                0x2000042c                htim3
 .bss.huart1    0x20000474       0x48 ./Core/Src/main.o
                0x20000474                huart1
 .bss.defaultTaskHandle
                0x200004bc        0x4 ./Core/Src/main.o
                0x200004bc                defaultTaskHandle
 .bss.spi_rx    0x200004c0       0x20 ./Core/Src/main.o
                0x200004c0                spi_rx
 .bss.spi_tx    0x200004e0       0x20 ./Core/Src/main.o
                0x200004e0                spi_tx
 .bss.timer3_flag
                0x20000500        0x1 ./Core/Src/main.o
                0x20000500                timer3_flag
 *fill*         0x20000501        0x3 
 .bss.speed     0x20000504       0x10 ./Core/Src/main.o
                0x20000504                speed
 .bss.pitch     0x20000514       0x54 ./Core/Src/main.o
                0x20000514                pitch
 .bss.pitch_rate
                0x20000568       0x54 ./Core/Src/main.o
                0x20000568                pitch_rate
 .bss.roll      0x200005bc       0x54 ./Core/Src/main.o
                0x200005bc                roll
 .bss.roll_rate
                0x20000610       0x54 ./Core/Src/main.o
                0x20000610                roll_rate
 .bss.yaw       0x20000664       0x54 ./Core/Src/main.o
                0x20000664                yaw
 .bss.yaw_rate  0x200006b8       0x54 ./Core/Src/main.o
                0x200006b8                yaw_rate
 .bss.high      0x2000070c       0x54 ./Core/Src/main.o
                0x2000070c                high
 .bss.calculation
                0x20000760       0x38 ./Core/Src/main.o
                0x20000760                calculation
 .bss.control   0x20000798       0x16 ./Core/Src/main.o
                0x20000798                control
 *fill*         0x200007ae        0x2 
 .bss.ESC_Handle
                0x200007b0        0x4 ./Core/Src/main.o
                0x200007b0                ESC_Handle
 .bss.NRF_Handle
                0x200007b4        0x4 ./Core/Src/main.o
                0x200007b4                NRF_Handle
 .bss.a         0x200007b8        0x4 ./Core/Src/main.o
                0x200007b8                a
 .bss.nrfmode   0x200007bc        0x1 ./Core/Src/nrf24L01.o
 *fill*         0x200007bd        0x3 
 .bss.htim1     0x200007c0       0x48 ./Core/Src/stm32f4xx_hal_timebase_tim.o
                0x200007c0                htim1
 .bss.__sbrk_heap_end
                0x20000808        0x4 ./Core/Src/sysmem.o
 .bss.uwTick    0x2000080c        0x4 ./Drivers/STM32F4xx_HAL_Driver/Src/stm32f4xx_hal.o
                0x2000080c                uwTick
 .bss.pxCurrentTCB
                0x20000810        0x4 ./Middlewares/Third_Party/FreeRTOS/Source/tasks.o
                0x20000810                pxCurrentTCB
 .bss.pxReadyTasksLists
                0x20000814       0x8c ./Middlewares/Third_Party/FreeRTOS/Source/tasks.o
 .bss.xDelayedTaskList1
                0x200008a0       0x14 ./Middlewares/Third_Party/FreeRTOS/Source/tasks.o
 .bss.xDelayedTaskList2
                0x200008b4       0x14 ./Middlewares/Third_Party/FreeRTOS/Source/tasks.o
 .bss.pxDelayedTaskList
                0x200008c8        0x4 ./Middlewares/Third_Party/FreeRTOS/Source/tasks.o
 .bss.pxOverflowDelayedTaskList
                0x200008cc        0x4 ./Middlewares/Third_Party/FreeRTOS/Source/tasks.o
 .bss.xPendingReadyList
                0x200008d0       0x14 ./Middlewares/Third_Party/FreeRTOS/Source/tasks.o
 .bss.xTasksWaitingTermination
                0x200008e4       0x14 ./Middlewares/Third_Party/FreeRTOS/Source/tasks.o
 .bss.uxDeletedTasksWaitingCleanUp
                0x200008f8        0x4 ./Middlewares/Third_Party/FreeRTOS/Source/tasks.o
 .bss.xSuspendedTaskList
                0x200008fc       0x14 ./Middlewares/Third_Party/FreeRTOS/Source/tasks.o
 .bss.uxCurrentNumberOfTasks
                0x20000910        0x4 ./Middlewares/Third_Party/FreeRTOS/Source/tasks.o
 .bss.xTickCount
                0x20000914        0x4 ./Middlewares/Third_Party/FreeRTOS/Source/tasks.o
 .bss.uxTopReadyPriority
                0x20000918        0x4 ./Middlewares/Third_Party/FreeRTOS/Source/tasks.o
 .bss.xSchedulerRunning
                0x2000091c        0x4 ./Middlewares/Third_Party/FreeRTOS/Source/tasks.o
 .bss.xPendedTicks
                0x20000920        0x4 ./Middlewares/Third_Party/FreeRTOS/Source/tasks.o
 .bss.xYieldPending
                0x20000924        0x4 ./Middlewares/Third_Party/FreeRTOS/Source/tasks.o
 .bss.xNumOfOverflows
                0x20000928        0x4 ./Middlewares/Third_Party/FreeRTOS/Source/tasks.o
 .bss.uxTaskNumber
                0x2000092c        0x4 ./Middlewares/Third_Party/FreeRTOS/Source/tasks.o
 .bss.xNextTaskUnblockTime
                0x20000930        0x4 ./Middlewares/Third_Party/FreeRTOS/Source/tasks.o
 .bss.xIdleTaskHandle
                0x20000934        0x4 ./Middlewares/Third_Party/FreeRTOS/Source/tasks.o
 .bss.uxSchedulerSuspended
                0x20000938        0x4 ./Middlewares/Third_Party/FreeRTOS/Source/tasks.o
 .bss.ucMaxSysCallPriority
                0x2000093c        0x1 ./Middlewares/Third_Party/FreeRTOS/Source/portable/GCC/ARM_CM4F/port.o
 *fill*         0x2000093d        0x3 
 .bss.ulMaxPRIGROUPValue
                0x20000940        0x4 ./Middlewares/Third_Party/FreeRTOS/Source/portable/GCC/ARM_CM4F/port.o
 .bss.ucHeap    0x20000944     0x3c00 ./Middlewares/Third_Party/FreeRTOS/Source/portable/MemMang/heap_4.o
 .bss.xStart    0x20004544        0x8 ./Middlewares/Third_Party/FreeRTOS/Source/portable/MemMang/heap_4.o
 .bss.pxEnd     0x2000454c        0x4 ./Middlewares/Third_Party/FreeRTOS/Source/portable/MemMang/heap_4.o
 .bss.xFreeBytesRemaining
                0x20004550        0x4 ./Middlewares/Third_Party/FreeRTOS/Source/portable/MemMang/heap_4.o
 .bss.xMinimumEverFreeBytesRemaining
                0x20004554        0x4 ./Middlewares/Third_Party/FreeRTOS/Source/portable/MemMang/heap_4.o
 .bss.xNumberOfSuccessfulAllocations
                0x20004558        0x4 ./Middlewares/Third_Party/FreeRTOS/Source/portable/MemMang/heap_4.o
 .bss.xNumberOfSuccessfulFrees
                0x2000455c        0x4 ./Middlewares/Third_Party/FreeRTOS/Source/portable/MemMang/heap_4.o
 .bss.xBlockAllocatedBit
                0x20004560        0x4 ./Middlewares/Third_Party/FreeRTOS/Source/portable/MemMang/heap_4.o
 .bss.__sf      0x20004564      0x138 C:/ST/STM32CubeIDE_1.16.1/STM32CubeIDE/plugins/com.st.stm32cube.ide.mcu.externaltools.gnu-tools-for-stm32.13.3.rel1.win32_1.0.0.202411081344/tools/bin/../lib/gcc/arm-none-eabi/13.3.1/../../../../arm-none-eabi/lib/thumb/v7e-m+fp/hard\libc_nano.a(libc_a-findfp.o)
                0x20004564                __sf
 .bss.errno     0x2000469c        0x4 C:/ST/STM32CubeIDE_1.16.1/STM32CubeIDE/plugins/com.st.stm32cube.ide.mcu.externaltools.gnu-tools-for-stm32.13.3.rel1.win32_1.0.0.202411081344/tools/bin/../lib/gcc/arm-none-eabi/13.3.1/../../../../arm-none-eabi/lib/thumb/v7e-m+fp/hard\libc_nano.a(libc_a-reent.o)
                0x2000469c                errno
 .bss.__lock___malloc_recursive_mutex
                0x200046a0        0x1 C:/ST/STM32CubeIDE_1.16.1/STM32CubeIDE/plugins/com.st.stm32cube.ide.mcu.externaltools.gnu-tools-for-stm32.13.3.rel1.win32_1.0.0.202411081344/tools/bin/../lib/gcc/arm-none-eabi/13.3.1/../../../../arm-none-eabi/lib/thumb/v7e-m+fp/hard\libc_nano.a(libc_a-lock.o)
                0x200046a0                __lock___malloc_recursive_mutex
 *fill*         0x200046a1        0x3 
 .bss.__malloc_sbrk_start
                0x200046a4        0x4 C:/ST/STM32CubeIDE_1.16.1/STM32CubeIDE/plugins/com.st.stm32cube.ide.mcu.externaltools.gnu-tools-for-stm32.13.3.rel1.win32_1.0.0.202411081344/tools/bin/../lib/gcc/arm-none-eabi/13.3.1/../../../../arm-none-eabi/lib/thumb/v7e-m+fp/hard\libc_nano.a(libc_a-mallocr.o)
                0x200046a4                __malloc_sbrk_start
 .bss.__malloc_free_list
                0x200046a8        0x4 C:/ST/STM32CubeIDE_1.16.1/STM32CubeIDE/plugins/com.st.stm32cube.ide.mcu.externaltools.gnu-tools-for-stm32.13.3.rel1.win32_1.0.0.202411081344/tools/bin/../lib/gcc/arm-none-eabi/13.3.1/../../../../arm-none-eabi/lib/thumb/v7e-m+fp/hard\libc_nano.a(libc_a-mallocr.o)
                0x200046a8                __malloc_free_list
 *(COMMON)
                0x200046ac                        . = ALIGN (0x4)
                0x200046ac                        _ebss = .
                0x200046ac                        __bss_end__ = _ebss

._user_heap_stack
                0x200046ac      0x604 load address 0x08006f0c
                0x200046b0                        . = ALIGN (0x8)
 *fill*         0x200046ac        0x4 
                [!provide]                        PROVIDE (end = .)
                0x200046b0                        PROVIDE (_end = .)
                0x200048b0                        . = (. + _Min_Heap_Size)
 *fill*         0x200046b0      0x200 
                0x20004cb0                        . = (. + _Min_Stack_Size)
 *fill*         0x200048b0      0x400 
                0x20004cb0                        . = ALIGN (0x8)

/DISCARD/
 libc.a(*)
 libm.a(*)
 libgcc.a(*)

.ARM.attributes
                0x00000000       0x30
 *(.ARM.attributes)
 .ARM.attributes
                0x00000000       0x22 C:/ST/STM32CubeIDE_1.16.1/STM32CubeIDE/plugins/com.st.stm32cube.ide.mcu.externaltools.gnu-tools-for-stm32.13.3.rel1.win32_1.0.0.202411081344/tools/bin/../lib/gcc/arm-none-eabi/13.3.1/thumb/v7e-m+fp/hard/crti.o
 .ARM.attributes
                0x00000022       0x34 C:/ST/STM32CubeIDE_1.16.1/STM32CubeIDE/plugins/com.st.stm32cube.ide.mcu.externaltools.gnu-tools-for-stm32.13.3.rel1.win32_1.0.0.202411081344/tools/bin/../lib/gcc/arm-none-eabi/13.3.1/thumb/v7e-m+fp/hard/crtbegin.o
 .ARM.attributes
                0x00000056       0x34 ./Core/Src/Drone_control.o
 .ARM.attributes
                0x0000008a       0x34 ./Core/Src/Oneshot125_Esc_Control.o
 .ARM.attributes
                0x000000be       0x34 ./Core/Src/PID.o
 .ARM.attributes
                0x000000f2       0x34 ./Core/Src/freertos.o
 .ARM.attributes
                0x00000126       0x34 ./Core/Src/main.o
 .ARM.attributes
                0x0000015a       0x34 ./Core/Src/nrf24L01.o
 .ARM.attributes
                0x0000018e       0x34 ./Core/Src/stm32f4xx_hal_msp.o
 .ARM.attributes
                0x000001c2       0x34 ./Core/Src/stm32f4xx_hal_timebase_tim.o
 .ARM.attributes
                0x000001f6       0x34 ./Core/Src/stm32f4xx_it.o
 .ARM.attributes
                0x0000022a       0x34 ./Core/Src/sysmem.o
 .ARM.attributes
                0x0000025e       0x34 ./Core/Src/system_stm32f4xx.o
 .ARM.attributes
                0x00000292       0x21 ./Core/Startup/startup_stm32f411ceux.o
 .ARM.attributes
                0x000002b3       0x34 ./Drivers/STM32F4xx_HAL_Driver/Src/stm32f4xx_hal.o
 .ARM.attributes
                0x000002e7       0x34 ./Drivers/STM32F4xx_HAL_Driver/Src/stm32f4xx_hal_cortex.o
 .ARM.attributes
                0x0000031b       0x34 ./Drivers/STM32F4xx_HAL_Driver/Src/stm32f4xx_hal_gpio.o
 .ARM.attributes
                0x0000034f       0x34 ./Drivers/STM32F4xx_HAL_Driver/Src/stm32f4xx_hal_rcc.o
 .ARM.attributes
                0x00000383       0x34 ./Drivers/STM32F4xx_HAL_Driver/Src/stm32f4xx_hal_spi.o
 .ARM.attributes
                0x000003b7       0x34 ./Drivers/STM32F4xx_HAL_Driver/Src/stm32f4xx_hal_tim.o
 .ARM.attributes
                0x000003eb       0x34 ./Drivers/STM32F4xx_HAL_Driver/Src/stm32f4xx_hal_tim_ex.o
 .ARM.attributes
                0x0000041f       0x34 ./Drivers/STM32F4xx_HAL_Driver/Src/stm32f4xx_hal_uart.o
 .ARM.attributes
                0x00000453       0x34 ./Middlewares/Third_Party/FreeRTOS/Source/CMSIS_RTOS/cmsis_os.o
 .ARM.attributes
                0x00000487       0x34 ./Middlewares/Third_Party/FreeRTOS/Source/list.o
 .ARM.attributes
                0x000004bb       0x34 ./Middlewares/Third_Party/FreeRTOS/Source/tasks.o
 .ARM.attributes
                0x000004ef       0x34 ./Middlewares/Third_Party/FreeRTOS/Source/portable/GCC/ARM_CM4F/port.o
 .ARM.attributes
                0x00000523       0x34 ./Middlewares/Third_Party/FreeRTOS/Source/portable/MemMang/heap_4.o
 .ARM.attributes
                0x00000557       0x34 C:/ST/STM32CubeIDE_1.16.1/STM32CubeIDE/plugins/com.st.stm32cube.ide.mcu.externaltools.gnu-tools-for-stm32.13.3.rel1.win32_1.0.0.202411081344/tools/bin/../lib/gcc/arm-none-eabi/13.3.1/../../../../arm-none-eabi/lib/thumb/v7e-m+fp/hard\libc_nano.a(libc_a-findfp.o)
 .ARM.attributes
                0x0000058b       0x34 C:/ST/STM32CubeIDE_1.16.1/STM32CubeIDE/plugins/com.st.stm32cube.ide.mcu.externaltools.gnu-tools-for-stm32.13.3.rel1.win32_1.0.0.202411081344/tools/bin/../lib/gcc/arm-none-eabi/13.3.1/../../../../arm-none-eabi/lib/thumb/v7e-m+fp/hard\libc_nano.a(libc_a-sprintf.o)
 .ARM.attributes
                0x000005bf       0x34 C:/ST/STM32CubeIDE_1.16.1/STM32CubeIDE/plugins/com.st.stm32cube.ide.mcu.externaltools.gnu-tools-for-stm32.13.3.rel1.win32_1.0.0.202411081344/tools/bin/../lib/gcc/arm-none-eabi/13.3.1/../../../../arm-none-eabi/lib/thumb/v7e-m+fp/hard\libc_nano.a(libc_a-memset.o)
 .ARM.attributes
                0x000005f3       0x34 C:/ST/STM32CubeIDE_1.16.1/STM32CubeIDE/plugins/com.st.stm32cube.ide.mcu.externaltools.gnu-tools-for-stm32.13.3.rel1.win32_1.0.0.202411081344/tools/bin/../lib/gcc/arm-none-eabi/13.3.1/../../../../arm-none-eabi/lib/thumb/v7e-m+fp/hard\libc_nano.a(libc_a-reent.o)
 .ARM.attributes
                0x00000627       0x34 C:/ST/STM32CubeIDE_1.16.1/STM32CubeIDE/plugins/com.st.stm32cube.ide.mcu.externaltools.gnu-tools-for-stm32.13.3.rel1.win32_1.0.0.202411081344/tools/bin/../lib/gcc/arm-none-eabi/13.3.1/../../../../arm-none-eabi/lib/thumb/v7e-m+fp/hard\libc_nano.a(libc_a-impure.o)
 .ARM.attributes
                0x0000065b       0x34 C:/ST/STM32CubeIDE_1.16.1/STM32CubeIDE/plugins/com.st.stm32cube.ide.mcu.externaltools.gnu-tools-for-stm32.13.3.rel1.win32_1.0.0.202411081344/tools/bin/../lib/gcc/arm-none-eabi/13.3.1/../../../../arm-none-eabi/lib/thumb/v7e-m+fp/hard\libc_nano.a(libc_a-errno.o)
 .ARM.attributes
                0x0000068f       0x34 C:/ST/STM32CubeIDE_1.16.1/STM32CubeIDE/plugins/com.st.stm32cube.ide.mcu.externaltools.gnu-tools-for-stm32.13.3.rel1.win32_1.0.0.202411081344/tools/bin/../lib/gcc/arm-none-eabi/13.3.1/../../../../arm-none-eabi/lib/thumb/v7e-m+fp/hard\libc_nano.a(libc_a-init.o)
 .ARM.attributes
                0x000006c3       0x34 C:/ST/STM32CubeIDE_1.16.1/STM32CubeIDE/plugins/com.st.stm32cube.ide.mcu.externaltools.gnu-tools-for-stm32.13.3.rel1.win32_1.0.0.202411081344/tools/bin/../lib/gcc/arm-none-eabi/13.3.1/../../../../arm-none-eabi/lib/thumb/v7e-m+fp/hard\libc_nano.a(libc_a-lock.o)
 .ARM.attributes
                0x000006f7       0x34 C:/ST/STM32CubeIDE_1.16.1/STM32CubeIDE/plugins/com.st.stm32cube.ide.mcu.externaltools.gnu-tools-for-stm32.13.3.rel1.win32_1.0.0.202411081344/tools/bin/../lib/gcc/arm-none-eabi/13.3.1/../../../../arm-none-eabi/lib/thumb/v7e-m+fp/hard\libc_nano.a(libc_a-memcpy-stub.o)
 .ARM.attributes
                0x0000072b       0x34 C:/ST/STM32CubeIDE_1.16.1/STM32CubeIDE/plugins/com.st.stm32cube.ide.mcu.externaltools.gnu-tools-for-stm32.13.3.rel1.win32_1.0.0.202411081344/tools/bin/../lib/gcc/arm-none-eabi/13.3.1/../../../../arm-none-eabi/lib/thumb/v7e-m+fp/hard\libc_nano.a(libc_a-freer.o)
 .ARM.attributes
                0x0000075f       0x34 C:/ST/STM32CubeIDE_1.16.1/STM32CubeIDE/plugins/com.st.stm32cube.ide.mcu.externaltools.gnu-tools-for-stm32.13.3.rel1.win32_1.0.0.202411081344/tools/bin/../lib/gcc/arm-none-eabi/13.3.1/../../../../arm-none-eabi/lib/thumb/v7e-m+fp/hard\libc_nano.a(libc_a-mallocr.o)
 .ARM.attributes
                0x00000793       0x34 C:/ST/STM32CubeIDE_1.16.1/STM32CubeIDE/plugins/com.st.stm32cube.ide.mcu.externaltools.gnu-tools-for-stm32.13.3.rel1.win32_1.0.0.202411081344/tools/bin/../lib/gcc/arm-none-eabi/13.3.1/../../../../arm-none-eabi/lib/thumb/v7e-m+fp/hard\libc_nano.a(libc_a-mlock.o)
 .ARM.attributes
                0x000007c7       0x34 C:/ST/STM32CubeIDE_1.16.1/STM32CubeIDE/plugins/com.st.stm32cube.ide.mcu.externaltools.gnu-tools-for-stm32.13.3.rel1.win32_1.0.0.202411081344/tools/bin/../lib/gcc/arm-none-eabi/13.3.1/../../../../arm-none-eabi/lib/thumb/v7e-m+fp/hard\libc_nano.a(libc_a-nano-svfprintf.o)
 .ARM.attributes
                0x000007fb       0x34 C:/ST/STM32CubeIDE_1.16.1/STM32CubeIDE/plugins/com.st.stm32cube.ide.mcu.externaltools.gnu-tools-for-stm32.13.3.rel1.win32_1.0.0.202411081344/tools/bin/../lib/gcc/arm-none-eabi/13.3.1/../../../../arm-none-eabi/lib/thumb/v7e-m+fp/hard\libc_nano.a(libc_a-nano-vfprintf_i.o)
 .ARM.attributes
                0x0000082f       0x34 C:/ST/STM32CubeIDE_1.16.1/STM32CubeIDE/plugins/com.st.stm32cube.ide.mcu.externaltools.gnu-tools-for-stm32.13.3.rel1.win32_1.0.0.202411081344/tools/bin/../lib/gcc/arm-none-eabi/13.3.1/../../../../arm-none-eabi/lib/thumb/v7e-m+fp/hard\libc_nano.a(libc_a-memmove.o)
 .ARM.attributes
                0x00000863       0x34 C:/ST/STM32CubeIDE_1.16.1/STM32CubeIDE/plugins/com.st.stm32cube.ide.mcu.externaltools.gnu-tools-for-stm32.13.3.rel1.win32_1.0.0.202411081344/tools/bin/../lib/gcc/arm-none-eabi/13.3.1/../../../../arm-none-eabi/lib/thumb/v7e-m+fp/hard\libc_nano.a(libc_a-sbrkr.o)
 .ARM.attributes
                0x00000897       0x1c C:/ST/STM32CubeIDE_1.16.1/STM32CubeIDE/plugins/com.st.stm32cube.ide.mcu.externaltools.gnu-tools-for-stm32.13.3.rel1.win32_1.0.0.202411081344/tools/bin/../lib/gcc/arm-none-eabi/13.3.1/../../../../arm-none-eabi/lib/thumb/v7e-m+fp/hard\libc_nano.a(libc_a-memchr.o)
 .ARM.attributes
                0x000008b3       0x34 C:/ST/STM32CubeIDE_1.16.1/STM32CubeIDE/plugins/com.st.stm32cube.ide.mcu.externaltools.gnu-tools-for-stm32.13.3.rel1.win32_1.0.0.202411081344/tools/bin/../lib/gcc/arm-none-eabi/13.3.1/../../../../arm-none-eabi/lib/thumb/v7e-m+fp/hard\libc_nano.a(libc_a-reallocr.o)
 .ARM.attributes
                0x000008e7       0x34 C:/ST/STM32CubeIDE_1.16.1/STM32CubeIDE/plugins/com.st.stm32cube.ide.mcu.externaltools.gnu-tools-for-stm32.13.3.rel1.win32_1.0.0.202411081344/tools/bin/../lib/gcc/arm-none-eabi/13.3.1/../../../../arm-none-eabi/lib/thumb/v7e-m+fp/hard\libc_nano.a(libc_a-msizer.o)
 .ARM.attributes
                0x0000091b       0x22 C:/ST/STM32CubeIDE_1.16.1/STM32CubeIDE/plugins/com.st.stm32cube.ide.mcu.externaltools.gnu-tools-for-stm32.13.3.rel1.win32_1.0.0.202411081344/tools/bin/../lib/gcc/arm-none-eabi/13.3.1/thumb/v7e-m+fp/hard\libgcc.a(_aeabi_uldivmod.o)
 .ARM.attributes
                0x0000093d       0x34 C:/ST/STM32CubeIDE_1.16.1/STM32CubeIDE/plugins/com.st.stm32cube.ide.mcu.externaltools.gnu-tools-for-stm32.13.3.rel1.win32_1.0.0.202411081344/tools/bin/../lib/gcc/arm-none-eabi/13.3.1/thumb/v7e-m+fp/hard\libgcc.a(_udivmoddi4.o)
 .ARM.attributes
                0x00000971       0x22 C:/ST/STM32CubeIDE_1.16.1/STM32CubeIDE/plugins/com.st.stm32cube.ide.mcu.externaltools.gnu-tools-for-stm32.13.3.rel1.win32_1.0.0.202411081344/tools/bin/../lib/gcc/arm-none-eabi/13.3.1/thumb/v7e-m+fp/hard\libgcc.a(_dvmd_tls.o)
 .ARM.attributes
                0x00000993       0x22 C:/ST/STM32CubeIDE_1.16.1/STM32CubeIDE/plugins/com.st.stm32cube.ide.mcu.externaltools.gnu-tools-for-stm32.13.3.rel1.win32_1.0.0.202411081344/tools/bin/../lib/gcc/arm-none-eabi/13.3.1/thumb/v7e-m+fp/hard/crtn.o
OUTPUT(drone_project.elf elf32-littlearm)
LOAD linker stubs
LOAD C:/ST/STM32CubeIDE_1.16.1/STM32CubeIDE/plugins/com.st.stm32cube.ide.mcu.externaltools.gnu-tools-for-stm32.13.3.rel1.win32_1.0.0.202411081344/tools/bin/../lib/gcc/arm-none-eabi/13.3.1/../../../../arm-none-eabi/lib/thumb/v7e-m+fp/hard\libc.a
LOAD C:/ST/STM32CubeIDE_1.16.1/STM32CubeIDE/plugins/com.st.stm32cube.ide.mcu.externaltools.gnu-tools-for-stm32.13.3.rel1.win32_1.0.0.202411081344/tools/bin/../lib/gcc/arm-none-eabi/13.3.1/../../../../arm-none-eabi/lib/thumb/v7e-m+fp/hard\libm.a
LOAD C:/ST/STM32CubeIDE_1.16.1/STM32CubeIDE/plugins/com.st.stm32cube.ide.mcu.externaltools.gnu-tools-for-stm32.13.3.rel1.win32_1.0.0.202411081344/tools/bin/../lib/gcc/arm-none-eabi/13.3.1/thumb/v7e-m+fp/hard\libgcc.a

.debug_info     0x00000000    0x17358
 .debug_info    0x00000000      0x235 ./Core/Src/Drone_control.o
 .debug_info    0x00000235      0x73f ./Core/Src/Oneshot125_Esc_Control.o
 .debug_info    0x00000974      0x2b8 ./Core/Src/PID.o
 .debug_info    0x00000c2c      0x919 ./Core/Src/freertos.o
 .debug_info    0x00001545     0x25bd ./Core/Src/main.o
 .debug_info    0x00003b02     0x1215 ./Core/Src/nrf24L01.o
 .debug_info    0x00004d17     0x12ad ./Core/Src/stm32f4xx_hal_msp.o
 .debug_info    0x00005fc4      0xb75 ./Core/Src/stm32f4xx_hal_timebase_tim.o
 .debug_info    0x00006b39      0x6ba ./Core/Src/stm32f4xx_it.o
 .debug_info    0x000071f3      0x168 ./Core/Src/sysmem.o
 .debug_info    0x0000735b      0x53e ./Core/Src/system_stm32f4xx.o
 .debug_info    0x00007899       0x30 ./Core/Startup/startup_stm32f411ceux.o
 .debug_info    0x000078c9      0x8c4 ./Drivers/STM32F4xx_HAL_Driver/Src/stm32f4xx_hal.o
 .debug_info    0x0000818d      0xcfc ./Drivers/STM32F4xx_HAL_Driver/Src/stm32f4xx_hal_cortex.o
 .debug_info    0x00008e89      0x6f9 ./Drivers/STM32F4xx_HAL_Driver/Src/stm32f4xx_hal_gpio.o
 .debug_info    0x00009582      0x904 ./Drivers/STM32F4xx_HAL_Driver/Src/stm32f4xx_hal_rcc.o
 .debug_info    0x00009e86     0x1530 ./Drivers/STM32F4xx_HAL_Driver/Src/stm32f4xx_hal_spi.o
 .debug_info    0x0000b3b6     0x2996 ./Drivers/STM32F4xx_HAL_Driver/Src/stm32f4xx_hal_tim.o
 .debug_info    0x0000dd4c     0x14d4 ./Drivers/STM32F4xx_HAL_Driver/Src/stm32f4xx_hal_tim_ex.o
 .debug_info    0x0000f220     0x2f56 ./Drivers/STM32F4xx_HAL_Driver/Src/stm32f4xx_hal_uart.o
 .debug_info    0x00012176     0x21e2 ./Middlewares/Third_Party/FreeRTOS/Source/CMSIS_RTOS/cmsis_os.o
 .debug_info    0x00014358      0x2af ./Middlewares/Third_Party/FreeRTOS/Source/list.o
 .debug_info    0x00014607     0x239e ./Middlewares/Third_Party/FreeRTOS/Source/tasks.o
 .debug_info    0x000169a5      0x4de ./Middlewares/Third_Party/FreeRTOS/Source/portable/GCC/ARM_CM4F/port.o
 .debug_info    0x00016e83      0x4d5 ./Middlewares/Third_Party/FreeRTOS/Source/portable/MemMang/heap_4.o

.debug_abbrev   0x00000000     0x34cc
 .debug_abbrev  0x00000000       0xa9 ./Core/Src/Drone_control.o
 .debug_abbrev  0x000000a9      0x1aa ./Core/Src/Oneshot125_Esc_Control.o
 .debug_abbrev  0x00000253       0xed ./Core/Src/PID.o
 .debug_abbrev  0x00000340      0x16f ./Core/Src/freertos.o
 .debug_abbrev  0x000004af      0x371 ./Core/Src/main.o
 .debug_abbrev  0x00000820      0x2bb ./Core/Src/nrf24L01.o
 .debug_abbrev  0x00000adb      0x255 ./Core/Src/stm32f4xx_hal_msp.o
 .debug_abbrev  0x00000d30      0x207 ./Core/Src/stm32f4xx_hal_timebase_tim.o
 .debug_abbrev  0x00000f37      0x194 ./Core/Src/stm32f4xx_it.o
 .debug_abbrev  0x000010cb       0xbc ./Core/Src/sysmem.o
 .debug_abbrev  0x00001187      0x11a ./Core/Src/system_stm32f4xx.o
 .debug_abbrev  0x000012a1       0x24 ./Core/Startup/startup_stm32f411ceux.o
 .debug_abbrev  0x000012c5      0x24b ./Drivers/STM32F4xx_HAL_Driver/Src/stm32f4xx_hal.o
 .debug_abbrev  0x00001510      0x31d ./Drivers/STM32F4xx_HAL_Driver/Src/stm32f4xx_hal_cortex.o
 .debug_abbrev  0x0000182d      0x1d3 ./Drivers/STM32F4xx_HAL_Driver/Src/stm32f4xx_hal_gpio.o
 .debug_abbrev  0x00001a00      0x2b6 ./Drivers/STM32F4xx_HAL_Driver/Src/stm32f4xx_hal_rcc.o
 .debug_abbrev  0x00001cb6      0x276 ./Drivers/STM32F4xx_HAL_Driver/Src/stm32f4xx_hal_spi.o
 .debug_abbrev  0x00001f2c      0x28b ./Drivers/STM32F4xx_HAL_Driver/Src/stm32f4xx_hal_tim.o
 .debug_abbrev  0x000021b7      0x296 ./Drivers/STM32F4xx_HAL_Driver/Src/stm32f4xx_hal_tim_ex.o
 .debug_abbrev  0x0000244d      0x31b ./Drivers/STM32F4xx_HAL_Driver/Src/stm32f4xx_hal_uart.o
 .debug_abbrev  0x00002768      0x426 ./Middlewares/Third_Party/FreeRTOS/Source/CMSIS_RTOS/cmsis_os.o
 .debug_abbrev  0x00002b8e       0xf5 ./Middlewares/Third_Party/FreeRTOS/Source/list.o
 .debug_abbrev  0x00002c83      0x3d0 ./Middlewares/Third_Party/FreeRTOS/Source/tasks.o
 .debug_abbrev  0x00003053      0x25c ./Middlewares/Third_Party/FreeRTOS/Source/portable/GCC/ARM_CM4F/port.o
 .debug_abbrev  0x000032af      0x21d ./Middlewares/Third_Party/FreeRTOS/Source/portable/MemMang/heap_4.o

.debug_aranges  0x00000000     0x1460
 .debug_aranges
                0x00000000       0x20 ./Core/Src/Drone_control.o
 .debug_aranges
                0x00000020       0x30 ./Core/Src/Oneshot125_Esc_Control.o
 .debug_aranges
                0x00000050       0x30 ./Core/Src/PID.o
 .debug_aranges
                0x00000080       0x20 ./Core/Src/freertos.o
 .debug_aranges
                0x000000a0       0x80 ./Core/Src/main.o
 .debug_aranges
                0x00000120      0x128 ./Core/Src/nrf24L01.o
 .debug_aranges
                0x00000248       0x68 ./Core/Src/stm32f4xx_hal_msp.o
 .debug_aranges
                0x000002b0       0x30 ./Core/Src/stm32f4xx_hal_timebase_tim.o
 .debug_aranges
                0x000002e0       0x58 ./Core/Src/stm32f4xx_it.o
 .debug_aranges
                0x00000338       0x20 ./Core/Src/sysmem.o
 .debug_aranges
                0x00000358       0x28 ./Core/Src/system_stm32f4xx.o
 .debug_aranges
                0x00000380       0x28 ./Core/Startup/startup_stm32f411ceux.o
 .debug_aranges
                0x000003a8       0xf0 ./Drivers/STM32F4xx_HAL_Driver/Src/stm32f4xx_hal.o
 .debug_aranges
                0x00000498      0x130 ./Drivers/STM32F4xx_HAL_Driver/Src/stm32f4xx_hal_cortex.o
 .debug_aranges
                0x000005c8       0x58 ./Drivers/STM32F4xx_HAL_Driver/Src/stm32f4xx_hal_gpio.o
 .debug_aranges
                0x00000620       0x88 ./Drivers/STM32F4xx_HAL_Driver/Src/stm32f4xx_hal_rcc.o
 .debug_aranges
                0x000006a8      0x1d0 ./Drivers/STM32F4xx_HAL_Driver/Src/stm32f4xx_hal_spi.o
 .debug_aranges
                0x00000878      0x3d0 ./Drivers/STM32F4xx_HAL_Driver/Src/stm32f4xx_hal_tim.o
 .debug_aranges
                0x00000c48      0x168 ./Drivers/STM32F4xx_HAL_Driver/Src/stm32f4xx_hal_tim_ex.o
 .debug_aranges
                0x00000db0      0x208 ./Drivers/STM32F4xx_HAL_Driver/Src/stm32f4xx_hal_uart.o
 .debug_aranges
                0x00000fb8      0x1d8 ./Middlewares/Third_Party/FreeRTOS/Source/CMSIS_RTOS/cmsis_os.o
 .debug_aranges
                0x00001190       0x40 ./Middlewares/Third_Party/FreeRTOS/Source/list.o
 .debug_aranges
                0x000011d0      0x1b8 ./Middlewares/Third_Party/FreeRTOS/Source/tasks.o
 .debug_aranges
                0x00001388       0x80 ./Middlewares/Third_Party/FreeRTOS/Source/portable/GCC/ARM_CM4F/port.o
 .debug_aranges
                0x00001408       0x58 ./Middlewares/Third_Party/FreeRTOS/Source/portable/MemMang/heap_4.o

.debug_rnglists
                0x00000000      0xfc4
 .debug_rnglists
                0x00000000       0x14 ./Core/Src/Drone_control.o
 .debug_rnglists
                0x00000014       0x21 ./Core/Src/Oneshot125_Esc_Control.o
 .debug_rnglists
                0x00000035       0x21 ./Core/Src/PID.o
 .debug_rnglists
                0x00000056       0x13 ./Core/Src/freertos.o
 .debug_rnglists
                0x00000069       0x61 ./Core/Src/main.o
 .debug_rnglists
                0x000000ca       0xdb ./Core/Src/nrf24L01.o
 .debug_rnglists
                0x000001a5       0x4b ./Core/Src/stm32f4xx_hal_msp.o
 .debug_rnglists
                0x000001f0       0x20 ./Core/Src/stm32f4xx_hal_timebase_tim.o
 .debug_rnglists
                0x00000210       0x3d ./Core/Src/stm32f4xx_it.o
 .debug_rnglists
                0x0000024d       0x13 ./Core/Src/sysmem.o
 .debug_rnglists
                0x00000260       0x1a ./Core/Src/system_stm32f4xx.o
 .debug_rnglists
                0x0000027a       0x19 ./Core/Startup/startup_stm32f411ceux.o
 .debug_rnglists
                0x00000293       0xaf ./Drivers/STM32F4xx_HAL_Driver/Src/stm32f4xx_hal.o
 .debug_rnglists
                0x00000342       0xe0 ./Drivers/STM32F4xx_HAL_Driver/Src/stm32f4xx_hal_cortex.o
 .debug_rnglists
                0x00000422       0x3f ./Drivers/STM32F4xx_HAL_Driver/Src/stm32f4xx_hal_gpio.o
 .debug_rnglists
                0x00000461       0x66 ./Drivers/STM32F4xx_HAL_Driver/Src/stm32f4xx_hal_rcc.o
 .debug_rnglists
                0x000004c7      0x16f ./Drivers/STM32F4xx_HAL_Driver/Src/stm32f4xx_hal_spi.o
 .debug_rnglists
                0x00000636      0x31a ./Drivers/STM32F4xx_HAL_Driver/Src/stm32f4xx_hal_tim.o
 .debug_rnglists
                0x00000950      0x125 ./Drivers/STM32F4xx_HAL_Driver/Src/stm32f4xx_hal_tim_ex.o
 .debug_rnglists
                0x00000a75      0x1bc ./Drivers/STM32F4xx_HAL_Driver/Src/stm32f4xx_hal_uart.o
 .debug_rnglists
                0x00000c31      0x16a ./Middlewares/Third_Party/FreeRTOS/Source/CMSIS_RTOS/cmsis_os.o
 .debug_rnglists
                0x00000d9b       0x2b ./Middlewares/Third_Party/FreeRTOS/Source/list.o
 .debug_rnglists
                0x00000dc6      0x15f ./Middlewares/Third_Party/FreeRTOS/Source/tasks.o
 .debug_rnglists
                0x00000f25       0x5d ./Middlewares/Third_Party/FreeRTOS/Source/portable/GCC/ARM_CM4F/port.o
 .debug_rnglists
                0x00000f82       0x42 ./Middlewares/Third_Party/FreeRTOS/Source/portable/MemMang/heap_4.o

.debug_macro    0x00000000    0x1965e
 .debug_macro   0x00000000      0x15a ./Core/Src/Drone_control.o
 .debug_macro   0x0000015a      0xad8 ./Core/Src/Drone_control.o
 .debug_macro   0x00000c32       0x22 ./Core/Src/Drone_control.o
 .debug_macro   0x00000c54       0x8e ./Core/Src/Drone_control.o
 .debug_macro   0x00000ce2       0x51 ./Core/Src/Drone_control.o
 .debug_macro   0x00000d33      0x103 ./Core/Src/Drone_control.o
 .debug_macro   0x00000e36       0x6a ./Core/Src/Drone_control.o
 .debug_macro   0x00000ea0      0x1df ./Core/Src/Drone_control.o
 .debug_macro   0x0000107f       0x61 ./Core/Src/Drone_control.o
 .debug_macro   0x000010e0       0x2a ./Core/Src/Drone_control.o
 .debug_macro   0x0000110a       0x43 ./Core/Src/Drone_control.o
 .debug_macro   0x0000114d       0x34 ./Core/Src/Drone_control.o
 .debug_macro   0x00001181       0x16 ./Core/Src/Drone_control.o
 .debug_macro   0x00001197       0x9e ./Core/Src/Drone_control.o
 .debug_macro   0x00001235      0x370 ./Core/Src/Drone_control.o
 .debug_macro   0x000015a5      0x112 ./Core/Src/Drone_control.o
 .debug_macro   0x000016b7       0x10 ./Core/Src/Drone_control.o
 .debug_macro   0x000016c7       0x16 ./Core/Src/Drone_control.o
 .debug_macro   0x000016dd       0x4a ./Core/Src/Drone_control.o
 .debug_macro   0x00001727       0x34 ./Core/Src/Drone_control.o
 .debug_macro   0x0000175b       0x10 ./Core/Src/Drone_control.o
 .debug_macro   0x0000176b       0x58 ./Core/Src/Drone_control.o
 .debug_macro   0x000017c3       0x8e ./Core/Src/Drone_control.o
 .debug_macro   0x00001851       0x1c ./Core/Src/Drone_control.o
 .debug_macro   0x0000186d      0x185 ./Core/Src/Drone_control.o
 .debug_macro   0x000019f2       0x16 ./Core/Src/Drone_control.o
 .debug_macro   0x00001a08       0x16 ./Core/Src/Drone_control.o
 .debug_macro   0x00001a1e      0x146 ./Core/Src/Drone_control.o
 .debug_macro   0x00001b64      0x353 ./Core/Src/Oneshot125_Esc_Control.o
 .debug_macro   0x00001eb7       0x28 ./Core/Src/Oneshot125_Esc_Control.o
 .debug_macro   0x00001edf      0x2a1 ./Core/Src/Oneshot125_Esc_Control.o
 .debug_macro   0x00002180       0x2e ./Core/Src/Oneshot125_Esc_Control.o
 .debug_macro   0x000021ae       0x28 ./Core/Src/Oneshot125_Esc_Control.o
 .debug_macro   0x000021d6       0x1c ./Core/Src/Oneshot125_Esc_Control.o
 .debug_macro   0x000021f2       0x22 ./Core/Src/Oneshot125_Esc_Control.o
 .debug_macro   0x00002214       0xfb ./Core/Src/Oneshot125_Esc_Control.o
 .debug_macro   0x0000230f     0x1011 ./Core/Src/Oneshot125_Esc_Control.o
 .debug_macro   0x00003320      0x11f ./Core/Src/Oneshot125_Esc_Control.o
 .debug_macro   0x0000343f     0xb968 ./Core/Src/Oneshot125_Esc_Control.o
 .debug_macro   0x0000eda7       0x6d ./Core/Src/Oneshot125_Esc_Control.o
 .debug_macro   0x0000ee14     0x3693 ./Core/Src/Oneshot125_Esc_Control.o
 .debug_macro   0x000124a7      0x190 ./Core/Src/Oneshot125_Esc_Control.o
 .debug_macro   0x00012637       0x5c ./Core/Src/Oneshot125_Esc_Control.o
 .debug_macro   0x00012693      0x45c ./Core/Src/Oneshot125_Esc_Control.o
 .debug_macro   0x00012aef      0x9e9 ./Core/Src/Oneshot125_Esc_Control.o
 .debug_macro   0x000134d8      0x115 ./Core/Src/Oneshot125_Esc_Control.o
 .debug_macro   0x000135ed      0x11b ./Core/Src/Oneshot125_Esc_Control.o
 .debug_macro   0x00013708       0xa5 ./Core/Src/Oneshot125_Esc_Control.o
 .debug_macro   0x000137ad      0x15f ./Core/Src/Oneshot125_Esc_Control.o
 .debug_macro   0x0001390c      0x287 ./Core/Src/Oneshot125_Esc_Control.o
 .debug_macro   0x00013b93       0x5f ./Core/Src/Oneshot125_Esc_Control.o
 .debug_macro   0x00013bf2      0x236 ./Core/Src/Oneshot125_Esc_Control.o
 .debug_macro   0x00013e28      0x132 ./Core/Src/Oneshot125_Esc_Control.o
 .debug_macro   0x00013f5a      0x264 ./Core/Src/Oneshot125_Esc_Control.o
 .debug_macro   0x000141be       0x2e ./Core/Src/Oneshot125_Esc_Control.o
 .debug_macro   0x000141ec      0x127 ./Core/Src/Oneshot125_Esc_Control.o
 .debug_macro   0x00014313       0x85 ./Core/Src/Oneshot125_Esc_Control.o
 .debug_macro   0x00014398       0x89 ./Core/Src/Oneshot125_Esc_Control.o
 .debug_macro   0x00014421      0x225 ./Core/Src/Oneshot125_Esc_Control.o
 .debug_macro   0x00014646      0x8ed ./Core/Src/Oneshot125_Esc_Control.o
 .debug_macro   0x00014f33       0x47 ./Core/Src/Oneshot125_Esc_Control.o
 .debug_macro   0x00014f7a      0x2aa ./Core/Src/Oneshot125_Esc_Control.o
 .debug_macro   0x00015224      0x126 ./Core/Src/Oneshot125_Esc_Control.o
 .debug_macro   0x0001534a       0x34 ./Core/Src/Oneshot125_Esc_Control.o
 .debug_macro   0x0001537e       0xf1 ./Core/Src/Oneshot125_Esc_Control.o
 .debug_macro   0x0001546f      0x15a ./Core/Src/Oneshot125_Esc_Control.o
 .debug_macro   0x000155c9       0xde ./Core/Src/Oneshot125_Esc_Control.o
 .debug_macro   0x000156a7       0x1c ./Core/Src/Oneshot125_Esc_Control.o
 .debug_macro   0x000156c3       0x26 ./Core/Src/Oneshot125_Esc_Control.o
 .debug_macro   0x000156e9       0x10 ./Core/Src/Oneshot125_Esc_Control.o
 .debug_macro   0x000156f9       0x3c ./Core/Src/Oneshot125_Esc_Control.o
 .debug_macro   0x00015735      0x4fe ./Core/Src/Oneshot125_Esc_Control.o
 .debug_macro   0x00015c33       0xb5 ./Core/Src/Oneshot125_Esc_Control.o
 .debug_macro   0x00015ce8       0xaa ./Core/Src/Oneshot125_Esc_Control.o
 .debug_macro   0x00015d92       0x91 ./Core/Src/Oneshot125_Esc_Control.o
 .debug_macro   0x00015e23       0x8d ./Core/Src/Oneshot125_Esc_Control.o
 .debug_macro   0x00015eb0       0x7e ./Core/Src/Oneshot125_Esc_Control.o
 .debug_macro   0x00015f2e       0x19 ./Core/Src/Oneshot125_Esc_Control.o
 .debug_macro   0x00015f47       0xf2 ./Core/Src/Oneshot125_Esc_Control.o
 .debug_macro   0x00016039      0x14a ./Core/Src/PID.o
 .debug_macro   0x00016183       0x5b ./Core/Src/PID.o
 .debug_macro   0x000161de       0x94 ./Core/Src/PID.o
 .debug_macro   0x00016272       0x57 ./Core/Src/PID.o
 .debug_macro   0x000162c9      0x2ff ./Core/Src/freertos.o
 .debug_macro   0x000165c8       0xf1 ./Core/Src/freertos.o
 .debug_macro   0x000166b9       0x56 ./Core/Src/freertos.o
 .debug_macro   0x0001670f      0x412 ./Core/Src/main.o
 .debug_macro   0x00016b21       0x34 ./Core/Src/main.o
 .debug_macro   0x00016b55       0x1c ./Core/Src/main.o
 .debug_macro   0x00016b71       0x1c ./Core/Src/main.o
 .debug_macro   0x00016b8d      0x1ae ./Core/Src/main.o
 .debug_macro   0x00016d3b       0x16 ./Core/Src/main.o
 .debug_macro   0x00016d51       0x20 ./Core/Src/main.o
 .debug_macro   0x00016d71      0x363 ./Core/Src/nrf24L01.o
 .debug_macro   0x000170d4      0x1e7 ./Core/Src/stm32f4xx_hal_msp.o
 .debug_macro   0x000172bb      0x1d8 ./Core/Src/stm32f4xx_hal_timebase_tim.o
 .debug_macro   0x00017493      0x1f1 ./Core/Src/stm32f4xx_it.o
 .debug_macro   0x00017684      0x112 ./Core/Src/sysmem.o
 .debug_macro   0x00017796      0x23c ./Core/Src/sysmem.o
 .debug_macro   0x000179d2      0x1d8 ./Core/Src/system_stm32f4xx.o
 .debug_macro   0x00017baa      0x238 ./Drivers/STM32F4xx_HAL_Driver/Src/stm32f4xx_hal.o
 .debug_macro   0x00017de2      0x1d8 ./Drivers/STM32F4xx_HAL_Driver/Src/stm32f4xx_hal_cortex.o
 .debug_macro   0x00017fba      0x1de ./Drivers/STM32F4xx_HAL_Driver/Src/stm32f4xx_hal_gpio.o
 .debug_macro   0x00018198      0x1fc ./Drivers/STM32F4xx_HAL_Driver/Src/stm32f4xx_hal_rcc.o
 .debug_macro   0x00018394      0x1e7 ./Drivers/STM32F4xx_HAL_Driver/Src/stm32f4xx_hal_spi.o
 .debug_macro   0x0001857b      0x1d9 ./Drivers/STM32F4xx_HAL_Driver/Src/stm32f4xx_hal_tim.o
 .debug_macro   0x00018754      0x1d8 ./Drivers/STM32F4xx_HAL_Driver/Src/stm32f4xx_hal_tim_ex.o
 .debug_macro   0x0001892c      0x1d9 ./Drivers/STM32F4xx_HAL_Driver/Src/stm32f4xx_hal_uart.o
 .debug_macro   0x00018b05      0x210 ./Middlewares/Third_Party/FreeRTOS/Source/CMSIS_RTOS/cmsis_os.o
 .debug_macro   0x00018d15       0x10 ./Middlewares/Third_Party/FreeRTOS/Source/CMSIS_RTOS/cmsis_os.o
 .debug_macro   0x00018d25       0x16 ./Middlewares/Third_Party/FreeRTOS/Source/CMSIS_RTOS/cmsis_os.o
 .debug_macro   0x00018d3b       0xe9 ./Middlewares/Third_Party/FreeRTOS/Source/CMSIS_RTOS/cmsis_os.o
 .debug_macro   0x00018e24      0x199 ./Middlewares/Third_Party/FreeRTOS/Source/list.o
 .debug_macro   0x00018fbd      0x28b ./Middlewares/Third_Party/FreeRTOS/Source/tasks.o
 .debug_macro   0x00019248       0x10 ./Middlewares/Third_Party/FreeRTOS/Source/tasks.o
 .debug_macro   0x00019258      0x246 ./Middlewares/Third_Party/FreeRTOS/Source/portable/GCC/ARM_CM4F/port.o
 .debug_macro   0x0001949e      0x1c0 ./Middlewares/Third_Party/FreeRTOS/Source/portable/MemMang/heap_4.o

.debug_line     0x00000000    0x16df9
 .debug_line    0x00000000      0x5c4 ./Core/Src/Drone_control.o
 .debug_line    0x000005c4      0xad8 ./Core/Src/Oneshot125_Esc_Control.o
 .debug_line    0x0000109c      0x6b8 ./Core/Src/PID.o
 .debug_line    0x00001754      0x996 ./Core/Src/freertos.o
 .debug_line    0x000020ea      0xe89 ./Core/Src/main.o
 .debug_line    0x00002f73      0xf00 ./Core/Src/nrf24L01.o
 .debug_line    0x00003e73      0x8cd ./Core/Src/stm32f4xx_hal_msp.o
 .debug_line    0x00004740      0x7c9 ./Core/Src/stm32f4xx_hal_timebase_tim.o
 .debug_line    0x00004f09      0x7fe ./Core/Src/stm32f4xx_it.o
 .debug_line    0x00005707      0x588 ./Core/Src/sysmem.o
 .debug_line    0x00005c8f      0x7d3 ./Core/Src/system_stm32f4xx.o
 .debug_line    0x00006462       0x7a ./Core/Startup/startup_stm32f411ceux.o
 .debug_line    0x000064dc      0xa4f ./Drivers/STM32F4xx_HAL_Driver/Src/stm32f4xx_hal.o
 .debug_line    0x00006f2b      0xd1f ./Drivers/STM32F4xx_HAL_Driver/Src/stm32f4xx_hal_cortex.o
 .debug_line    0x00007c4a      0xb6b ./Drivers/STM32F4xx_HAL_Driver/Src/stm32f4xx_hal_gpio.o
 .debug_line    0x000087b5      0xe5c ./Drivers/STM32F4xx_HAL_Driver/Src/stm32f4xx_hal_rcc.o
 .debug_line    0x00009611     0x1cea ./Drivers/STM32F4xx_HAL_Driver/Src/stm32f4xx_hal_spi.o
 .debug_line    0x0000b2fb     0x358e ./Drivers/STM32F4xx_HAL_Driver/Src/stm32f4xx_hal_tim.o
 .debug_line    0x0000e889     0x194a ./Drivers/STM32F4xx_HAL_Driver/Src/stm32f4xx_hal_tim_ex.o
 .debug_line    0x000101d3     0x2597 ./Drivers/STM32F4xx_HAL_Driver/Src/stm32f4xx_hal_uart.o
 .debug_line    0x0001276a     0x130b ./Middlewares/Third_Party/FreeRTOS/Source/CMSIS_RTOS/cmsis_os.o
 .debug_line    0x00013a75      0x797 ./Middlewares/Third_Party/FreeRTOS/Source/list.o
 .debug_line    0x0001420c     0x18f4 ./Middlewares/Third_Party/FreeRTOS/Source/tasks.o
 .debug_line    0x00015b00      0x94b ./Middlewares/Third_Party/FreeRTOS/Source/portable/GCC/ARM_CM4F/port.o
 .debug_line    0x0001644b      0x9ae ./Middlewares/Third_Party/FreeRTOS/Source/portable/MemMang/heap_4.o

.debug_str      0x00000000    0x9a30f
 .debug_str     0x00000000    0x9a30f ./Core/Src/Drone_control.o
                               0x7a52 (size before relaxing)
 .debug_str     0x0009a30f    0x91d4e ./Core/Src/Oneshot125_Esc_Control.o
 .debug_str     0x0009a30f     0x7995 ./Core/Src/PID.o
 .debug_str     0x0009a30f    0x8f9b2 ./Core/Src/freertos.o
 .debug_str     0x0009a30f    0x94530 ./Core/Src/main.o
 .debug_str     0x0009a30f    0x921e5 ./Core/Src/nrf24L01.o
 .debug_str     0x0009a30f    0x89502 ./Core/Src/stm32f4xx_hal_msp.o
 .debug_str     0x0009a30f    0x89088 ./Core/Src/stm32f4xx_hal_timebase_tim.o
 .debug_str     0x0009a30f    0x88bb9 ./Core/Src/stm32f4xx_it.o
 .debug_str     0x0009a30f     0x7769 ./Core/Src/sysmem.o
 .debug_str     0x0009a30f    0x886f9 ./Core/Src/system_stm32f4xx.o
 .debug_str     0x0009a30f       0x6b ./Core/Startup/startup_stm32f411ceux.o