Archive member included to satisfy reference by file (symbol)

C:/ST/STM32CubeIDE_1.16.1/STM32CubeIDE/plugins/com.st.stm32cube.ide.mcu.externaltools.gnu-tools-for-stm32.13.3.rel1.win32_1.0.0.202411081344/tools/bin/../lib/gcc/arm-none-eabi/13.3.1/../../../../arm-none-eabi/lib/thumb/v7e-m+fp/hard\libc_nano.a(libc_a-exit.o)
                              C:/ST/STM32CubeIDE_1.16.1/STM32CubeIDE/plugins/com.st.stm32cube.ide.mcu.externaltools.gnu-tools-for-stm32.13.3.rel1.win32_1.0.0.202411081344/tools/bin/../lib/gcc/arm-none-eabi/13.3.1/../../../../arm-none-eabi/lib/thumb/v7e-m+fp/hard/crt0.o (exit)
C:/ST/STM32CubeIDE_1.16.1/STM32CubeIDE/plugins/com.st.stm32cube.ide.mcu.externaltools.gnu-tools-for-stm32.13.3.rel1.win32_1.0.0.202411081344/tools/bin/../lib/gcc/arm-none-eabi/13.3.1/../../../../arm-none-eabi/lib/thumb/v7e-m+fp/hard\libc_nano.a(libc_a-findfp.o)
                              ./Middlewares/Third_Party/FreeRTOS/Source/tasks.o (__sf)
C:/ST/STM32CubeIDE_1.16.1/STM32CubeIDE/plugins/com.st.stm32cube.ide.mcu.externaltools.gnu-tools-for-stm32.13.3.rel1.win32_1.0.0.202411081344/tools/bin/../lib/gcc/arm-none-eabi/13.3.1/../../../../arm-none-eabi/lib/thumb/v7e-m+fp/hard\libc_nano.a(libc_a-fwalk.o)
                              C:/ST/STM32CubeIDE_1.16.1/STM32CubeIDE/plugins/com.st.stm32cube.ide.mcu.externaltools.gnu-tools-for-stm32.13.3.rel1.win32_1.0.0.202411081344/tools/bin/../lib/gcc/arm-none-eabi/13.3.1/../../../../arm-none-eabi/lib/thumb/v7e-m+fp/hard\libc_nano.a(libc_a-findfp.o) (_fwalk_sglue)
C:/ST/STM32CubeIDE_1.16.1/STM32CubeIDE/plugins/com.st.stm32cube.ide.mcu.externaltools.gnu-tools-for-stm32.13.3.rel1.win32_1.0.0.202411081344/tools/bin/../lib/gcc/arm-none-eabi/13.3.1/../../../../arm-none-eabi/lib/thumb/v7e-m+fp/hard\libc_nano.a(libc_a-printf.o)
                              ./Core/Src/bno055.o (printf)
C:/ST/STM32CubeIDE_1.16.1/STM32CubeIDE/plugins/com.st.stm32cube.ide.mcu.externaltools.gnu-tools-for-stm32.13.3.rel1.win32_1.0.0.202411081344/tools/bin/../lib/gcc/arm-none-eabi/13.3.1/../../../../arm-none-eabi/lib/thumb/v7e-m+fp/hard\libc_nano.a(libc_a-puts.o)
                              ./Core/Src/main.o (puts)
C:/ST/STM32CubeIDE_1.16.1/STM32CubeIDE/plugins/com.st.stm32cube.ide.mcu.externaltools.gnu-tools-for-stm32.13.3.rel1.win32_1.0.0.202411081344/tools/bin/../lib/gcc/arm-none-eabi/13.3.1/../../../../arm-none-eabi/lib/thumb/v7e-m+fp/hard\libc_nano.a(libc_a-stdio.o)
                              C:/ST/STM32CubeIDE_1.16.1/STM32CubeIDE/plugins/com.st.stm32cube.ide.mcu.externaltools.gnu-tools-for-stm32.13.3.rel1.win32_1.0.0.202411081344/tools/bin/../lib/gcc/arm-none-eabi/13.3.1/../../../../arm-none-eabi/lib/thumb/v7e-m+fp/hard\libc_nano.a(libc_a-findfp.o) (__sread)
C:/ST/STM32CubeIDE_1.16.1/STM32CubeIDE/plugins/com.st.stm32cube.ide.mcu.externaltools.gnu-tools-for-stm32.13.3.rel1.win32_1.0.0.202411081344/tools/bin/../lib/gcc/arm-none-eabi/13.3.1/../../../../arm-none-eabi/lib/thumb/v7e-m+fp/hard\libc_nano.a(libc_a-wbuf.o)
                              C:/ST/STM32CubeIDE_1.16.1/STM32CubeIDE/plugins/com.st.stm32cube.ide.mcu.externaltools.gnu-tools-for-stm32.13.3.rel1.win32_1.0.0.202411081344/tools/bin/../lib/gcc/arm-none-eabi/13.3.1/../../../../arm-none-eabi/lib/thumb/v7e-m+fp/hard\libc_nano.a(libc_a-puts.o) (__swbuf_r)
C:/ST/STM32CubeIDE_1.16.1/STM32CubeIDE/plugins/com.st.stm32cube.ide.mcu.externaltools.gnu-tools-for-stm32.13.3.rel1.win32_1.0.0.202411081344/tools/bin/../lib/gcc/arm-none-eabi/13.3.1/../../../../arm-none-eabi/lib/thumb/v7e-m+fp/hard\libc_nano.a(libc_a-wsetup.o)
                              C:/ST/STM32CubeIDE_1.16.1/STM32CubeIDE/plugins/com.st.stm32cube.ide.mcu.externaltools.gnu-tools-for-stm32.13.3.rel1.win32_1.0.0.202411081344/tools/bin/../lib/gcc/arm-none-eabi/13.3.1/../../../../arm-none-eabi/lib/thumb/v7e-m+fp/hard\libc_nano.a(libc_a-puts.o) (__swsetup_r)
C:/ST/STM32CubeIDE_1.16.1/STM32CubeIDE/plugins/com.st.stm32cube.ide.mcu.externaltools.gnu-tools-for-stm32.13.3.rel1.win32_1.0.0.202411081344/tools/bin/../lib/gcc/arm-none-eabi/13.3.1/../../../../arm-none-eabi/lib/thumb/v7e-m+fp/hard\libc_nano.a(libc_a-memset.o)
                              C:/ST/STM32CubeIDE_1.16.1/STM32CubeIDE/plugins/com.st.stm32cube.ide.mcu.externaltools.gnu-tools-for-stm32.13.3.rel1.win32_1.0.0.202411081344/tools/bin/../lib/gcc/arm-none-eabi/13.3.1/../../../../arm-none-eabi/lib/thumb/v7e-m+fp/hard/crt0.o (memset)
C:/ST/STM32CubeIDE_1.16.1/STM32CubeIDE/plugins/com.st.stm32cube.ide.mcu.externaltools.gnu-tools-for-stm32.13.3.rel1.win32_1.0.0.202411081344/tools/bin/../lib/gcc/arm-none-eabi/13.3.1/../../../../arm-none-eabi/lib/thumb/v7e-m+fp/hard\libc_nano.a(libc_a-closer.o)
                              C:/ST/STM32CubeIDE_1.16.1/STM32CubeIDE/plugins/com.st.stm32cube.ide.mcu.externaltools.gnu-tools-for-stm32.13.3.rel1.win32_1.0.0.202411081344/tools/bin/../lib/gcc/arm-none-eabi/13.3.1/../../../../arm-none-eabi/lib/thumb/v7e-m+fp/hard\libc_nano.a(libc_a-stdio.o) (_close_r)
[...]
Memory Configuration

Name             Origin             Length             Attributes
RAM              0x20000000         0x00020000         xrw
FLASH            0x08000000         0x00080000         xr
*default*        0x00000000         0xffffffff

Linker script and memory map

LOAD C:/ST/STM32CubeIDE_1.16.1/STM32CubeIDE/plugins/com.st.stm32cube.ide.mcu.externaltools.gnu-tools-for-stm32.13.3.rel1.win32_1.0.0.202411081344/tools/bin/../lib/gcc/arm-none-eabi/13.3.1/thumb/v7e-m+fp/hard/crti.o
LOAD C:/ST/STM32CubeIDE_1.16.1/STM32CubeIDE/plugins/com.st.stm32cube.ide.mcu.externaltools.gnu-tools-for-stm32.13.3.rel1.win32_1.0.0.202411081344/tools/bin/../lib/gcc/arm-none-eabi/13.3.1/thumb/v7e-m+fp/hard/crtbegin.o
LOAD C:/ST/STM32CubeIDE_1.16.1/STM32CubeIDE/plugins/com.st.stm32cube.ide.mcu.externaltools.gnu-tools-for-stm32.13.3.rel1.win32_1.0.0.202411081344/tools/bin/../lib/gcc/arm-none-eabi/13.3.1/../../../../arm-none-eabi/lib/thumb/v7e-m+fp/hard/crt0.o
LOAD ./Core/Src/Drone_control.o
LOAD ./Core/Src/Oneshot125_Esc_Control.o
LOAD ./Core/Src/PID.o
LOAD ./Core/Src/bmp180.o
LOAD ./Core/Src/bno055.o
LOAD ./Core/Src/freertos.o
LOAD ./Core/Src/main.o
LOAD ./Core/Src/nrf24L01.o
LOAD ./Core/Src/stm32f4xx_hal_msp.o
LOAD ./Core/Src/stm32f4xx_hal_timebase_tim.o
LOAD ./Core/Src/stm32f4xx_it.o
LOAD ./Core/Src/syscalls.o
LOAD ./Core/Src/sysmem.o
LOAD ./Core/Src/system_stm32f4xx.o
LOAD ./Core/Startup/startup_stm32f411ceux.o
LOAD ./Drivers/STM32F4xx_HAL_Driver/Src/stm32f4xx_hal.o
LOAD ./Drivers/STM32F4xx_HAL_Driver/Src/stm32f4xx_hal_adc.o
LOAD ./Drivers/STM32F4xx_HAL_Driver/Src/stm32f4xx_hal_adc_ex.o
LOAD ./Drivers/STM32F4xx_HAL_Driver/Src/stm32f4xx_hal_cortex.o
LOAD ./Drivers/STM32F4xx_HAL_Driver/Src/stm32f4xx_hal_dma.o
LOAD ./Drivers/STM32F4xx_HAL_Driver/Src/stm32f4xx_hal_dma_ex.o
LOAD ./Drivers/STM32F4xx_HAL_Driver/Src/stm32f4xx_hal_exti.o
LOAD ./Drivers/STM32F4xx_HAL_Driver/Src/stm32f4xx_hal_flash.o
LOAD ./Drivers/STM32F4xx_HAL_Driver/Src/stm32f4xx_hal_flash_ex.o
LOAD ./Drivers/STM32F4xx_HAL_Driver/Src/stm32f4xx_hal_flash_ramfunc.o
LOAD ./Drivers/STM32F4xx_HAL_Driver/Src/stm32f4xx_hal_gpio.o
LOAD ./Drivers/STM32F4xx_HAL_Driver/Src/stm32f4xx_hal_i2c.o
LOAD ./Drivers/STM32F4xx_HAL_Driver/Src/stm32f4xx_hal_i2c_ex.o
LOAD ./Drivers/STM32F4xx_HAL_Driver/Src/stm32f4xx_hal_pwr.o
LOAD ./Drivers/STM32F4xx_HAL_Driver/Src/stm32f4xx_hal_pwr_ex.o
LOAD ./Drivers/STM32F4xx_HAL_Driver/Src/stm32f4xx_hal_rcc.o
LOAD ./Drivers/STM32F4xx_HAL_Driver/Src/stm32f4xx_hal_rcc_ex.o
LOAD ./Drivers/STM32F4xx_HAL_Driver/Src/stm32f4xx_hal_spi.o
LOAD ./Drivers/STM32F4xx_HAL_Driver/Src/stm32f4xx_hal_tim.o
LOAD ./Drivers/STM32F4xx_HAL_Driver/Src/stm32f4xx_hal_tim_ex.o
LOAD ./Drivers/STM32F4xx_HAL_Driver/Src/stm32f4xx_hal_uart.o
LOAD ./Drivers/STM32F4xx_HAL_Driver/Src/stm32f4xx_ll_adc.o
LOAD ./Middlewares/Third_Party/FreeRTOS/Source/CMSIS_RTOS/cmsis_os.o
LOAD ./Middlewares/Third_Party/FreeRTOS/Source/croutine.o
LOAD ./Middlewares/Third_Party/FreeRTOS/Source/event_groups.o
LOAD ./Middlewares/Third_Party/FreeRTOS/Source/list.o
LOAD ./Middlewares/Third_Party/FreeRTOS/Source/queue.o
LOAD ./Middlewares/Third_Party/FreeRTOS/Source/stream_buffer.o
LOAD ./Middlewares/Third_Party/FreeRTOS/Source/tasks.o
LOAD ./Middlewares/Third_Party/FreeRTOS/Source/timers.o
LOAD ./Middlewares/Third_Party/FreeRTOS/Source/portable/GCC/ARM_CM4F/port.o
LOAD ./Middlewares/Third_Party/FreeRTOS/Source/portable/MemMang/heap_4.o
START GROUP
LOAD C:/ST/STM32CubeIDE_1.16.1/STM32CubeIDE/plugins/com.st.stm32cube.ide.mcu.externaltools.gnu-tools-for-stm32.13.3.rel1.win32_1.0.0.202411081344/tools/bin/../lib/gcc/arm-none-eabi/13.3.1/../../../../arm-none-eabi/lib/thumb/v7e-m+fp/hard\libc_nano.a
LOAD C:/ST/STM32CubeIDE_1.16.1/STM32CubeIDE/plugins/com.st.stm32cube.ide.mcu.externaltools.gnu-tools-for-stm32.13.3.rel1.win32_1.0.0.202411081344/tools/bin/../lib/gcc/arm-none-eabi/13.3.1/../../../../arm-none-eabi/lib/thumb/v7e-m+fp/hard\libm.a
END GROUP
START GROUP
LOAD C:/ST/STM32CubeIDE_1.16.1/STM32CubeIDE/plugins/com.st.stm32cube.ide.mcu.externaltools.gnu-tools-for-stm32.13.3.rel1.win32_1.0.0.202411081344/tools/bin/../lib/gcc/arm-none-eabi/13.3.1/thumb/v7e-m+fp/hard\libgcc.a
LOAD C:/ST/STM32CubeIDE_1.16.1/STM32CubeIDE/plugins/com.st.stm32cube.ide.mcu.externaltools.gnu-tools-for-stm32.13.3.rel1.win32_1.0.0.202411081344/tools/bin/../lib/gcc/arm-none-eabi/13.3.1/../../../../arm-none-eabi/lib/thumb/v7e-m+fp/hard\libc_nano.a
END GROUP
START GROUP
LOAD C:/ST/STM32CubeIDE_1.16.1/STM32CubeIDE/plugins/com.st.stm32cube.ide.mcu.externaltools.gnu-tools-for-stm32.13.3.rel1.win32_1.0.0.202411081344/tools/bin/../lib/gcc/arm-none-eabi/13.3.1/thumb/v7e-m+fp/hard\libgcc.a
LOAD C:/ST/STM32CubeIDE_1.16.1/STM32CubeIDE/plugins/com.st.stm32cube.ide.mcu.externaltools.gnu-tools-for-stm32.13.3.rel1.win32_1.0.0.202411081344/tools/bin/../lib/gcc/arm-none-eabi/13.3.1/../../../../arm-none-eabi/lib/thumb/v7e-m+fp/hard\libc_nano.a
LOAD C:/ST/STM32CubeIDE_1.16.1/STM32CubeIDE/plugins/com.st.stm32cube.ide.mcu.externaltools.gnu-tools-for-stm32.13.3.rel1.win32_1.0.0.202411081344/tools/bin/../lib/gcc/arm-none-eabi/13.3.1/../../../../arm-none-eabi/lib/thumb/v7e-m+fp/hard\libnosys.a
END GROUP
START GROUP
LOAD C:/ST/STM32CubeIDE_1.16.1/STM32CubeIDE/plugins/com.st.stm32cube.ide.mcu.externaltools.gnu-tools-for-stm32.13.3.rel1.win32_1.0.0.202411081344/tools/bin/../lib/gcc/arm-none-eabi/13.3.1/thumb/v7e-m+fp/hard\libgcc.a
LOAD C:/ST/STM32CubeIDE_1.16.1/STM32CubeIDE/plugins/com.st.stm32cube.ide.mcu.externaltools.gnu-tools-for-stm32.13.3.rel1.win32_1.0.0.202411081344/tools/bin/../lib/gcc/arm-none-eabi/13.3.1/../../../../arm-none-eabi/lib/thumb/v7e-m+fp/hard\libc_nano.a
LOAD C:/ST/STM32CubeIDE_1.16.1/STM32CubeIDE/plugins/com.st.stm32cube.ide.mcu.externaltools.gnu-tools-for-stm32.13.3.rel1.win32_1.0.0.202411081344/tools/bin/../lib/gcc/arm-none-eabi/13.3.1/../../../../arm-none-eabi/lib/thumb/v7e-m+fp/hard\libnosys.a
END GROUP
LOAD C:/ST/STM32CubeIDE_1.16.1/STM32CubeIDE/plugins/com.st.stm32cube.ide.mcu.externaltools.gnu-tools-for-stm32.13.3.rel1.win32_1.0.0.202411081344/tools/bin/../lib/gcc/arm-none-eabi/13.3.1/thumb/v7e-m+fp/hard/crtend.o
LOAD C:/ST/STM32CubeIDE_1.16.1/STM32CubeIDE/plugins/com.st.stm32cube.ide.mcu.externaltools.gnu-tools-for-stm32.13.3.rel1.win32_1.0.0.202411081344/tools/bin/../lib/gcc/arm-none-eabi/13.3.1/thumb/v7e-m+fp/hard/crtn.o
                0x20020000                        _estack = (ORIGIN (RAM) + LENGTH (RAM))
                0x00000200                        _Min_Heap_Size = 0x200
                0x00000400                        _Min_Stack_Size = 0x400

.isr_vector     0x08000000      0x198
                0x08000000                        . = ALIGN (0x4)
 *(.isr_vector)
 .isr_vector    0x08000000      0x198 ./Core/Startup/startup_stm32f411ceux.o
                0x08000000                g_pfnVectors
                0x08000198                        . = ALIGN (0x4)

.text           0x080001a0     0xd4f0
                0x080001a0                        . = ALIGN (0x4)
 *(.text)
 .text          0x080001a0       0x40 C:/ST/STM32CubeIDE_1.16.1/STM32CubeIDE/plugins/com.st.stm32cube.ide.mcu.externaltools.gnu-tools-for-stm32.13.3.rel1.win32_1.0.0.202411081344/tools/bin/../lib/gcc/arm-none-eabi/13.3.1/thumb/v7e-m+fp/hard/crtbegin.o
 .text          0x080001e0       0xa0 C:/ST/STM32CubeIDE_1.16.1/STM32CubeIDE/plugins/com.st.stm32cube.ide.mcu.externaltools.gnu-tools-for-stm32.13.3.rel1.win32_1.0.0.202411081344/tools/bin/../lib/gcc/arm-none-eabi/13.3.1/../../../../arm-none-eabi/lib/thumb/v7e-m+fp/hard\libc_nano.a(libc_a-memchr.o)
                0x080001e0                memchr
 .text          0x08000280      0x378 C:/ST/STM32CubeIDE_1.16.1/STM32CubeIDE/plugins/com.st.stm32cube.ide.mcu.externaltools.gnu-tools-for-stm32.13.3.rel1.win32_1.0.0.202411081344/tools/bin/../lib/gcc/arm-none-eabi/13.3.1/thumb/v7e-m+fp/hard\libgcc.a(_arm_addsubdf3.o)
                0x08000280                __aeabi_drsub
                0x08000288                __aeabi_dsub
                0x08000288                __subdf3
                0x0800028c                __aeabi_dadd
                0x0800028c                __adddf3
                0x08000504                __floatunsidf
                0x08000504                __aeabi_ui2d
                0x08000524                __floatsidf
                0x08000524                __aeabi_i2d
                0x08000548                __aeabi_f2d
                0x08000548                __extendsfdf2
                0x0800058c                __floatundidf
                0x0800058c                __aeabi_ul2d
                0x0800059c                __floatdidf
                0x0800059c                __aeabi_l2d
 .text          0x080005f8      0x424 C:/ST/STM32CubeIDE_1.16.1/STM32CubeIDE/plugins/com.st.stm32cube.ide.mcu.externaltools.gnu-tools-for-stm32.13.3.rel1.win32_1.0.0.202411081344/tools/bin/../lib/gcc/arm-none-eabi/13.3.1/thumb/v7e-m+fp/hard\libgcc.a(_arm_muldivdf3.o)
                0x080005f8                __aeabi_dmul
                0x080005f8                __muldf3
                0x0800084c                __divdf3
                0x0800084c                __aeabi_ddiv
 .text          0x08000a1c       0xa0 C:/ST/STM32CubeIDE_1.16.1/STM32CubeIDE/plugins/com.st.stm32cube.ide.mcu.externaltools.gnu-tools-for-stm32.13.3.rel1.win32_1.0.0.202411081344/tools/bin/../lib/gcc/arm-none-eabi/13.3.1/thumb/v7e-m+fp/hard\libgcc.a(_arm_truncdfsf2.o)
                0x08000a1c                __truncdfsf2
                0x08000a1c                __aeabi_d2f
 .text          0x08000abc       0x30 C:/ST/STM32CubeIDE_1.16.1/STM32CubeIDE/plugins/com.st.stm32cube.ide.mcu.externaltools.gnu-tools-for-stm32.13.3.rel1.win32_1.0.0.202411081344/tools/bin/../lib/gcc/arm-none-eabi/13.3.1/thumb/v7e-m+fp/hard\libgcc.a(_aeabi_uldivmod.o)
                0x08000abc                __aeabi_uldivmod
 .text          0x08000aec      0x2f8 C:/ST/STM32CubeIDE_1.16.1/STM32CubeIDE/plugins/com.st.stm32cube.ide.mcu.externaltools.gnu-tools-for-stm32.13.3.rel1.win32_1.0.0.202411081344/tools/bin/../lib/gcc/arm-none-eabi/13.3.1/thumb/v7e-m+fp/hard\libgcc.a(_udivmoddi4.o)
                0x08000aec                __udivmoddi4
 .text          0x08000de4        0x4 C:/ST/STM32CubeIDE_1.16.1/STM32CubeIDE/plugins/com.st.stm32cube.ide.mcu.externaltools.gnu-tools-for-stm32.13.3.rel1.win32_1.0.0.202411081344/tools/bin/../lib/gcc/arm-none-eabi/13.3.1/thumb/v7e-m+fp/hard\libgcc.a(_dvmd_tls.o)
                0x08000de4                __aeabi_idiv0
                0x08000de4                __aeabi_ldiv0
 *(.text*)
 .text.escNormalOneshot125
                0x08000de8       0xb8 ./Core/Src/Oneshot125_Esc_Control.o
                0x08000de8                escNormalOneshot125
 .text.Control4Motor
                0x08000ea0       0x4a ./Core/Src/Oneshot125_Esc_Control.o
                0x08000ea0                Control4Motor
 .text.Calibration_RTOS
                0x08000eea       0x78 ./Core/Src/Oneshot125_Esc_Control.o
                0x08000eea                Calibration_RTOS
 .text.pidControllersInit
                0x08000f62       0xb2 ./Core/Src/PID.o
                0x08000f62                pidControllersInit
 .text.pidUpdate
                0x08001014      0x1a0 ./Core/Src/PID.o
                0x08001014                pidUpdate
 .text.BMP180_Init
                0x080011b4       0x46 ./Core/Src/bmp180.o
                0x080011b4                BMP180_Init
 .text.BMP180_ReadCalibrationData
                0x080011fa      0x120 ./Core/Src/bmp180.o
 *fill*         0x0800131a        0x2 
 .text.BMP180_ReadUncompPress
                0x0800131c       0xb4 ./Core/Src/bmp180.o
 .text.BMP180_ReadPressure
                0x080013d0      0x138 ./Core/Src/bmp180.o
                0x080013d0                BMP180_ReadPressure
 .text.BMP180_ReadAltitude
                0x08001508       0x54 ./Core/Src/bmp180.o
                0x08001508                BMP180_ReadAltitude
 .text.bno055_setPage
                0x0800155c       0x1c ./Core/Src/bno055.o
                0x0800155c                bno055_setPage
 .text.bno055_setOperationMode
                0x08001578       0x30 ./Core/Src/bno055.o
                0x08001578                bno055_setOperationMode
 .text.bno055_setOperationModeConfig
                0x080015a8        0xe ./Core/Src/bno055.o
                0x080015a8                bno055_setOperationModeConfig
 .text.bno055_setOperationModeNDOF
                0x080015b6        0xe ./Core/Src/bno055.o
                0x080015b6                bno055_setOperationModeNDOF
 .text.bno055_reset
                0x080015c4       0x18 ./Core/Src/bno055.o
                0x080015c4                bno055_reset
 .text.bno055_setup
                0x080015dc       0x50 ./Core/Src/bno055.o
                0x080015dc                bno055_setup
 .text.bno055_getVector
                0x0800162c      0x294 ./Core/Src/bno055.o
                0x0800162c                bno055_getVector
 .text.bno055_getVectorGyroscope
                0x080018c0       0x86 ./Core/Src/bno055.o
                0x080018c0                bno055_getVectorGyroscope
 .text.bno055_getVectorEuler
                0x08001946       0x86 ./Core/Src/bno055.o
                0x08001946                bno055_getVectorEuler
 .text.vApplicationGetIdleTaskMemory
                0x080019cc       0x34 ./Core/Src/freertos.o
                0x080019cc                vApplicationGetIdleTaskMemory
 .text.bno055_assignI2C
                0x08001a00       0x20 ./Core/Src/main.o
                0x08001a00                bno055_assignI2C
 .text.bno055_delay
                0x08001a20       0x18 ./Core/Src/main.o
                0x08001a20                bno055_delay
 .text.bno055_writeData
                0x08001a38      0x1d8 ./Core/Src/main.o
                0x08001a38                bno055_writeData
 .text.bno055_readData
                0x08001c10       0x44 ./Core/Src/main.o
                0x08001c10                bno055_readData
 .text.HAL_ADC_ConvCpltCallback
                0x08001c54       0x50 ./Core/Src/main.o
                0x08001c54                HAL_ADC_ConvCpltCallback
 .text.HAL_UART_RxCpltCallback
                0x08001ca4       0x50 ./Core/Src/main.o
                0x08001ca4                HAL_UART_RxCpltCallback
 .text.main     0x08001cf4      0x2dc ./Core/Src/main.o
                0x08001cf4                main
 .text.SystemClock_Config
                0x08001fd0       0xd0 ./Core/Src/main.o
                0x08001fd0                SystemClock_Config
 .text.MX_ADC1_Init
                0x080020a0       0xa4 ./Core/Src/main.o
 .text.MX_I2C1_Init
                0x08002144       0x5c ./Core/Src/main.o
 .text.MX_I2C2_Init
                0x080021a0       0x5c ./Core/Src/main.o
 .text.MX_SPI2_Init
                0x080021fc       0x6c ./Core/Src/main.o
 .text.MX_TIM3_Init
                0x08002268       0xf4 ./Core/Src/main.o
 .text.MX_USART1_UART_Init
                0x0800235c       0x54 ./Core/Src/main.o
 .text.MX_USART2_UART_Init
                0x080023b0       0x54 ./Core/Src/main.o
 .text.MX_USART6_UART_Init
                0x08002404       0x54 ./Core/Src/main.o
 .text.MX_DMA_Init
                0x08002458       0x40 ./Core/Src/main.o
 .text.MX_GPIO_Init
                0x08002498      0x10c ./Core/Src/main.o
 .text.ESC_Task
                0x080025a4      0x2c0 ./Core/Src/main.o
                0x080025a4                ESC_Task
 .text.NRF_Task
                0x08002864       0x30 ./Core/Src/main.o
                0x08002864                NRF_Task
 .text.BNO_Task
                0x08002894       0xb4 ./Core/Src/main.o
                0x08002894                BNO_Task
 .text.BMP_Task
                0x08002948       0x54 ./Core/Src/main.o
                0x08002948                BMP_Task
 .text.ADC_Task
                0x0800299c       0x40 ./Core/Src/main.o
                0x0800299c                ADC_Task
 .text.ZIGBEE_Task
                0x080029dc       0x40 ./Core/Src/main.o
                0x080029dc                ZIGBEE_Task
 .text.StartDefaultTask
                0x08002a1c       0x24 ./Core/Src/main.o
                0x08002a1c                StartDefaultTask
 .text.HAL_TIM_PeriodElapsedCallback
                0x08002a40       0x24 ./Core/Src/main.o
                0x08002a40                HAL_TIM_PeriodElapsedCallback
 .text.Error_Handler
                0x08002a64        0xc ./Core/Src/main.o
                0x08002a64                Error_Handler
 .text.Chip_Select
                0x08002a70       0x20 ./Core/Src/nrf24L01.o
                0x08002a70                Chip_Select
 .text.Chip_Deselect
                0x08002a90       0x20 ./Core/Src/nrf24L01.o
                0x08002a90                Chip_Deselect
 .text.Set_CE_High
                0x08002ab0       0x20 ./Core/Src/nrf24L01.o
                0x08002ab0                Set_CE_High
 .text.Set_CE_Low
                0x08002ad0       0x20 ./Core/Src/nrf24L01.o
                0x08002ad0                Set_CE_Low
 .text.nRF_WriteRegister
                0x08002af0       0xc0 ./Core/Src/nrf24L01.o
                0x08002af0                nRF_WriteRegister
 .text.nRF_WriteOneRegister
                0x08002bb0       0x42 ./Core/Src/nrf24L01.o
                0x08002bb0                nRF_WriteOneRegister
 .text.nRF_ReadOneRegister
                0x08002bf2       0x44 ./Core/Src/nrf24L01.o
                0x08002bf2                nRF_ReadOneRegister
 .text.nRF_SendCmd
                0x08002c36       0x34 ./Core/Src/nrf24L01.o
                0x08002c36                nRF_SendCmd
 .text.nRF_GetStatus
                0x08002c6a       0x48 ./Core/Src/nrf24L01.o
                0x08002c6a                nRF_GetStatus
 .text.nRF_RX_Payload
                0x08002cb2       0x46 ./Core/Src/nrf24L01.o
                0x08002cb2                nRF_RX_Payload
 .text.RX_Enhanced_ShockBurst_Config_RTOS
                0x08002cf8       0x74 ./Core/Src/nrf24L01.o
                0x08002cf8                RX_Enhanced_ShockBurst_Config_RTOS
 .text.RX_Communication
                0x08002d6c       0x5a ./Core/Src/nrf24L01.o
                0x08002d6c                RX_Communication
 .text.CONFIG_REG_Write
                0x08002dc6       0x38 ./Core/Src/nrf24L01.o
                0x08002dc6                CONFIG_REG_Write
 .text.RX_ADDR_P0_Write
                0x08002dfe       0x64 ./Core/Src/nrf24L01.o
                0x08002dfe                RX_ADDR_P0_Write
 *fill*         0x08002e62        0x2 
 .text.HAL_MspInit
                0x08002e64       0x58 ./Core/Src/stm32f4xx_hal_msp.o
                0x08002e64                HAL_MspInit
 .text.HAL_ADC_MspInit
                0x08002ebc       0xfc ./Core/Src/stm32f4xx_hal_msp.o
                0x08002ebc                HAL_ADC_MspInit
 .text.HAL_I2C_MspInit
                0x08002fb8      0x118 ./Core/Src/stm32f4xx_hal_msp.o
                0x08002fb8                HAL_I2C_MspInit
 .text.HAL_SPI_MspInit
                0x080030d0       0x90 ./Core/Src/stm32f4xx_hal_msp.o
                0x080030d0                HAL_SPI_MspInit
 .text.HAL_TIM_PWM_MspInit
                0x08003160       0x44 ./Core/Src/stm32f4xx_hal_msp.o
                0x08003160                HAL_TIM_PWM_MspInit
 .text.HAL_TIM_MspPostInit
                0x080031a4       0xb4 ./Core/Src/stm32f4xx_hal_msp.o
                0x080031a4                HAL_TIM_MspPostInit
 .text.HAL_UART_MspInit
                0x08003258      0x174 ./Core/Src/stm32f4xx_hal_msp.o
                0x08003258                HAL_UART_MspInit
 .text.HAL_InitTick
                0x080033cc       0xe4 ./Core/Src/stm32f4xx_hal_timebase_tim.o
                0x080033cc                HAL_InitTick
 .text.NMI_Handler
                0x080034b0        0x8 ./Core/Src/stm32f4xx_it.o
                0x080034b0                NMI_Handler
 .text.HardFault_Handler
                0x080034b8        0x8 ./Core/Src/stm32f4xx_it.o
                0x080034b8                HardFault_Handler
 .text.MemManage_Handler
                0x080034c0        0x8 ./Core/Src/stm32f4xx_it.o
                0x080034c0                MemManage_Handler
 .text.BusFault_Handler
                0x080034c8        0x8 ./Core/Src/stm32f4xx_it.o
                0x080034c8                BusFault_Handler
 .text.UsageFault_Handler
                0x080034d0        0x8 ./Core/Src/stm32f4xx_it.o
                0x080034d0                UsageFault_Handler
 .text.DebugMon_Handler
                0x080034d8        0xe ./Core/Src/stm32f4xx_it.o
                0x080034d8                DebugMon_Handler
 *fill*         0x080034e6        0x2 
 .text.ADC_IRQHandler
                0x080034e8       0x14 ./Core/Src/stm32f4xx_it.o
                0x080034e8                ADC_IRQHandler
 .text.TIM1_UP_TIM10_IRQHandler
                0x080034fc       0x14 ./Core/Src/stm32f4xx_it.o
                0x080034fc                TIM1_UP_TIM10_IRQHandler
 .text.USART2_IRQHandler
                0x08003510       0x14 ./Core/Src/stm32f4xx_it.o
                0x08003510                USART2_IRQHandler
 .text.DMA2_Stream0_IRQHandler
                0x08003524       0x14 ./Core/Src/stm32f4xx_it.o
                0x08003524                DMA2_Stream0_IRQHandler
 .text._read    0x08003538       0x3a ./Core/Src/syscalls.o
                0x08003538                _read
 .text._write   0x08003572       0x38 ./Core/Src/syscalls.o
                0x08003572                _write
 .text._close   0x080035aa       0x18 ./Core/Src/syscalls.o
                0x080035aa                _close
 .text._fstat   0x080035c2       0x20 ./Core/Src/syscalls.o
                0x080035c2                _fstat
 .text._isatty  0x080035e2       0x16 ./Core/Src/syscalls.o
                0x080035e2                _isatty
 .text._lseek   0x080035f8       0x1a ./Core/Src/syscalls.o
                0x080035f8                _lseek
 *fill*         0x08003612        0x2 
 .text._sbrk    0x08003614       0x6c ./Core/Src/sysmem.o
                0x08003614                _sbrk
 .text.SystemInit
                0x08003680       0x24 ./Core/Src/system_stm32f4xx.o
                0x08003680                SystemInit
 .text.Reset_Handler
                0x080036a4       0x50 ./Core/Startup/startup_stm32f411ceux.o
                0x080036a4                Reset_Handler
 .text.Default_Handler
                0x080036f4        0x2 ./Core/Startup/startup_stm32f411ceux.o
                0x080036f4                RTC_Alarm_IRQHandler
                0x080036f4                EXTI2_IRQHandler
                0x080036f4                SPI4_IRQHandler
                0x080036f4                TIM1_CC_IRQHandler
                0x080036f4                DMA2_Stream5_IRQHandler
                0x080036f4                DMA1_Stream5_IRQHandler
                0x080036f4                PVD_IRQHandler
                0x080036f4                SDIO_IRQHandler
                0x080036f4                TAMP_STAMP_IRQHandler
                0x080036f4                EXTI3_IRQHandler
                0x080036f4                I2C3_ER_IRQHandler
                0x080036f4                EXTI0_IRQHandler
                0x080036f4                I2C2_EV_IRQHandler
                0x080036f4                DMA1_Stream2_IRQHandler
                0x080036f4                FPU_IRQHandler
                0x080036f4                DMA2_Stream2_IRQHandler
                0x080036f4                SPI1_IRQHandler
                0x080036f4                TIM1_BRK_TIM9_IRQHandler
                0x080036f4                DMA2_Stream3_IRQHandler
                0x080036f4                USART6_IRQHandler
                0x080036f4                TIM4_IRQHandler
                0x080036f4                I2C1_EV_IRQHandler
                0x080036f4                DMA1_Stream6_IRQHandler
                0x080036f4                DMA1_Stream1_IRQHandler
                0x080036f4                TIM3_IRQHandler
                0x080036f4                RCC_IRQHandler
                0x080036f4                Default_Handler
                0x080036f4                EXTI15_10_IRQHandler
                0x080036f4                DMA1_Stream7_IRQHandler
                0x080036f4                SPI5_IRQHandler
                0x080036f4                TIM5_IRQHandler
                0x080036f4                DMA2_Stream7_IRQHandler
                0x080036f4                I2C3_EV_IRQHandler
                0x080036f4                EXTI9_5_IRQHandler
                0x080036f4                RTC_WKUP_IRQHandler
                0x080036f4                SPI2_IRQHandler
                0x080036f4                DMA1_Stream0_IRQHandler
                0x080036f4                EXTI4_IRQHandler
                0x080036f4                WWDG_IRQHandler
                0x080036f4                TIM2_IRQHandler
                0x080036f4                OTG_FS_WKUP_IRQHandler
                0x080036f4                TIM1_TRG_COM_TIM11_IRQHandler
                0x080036f4                EXTI1_IRQHandler
                0x080036f4                I2C2_ER_IRQHandler
                0x080036f4                DMA2_Stream1_IRQHandler
                0x080036f4                FLASH_IRQHandler
                0x080036f4                DMA2_Stream4_IRQHandler
                0x080036f4                USART1_IRQHandler
                0x080036f4                OTG_FS_IRQHandler
                0x080036f4                SPI3_IRQHandler
                0x080036f4                DMA1_Stream4_IRQHandler
                0x080036f4                I2C1_ER_IRQHandler
                0x080036f4                DMA2_Stream6_IRQHandler
                0x080036f4                DMA1_Stream3_IRQHandler
 *fill*         0x080036f6        0x2 
 .text.HAL_Init
                0x080036f8       0x44 ./Drivers/STM32F4xx_HAL_Driver/Src/stm32f4xx_hal.o
                0x080036f8                HAL_Init
 .text.HAL_IncTick
                0x0800373c       0x28 ./Drivers/STM32F4xx_HAL_Driver/Src/stm32f4xx_hal.o
                0x0800373c                HAL_IncTick
 .text.HAL_GetTick
                0x08003764       0x18 ./Drivers/STM32F4xx_HAL_Driver/Src/stm32f4xx_hal.o
                0x08003764                HAL_GetTick
 .text.HAL_ADC_Init
                0x0800377c       0x86 ./Drivers/STM32F4xx_HAL_Driver/Src/stm32f4xx_hal_adc.o
                0x0800377c                HAL_ADC_Init
 .text.HAL_ADC_IRQHandler
                0x08003802      0x220 ./Drivers/STM32F4xx_HAL_Driver/Src/stm32f4xx_hal_adc.o
                0x08003802                HAL_ADC_IRQHandler
 *fill*         0x08003a22        0x2 
 .text.HAL_ADC_Start_DMA
                0x08003a24      0x1e8 ./Drivers/STM32F4xx_HAL_Driver/Src/stm32f4xx_hal_adc.o
                0x08003a24                HAL_ADC_Start_DMA
 .text.HAL_ADC_ConvHalfCpltCallback
                0x08003c0c       0x14 ./Drivers/STM32F4xx_HAL_Driver/Src/stm32f4xx_hal_adc.o
                0x08003c0c                HAL_ADC_ConvHalfCpltCallback
 .text.HAL_ADC_LevelOutOfWindowCallback
                0x08003c20       0x14 ./Drivers/STM32F4xx_HAL_Driver/Src/stm32f4xx_hal_adc.o
                0x08003c20                HAL_ADC_LevelOutOfWindowCallback
 .text.HAL_ADC_ErrorCallback
                0x08003c34       0x14 ./Drivers/STM32F4xx_HAL_Driver/Src/stm32f4xx_hal_adc.o
                0x08003c34                HAL_ADC_ErrorCallback
 .text.HAL_ADC_ConfigChannel
                0x08003c48      0x264 ./Drivers/STM32F4xx_HAL_Driver/Src/stm32f4xx_hal_adc.o
                0x08003c48                HAL_ADC_ConfigChannel
 .text.ADC_Init
                0x08003eac      0x1f8 ./Drivers/STM32F4xx_HAL_Driver/Src/stm32f4xx_hal_adc.o
 .text.ADC_DMAConvCplt
                0x080040a4       0xba ./Drivers/STM32F4xx_HAL_Driver/Src/stm32f4xx_hal_adc.o
 .text.ADC_DMAHalfConvCplt
                0x0800415e       0x1c ./Drivers/STM32F4xx_HAL_Driver/Src/stm32f4xx_hal_adc.o
 .text.ADC_DMAError
                0x0800417a       0x2e ./Drivers/STM32F4xx_HAL_Driver/Src/stm32f4xx_hal_adc.o
 .text.HAL_ADCEx_InjectedConvCpltCallback
                0x080041a8       0x14 ./Drivers/STM32F4xx_HAL_Driver/Src/stm32f4xx_hal_adc_ex.o
                0x080041a8                HAL_ADCEx_InjectedConvCpltCallback
 .text.__NVIC_SetPriorityGrouping
                0x080041bc       0x48 ./Drivers/STM32F4xx_HAL_Driver/Src/stm32f4xx_hal_cortex.o
 .text.__NVIC_GetPriorityGrouping
                0x08004204       0x1c ./Drivers/STM32F4xx_HAL_Driver/Src/stm32f4xx_hal_cortex.o
 .text.__NVIC_EnableIRQ
                0x08004220       0x3c ./Drivers/STM32F4xx_HAL_Driver/Src/stm32f4xx_hal_cortex.o
 .text.__NVIC_SetPriority
                0x0800425c       0x54 ./Drivers/STM32F4xx_HAL_Driver/Src/stm32f4xx_hal_cortex.o
 .text.NVIC_EncodePriority
                0x080042b0       0x66 ./Drivers/STM32F4xx_HAL_Driver/Src/stm32f4xx_hal_cortex.o
 .text.HAL_NVIC_SetPriorityGrouping
                0x08004316       0x16 ./Drivers/STM32F4xx_HAL_Driver/Src/stm32f4xx_hal_cortex.o
                0x08004316                HAL_NVIC_SetPriorityGrouping
 .text.HAL_NVIC_SetPriority
                0x0800432c       0x38 ./Drivers/STM32F4xx_HAL_Driver/Src/stm32f4xx_hal_cortex.o
                0x0800432c                HAL_NVIC_SetPriority
 .text.HAL_NVIC_EnableIRQ
                0x08004364       0x1c ./Drivers/STM32F4xx_HAL_Driver/Src/stm32f4xx_hal_cortex.o
                0x08004364                HAL_NVIC_EnableIRQ
 .text.HAL_DMA_Init
                0x08004380      0x15c ./Drivers/STM32F4xx_HAL_Driver/Src/stm32f4xx_hal_dma.o
                0x08004380                HAL_DMA_Init
 .text.HAL_DMA_Start_IT
                0x080044dc       0xb0 ./Drivers/STM32F4xx_HAL_Driver/Src/stm32f4xx_hal_dma.o
                0x080044dc                HAL_DMA_Start_IT
 .text.HAL_DMA_Abort
                0x0800458c       0xe0 ./Drivers/STM32F4xx_HAL_Driver/Src/stm32f4xx_hal_dma.o
                0x0800458c                HAL_DMA_Abort
 .text.HAL_DMA_Abort_IT
                0x0800466c       0x44 ./Drivers/STM32F4xx_HAL_Driver/Src/stm32f4xx_hal_dma.o
                0x0800466c                HAL_DMA_Abort_IT
 .text.HAL_DMA_IRQHandler
                0x080046b0      0x314 ./Drivers/STM32F4xx_HAL_Driver/Src/stm32f4xx_hal_dma.o
                0x080046b0                HAL_DMA_IRQHandler
 .text.DMA_SetConfig
                0x080049c4       0x5c ./Drivers/STM32F4xx_HAL_Driver/Src/stm32f4xx_hal_dma.o
 .text.DMA_CalcBaseAndBitshift
                0x08004a20       0x6c ./Drivers/STM32F4xx_HAL_Driver/Src/stm32f4xx_hal_dma.o
 .text.DMA_CheckFifoParam
                0x08004a8c       0xf8 ./Drivers/STM32F4xx_HAL_Driver/Src/stm32f4xx_hal_dma.o
 .text.HAL_GPIO_Init
                0x08004b84      0x308 ./Drivers/STM32F4xx_HAL_Driver/Src/stm32f4xx_hal_gpio.o
                0x08004b84                HAL_GPIO_Init
 .text.HAL_GPIO_WritePin
                0x08004e8c       0x32 ./Drivers/STM32F4xx_HAL_Driver/Src/stm32f4xx_hal_gpio.o
                0x08004e8c                HAL_GPIO_WritePin
 .text.HAL_GPIO_TogglePin
                0x08004ebe       0x34 ./Drivers/STM32F4xx_HAL_Driver/Src/stm32f4xx_hal_gpio.o
                0x08004ebe                HAL_GPIO_TogglePin
 *fill*         0x08004ef2        0x2 
 .text.HAL_I2C_Init
                0x08004ef4      0x288 ./Drivers/STM32F4xx_HAL_Driver/Src/stm32f4xx_hal_i2c.o
                0x08004ef4                HAL_I2C_Init
 .text.HAL_I2C_Master_Transmit
                0x0800517c      0x1fc ./Drivers/STM32F4xx_HAL_Driver/Src/stm32f4xx_hal_i2c.o
                0x0800517c                HAL_I2C_Master_Transmit
 .text.HAL_I2C_Master_Receive
                0x08005378      0x464 ./Drivers/STM32F4xx_HAL_Driver/Src/stm32f4xx_hal_i2c.o
                0x08005378                HAL_I2C_Master_Receive
 .text.HAL_I2C_Mem_Write
                0x080057dc      0x1f4 ./Drivers/STM32F4xx_HAL_Driver/Src/stm32f4xx_hal_i2c.o
                0x080057dc                HAL_I2C_Mem_Write
 .text.HAL_I2C_Mem_Read
                0x080059d0      0x464 ./Drivers/STM32F4xx_HAL_Driver/Src/stm32f4xx_hal_i2c.o
                0x080059d0                HAL_I2C_Mem_Read
 .text.HAL_I2C_GetState
                0x08005e34       0x1c ./Drivers/STM32F4xx_HAL_Driver/Src/stm32f4xx_hal_i2c.o
                0x08005e34                HAL_I2C_GetState
 .text.HAL_I2C_GetError
                0x08005e50       0x18 ./Drivers/STM32F4xx_HAL_Driver/Src/stm32f4xx_hal_i2c.o
                0x08005e50                HAL_I2C_GetError
 .text.I2C_MasterRequestWrite
                0x08005e68      0x104 ./Drivers/STM32F4xx_HAL_Driver/Src/stm32f4xx_hal_i2c.o
 .text.I2C_MasterRequestRead
                0x08005f6c      0x19c ./Drivers/STM32F4xx_HAL_Driver/Src/stm32f4xx_hal_i2c.o
 .text.I2C_RequestMemoryWrite
                0x08006108      0x12c ./Drivers/STM32F4xx_HAL_Driver/Src/stm32f4xx_hal_i2c.o
 .text.I2C_RequestMemoryRead
                0x08006234      0x1d0 ./Drivers/STM32F4xx_HAL_Driver/Src/stm32f4xx_hal_i2c.o
 .text.I2C_WaitOnFlagUntilTimeout
                0x08006404       0xf4 ./Drivers/STM32F4xx_HAL_Driver/Src/stm32f4xx_hal_i2c.o
 .text.I2C_WaitOnMasterAddressFlagUntilTimeout
                0x080064f8      0x140 ./Drivers/STM32F4xx_HAL_Driver/Src/stm32f4xx_hal_i2c.o
 .text.I2C_WaitOnTXEFlagUntilTimeout
                0x08006638       0x90 ./Drivers/STM32F4xx_HAL_Driver/Src/stm32f4xx_hal_i2c.o
 .text.I2C_WaitOnBTFFlagUntilTimeout
                0x080066c8       0x90 ./Drivers/STM32F4xx_HAL_Driver/Src/stm32f4xx_hal_i2c.o
 .text.I2C_WaitOnRXNEFlagUntilTimeout
                0x08006758       0xba ./Drivers/STM32F4xx_HAL_Driver/Src/stm32f4xx_hal_i2c.o
 .text.I2C_IsAcknowledgeFailed
                0x08006812       0x5e ./Drivers/STM32F4xx_HAL_Driver/Src/stm32f4xx_hal_i2c.o
 .text.HAL_RCC_OscConfig
                0x08006870      0x4f0 ./Drivers/STM32F4xx_HAL_Driver/Src/stm32f4xx_hal_rcc.o
                0x08006870                HAL_RCC_OscConfig
 .text.HAL_RCC_ClockConfig
                0x08006d60      0x1cc ./Drivers/STM32F4xx_HAL_Driver/Src/stm32f4xx_hal_rcc.o
                0x08006d60                HAL_RCC_ClockConfig
 .text.HAL_RCC_GetSysClockFreq
                0x08006f2c      0x18c ./Drivers/STM32F4xx_HAL_Driver/Src/stm32f4xx_hal_rcc.o
                0x08006f2c                HAL_RCC_GetSysClockFreq
 .text.HAL_RCC_GetHCLKFreq
                0x080070b8       0x18 ./Drivers/STM32F4xx_HAL_Driver/Src/stm32f4xx_hal_rcc.o
                0x080070b8                HAL_RCC_GetHCLKFreq
 .text.HAL_RCC_GetPCLK1Freq
                0x080070d0       0x28 ./Drivers/STM32F4xx_HAL_Driver/Src/stm32f4xx_hal_rcc.o
                0x080070d0                HAL_RCC_GetPCLK1Freq
 .text.HAL_RCC_GetPCLK2Freq
                0x080070f8       0x28 ./Drivers/STM32F4xx_HAL_Driver/Src/stm32f4xx_hal_rcc.o
                0x080070f8                HAL_RCC_GetPCLK2Freq
 .text.HAL_RCC_GetClockConfig
                0x08007120       0x64 ./Drivers/STM32F4xx_HAL_Driver/Src/stm32f4xx_hal_rcc.o
                0x08007120                HAL_RCC_GetClockConfig
 .text.HAL_SPI_Init
                0x08007184      0x112 ./Drivers/STM32F4xx_HAL_Driver/Src/stm32f4xx_hal_spi.o
                0x08007184                HAL_SPI_Init
 .text.HAL_SPI_Transmit
                0x08007296      0x288 ./Drivers/STM32F4xx_HAL_Driver/Src/stm32f4xx_hal_spi.o
                0x08007296                HAL_SPI_Transmit
 .text.HAL_SPI_Receive
                0x0800751e      0x232 ./Drivers/STM32F4xx_HAL_Driver/Src/stm32f4xx_hal_spi.o
                0x0800751e                HAL_SPI_Receive
 .text.HAL_SPI_TransmitReceive
                0x08007750      0x352 ./Drivers/STM32F4xx_HAL_Driver/Src/stm32f4xx_hal_spi.o
                0x08007750                HAL_SPI_TransmitReceive
 *fill*         0x08007aa2        0x2 
 .text.SPI_WaitFlagStateUntilTimeout
                0x08007aa4      0x110 ./Drivers/STM32F4xx_HAL_Driver/Src/stm32f4xx_hal_spi.o
 .text.SPI_EndRxTransaction
                0x08007bb4       0xca ./Drivers/STM32F4xx_HAL_Driver/Src/stm32f4xx_hal_spi.o
 *fill*         0x08007c7e        0x2 
 .text.SPI_EndRxTxTransaction
                0x08007c80       0xa8 ./Drivers/STM32F4xx_HAL_Driver/Src/stm32f4xx_hal_spi.o
 .text.HAL_TIM_Base_Init
                0x08007d28       0x9e ./Drivers/STM32F4xx_HAL_Driver/Src/stm32f4xx_hal_tim.o
                0x08007d28                HAL_TIM_Base_Init
 .text.HAL_TIM_Base_MspInit
                0x08007dc6       0x14 ./Drivers/STM32F4xx_HAL_Driver/Src/stm32f4xx_hal_tim.o
                0x08007dc6                HAL_TIM_Base_MspInit
 *fill*         0x08007dda        0x2 
 .text.HAL_TIM_Base_Start_IT
                0x08007ddc       0xc4 ./Drivers/STM32F4xx_HAL_Driver/Src/stm32f4xx_hal_tim.o
                0x08007ddc                HAL_TIM_Base_Start_IT
 .text.HAL_TIM_PWM_Init
                0x08007ea0       0x9e ./Drivers/STM32F4xx_HAL_Driver/Src/stm32f4xx_hal_tim.o
                0x08007ea0                HAL_TIM_PWM_Init
 *fill*         0x08007f3e        0x2 
 .text.HAL_TIM_PWM_Start
                0x08007f40      0x160 ./Drivers/STM32F4xx_HAL_Driver/Src/stm32f4xx_hal_tim.o
                0x08007f40                HAL_TIM_PWM_Start
 .text.HAL_TIM_IRQHandler
                0x080080a0      0x1e0 ./Drivers/STM32F4xx_HAL_Driver/Src/stm32f4xx_hal_tim.o
                0x080080a0                HAL_TIM_IRQHandler
 .text.HAL_TIM_PWM_ConfigChannel
                0x08008280      0x184 ./Drivers/STM32F4xx_HAL_Driver/Src/stm32f4xx_hal_tim.o
                0x08008280                HAL_TIM_PWM_ConfigChannel
 .text.HAL_TIM_OC_DelayElapsedCallback
                0x08008404       0x14 ./Drivers/STM32F4xx_HAL_Driver/Src/stm32f4xx_hal_tim.o
                0x08008404                HAL_TIM_OC_DelayElapsedCallback
 .text.HAL_TIM_IC_CaptureCallback
                0x08008418       0x14 ./Drivers/STM32F4xx_HAL_Driver/Src/stm32f4xx_hal_tim.o
                0x08008418                HAL_TIM_IC_CaptureCallback
 .text.HAL_TIM_PWM_PulseFinishedCallback
                0x0800842c       0x14 ./Drivers/STM32F4xx_HAL_Driver/Src/stm32f4xx_hal_tim.o
                0x0800842c                HAL_TIM_PWM_PulseFinishedCallback
 .text.HAL_TIM_TriggerCallback
                0x08008440       0x14 ./Drivers/STM32F4xx_HAL_Driver/Src/stm32f4xx_hal_tim.o
                0x08008440                HAL_TIM_TriggerCallback
 .text.TIM_Base_SetConfig
                0x08008454      0x10c ./Drivers/STM32F4xx_HAL_Driver/Src/stm32f4xx_hal_tim.o
                0x08008454                TIM_Base_SetConfig
 .text.TIM_OC1_SetConfig
                0x08008560       0xcc ./Drivers/STM32F4xx_HAL_Driver/Src/stm32f4xx_hal_tim.o
 .text.TIM_OC2_SetConfig
                0x0800862c       0xd8 ./Drivers/STM32F4xx_HAL_Driver/Src/stm32f4xx_hal_tim.o
                0x0800862c                TIM_OC2_SetConfig
 .text.TIM_OC3_SetConfig
                0x08008704       0xd4 ./Drivers/STM32F4xx_HAL_Driver/Src/stm32f4xx_hal_tim.o
 .text.TIM_OC4_SetConfig
                0x080087d8       0xa0 ./Drivers/STM32F4xx_HAL_Driver/Src/stm32f4xx_hal_tim.o
 .text.TIM_CCxChannelCmd
                0x08008878       0x4a ./Drivers/STM32F4xx_HAL_Driver/Src/stm32f4xx_hal_tim.o
                0x08008878                TIM_CCxChannelCmd
 *fill*         0x080088c2        0x2 
 .text.HAL_TIMEx_MasterConfigSynchronization
                0x080088c4       0xdc ./Drivers/STM32F4xx_HAL_Driver/Src/stm32f4xx_hal_tim_ex.o
                0x080088c4                HAL_TIMEx_MasterConfigSynchronization
 .text.HAL_TIMEx_CommutCallback
                0x080089a0       0x14 ./Drivers/STM32F4xx_HAL_Driver/Src/stm32f4xx_hal_tim_ex.o
                0x080089a0                HAL_TIMEx_CommutCallback
 .text.HAL_TIMEx_BreakCallback
                0x080089b4       0x14 ./Drivers/STM32F4xx_HAL_Driver/Src/stm32f4xx_hal_tim_ex.o
                0x080089b4                HAL_TIMEx_BreakCallback
 .text.HAL_UART_Init
                0x080089c8       0xa0 ./Drivers/STM32F4xx_HAL_Driver/Src/stm32f4xx_hal_uart.o
                0x080089c8                HAL_UART_Init
 .text.HAL_UART_Receive_IT
                0x08008a68       0x4a ./Drivers/STM32F4xx_HAL_Driver/Src/stm32f4xx_hal_uart.o
                0x08008a68                HAL_UART_Receive_IT
 *fill*         0x08008ab2        0x2 
 .text.HAL_UART_IRQHandler
                0x08008ab4      0x554 ./Drivers/STM32F4xx_HAL_Driver/Src/stm32f4xx_hal_uart.o
                0x08008ab4                HAL_UART_IRQHandler
 .text.HAL_UART_TxCpltCallback
                0x08009008       0x14 ./Drivers/STM32F4xx_HAL_Driver/Src/stm32f4xx_hal_uart.o
                0x08009008                HAL_UART_TxCpltCallback
 .text.HAL_UART_ErrorCallback
                0x0800901c       0x14 ./Drivers/STM32F4xx_HAL_Driver/Src/stm32f4xx_hal_uart.o
                0x0800901c                HAL_UART_ErrorCallback
 .text.HAL_UARTEx_RxEventCallback
                0x08009030       0x18 ./Drivers/STM32F4xx_HAL_Driver/Src/stm32f4xx_hal_uart.o
                0x08009030                HAL_UARTEx_RxEventCallback
 .text.UART_Start_Receive_IT
                0x08009048       0x74 ./Drivers/STM32F4xx_HAL_Driver/Src/stm32f4xx_hal_uart.o
                0x08009048                UART_Start_Receive_IT
 .text.UART_EndRxTransfer
                0x080090bc       0xc6 ./Drivers/STM32F4xx_HAL_Driver/Src/stm32f4xx_hal_uart.o
 .text.UART_DMAAbortOnError
                0x08009182       0x22 ./Drivers/STM32F4xx_HAL_Driver/Src/stm32f4xx_hal_uart.o
 .text.UART_Transmit_IT
                0x080091a4       0xa0 ./Drivers/STM32F4xx_HAL_Driver/Src/stm32f4xx_hal_uart.o
 .text.UART_EndTransmit_IT
                0x08009244       0x30 ./Drivers/STM32F4xx_HAL_Driver/Src/stm32f4xx_hal_uart.o
 .text.UART_Receive_IT
                0x08009274      0x17c ./Drivers/STM32F4xx_HAL_Driver/Src/stm32f4xx_hal_uart.o
 .text.UART_SetConfig
                0x080093f0      0x4e8 ./Drivers/STM32F4xx_HAL_Driver/Src/stm32f4xx_hal_uart.o
 .text.makeFreeRtosPriority
                0x080098d8       0x30 ./Middlewares/Third_Party/FreeRTOS/Source/CMSIS_RTOS/cmsis_os.o
 .text.osKernelStart
                0x08009908        0xe ./Middlewares/Third_Party/FreeRTOS/Source/CMSIS_RTOS/cmsis_os.o
                0x08009908                osKernelStart
 .text.osThreadCreate
                0x08009916       0x98 ./Middlewares/Third_Party/FreeRTOS/Source/CMSIS_RTOS/cmsis_os.o
                0x08009916                osThreadCreate
 .text.osDelay  0x080099ae       0x28 ./Middlewares/Third_Party/FreeRTOS/Source/CMSIS_RTOS/cmsis_os.o
                0x080099ae                osDelay
 .text.vListInitialise
                0x080099d6       0x40 ./Middlewares/Third_Party/FreeRTOS/Source/list.o
                0x080099d6                vListInitialise
 .text.vListInitialiseItem
                0x08009a16       0x1a ./Middlewares/Third_Party/FreeRTOS/Source/list.o
                0x08009a16                vListInitialiseItem
 .text.vListInsertEnd
                0x08009a30       0x48 ./Middlewares/Third_Party/FreeRTOS/Source/list.o
                0x08009a30                vListInsertEnd
 .text.vListInsert
                0x08009a78       0x72 ./Middlewares/Third_Party/FreeRTOS/Source/list.o
                0x08009a78                vListInsert
 .text.uxListRemove
                0x08009aea       0x54 ./Middlewares/Third_Party/FreeRTOS/Source/list.o
                0x08009aea                uxListRemove
 *fill*         0x08009b3e        0x2 
 .text.xQueueGenericReset
                0x08009b40       0xd4 ./Middlewares/Third_Party/FreeRTOS/Source/queue.o
                0x08009b40                xQueueGenericReset
 .text.xQueueGenericCreate
                0x08009c14       0x76 ./Middlewares/Third_Party/FreeRTOS/Source/queue.o
                0x08009c14                xQueueGenericCreate
 .text.prvInitialiseNewQueue
                0x08009c8a       0x3e ./Middlewares/Third_Party/FreeRTOS/Source/queue.o
 .text.xQueueGenericSend
                0x08009cc8      0x204 ./Middlewares/Third_Party/FreeRTOS/Source/queue.o
                0x08009cc8                xQueueGenericSend
 .text.xQueueGiveFromISR
                0x08009ecc      0x120 ./Middlewares/Third_Party/FreeRTOS/Source/queue.o
                0x08009ecc                xQueueGiveFromISR
 .text.xQueueReceive
                0x08009fec      0x1c4 ./Middlewares/Third_Party/FreeRTOS/Source/queue.o
                0x08009fec                xQueueReceive
 .text.xQueueSemaphoreTake
                0x0800a1b0      0x220 ./Middlewares/Third_Party/FreeRTOS/Source/queue.o
                0x0800a1b0                xQueueSemaphoreTake
 .text.prvGetDisinheritPriorityAfterTimeout
                0x0800a3d0       0x30 ./Middlewares/Third_Party/FreeRTOS/Source/queue.o
 .text.prvCopyDataToQueue
                0x0800a400       0xd4 ./Middlewares/Third_Party/FreeRTOS/Source/queue.o
 .text.prvCopyDataFromQueue
                0x0800a4d4       0x4c ./Middlewares/Third_Party/FreeRTOS/Source/queue.o
 .text.prvUnlockQueue
                0x0800a520       0xa4 ./Middlewares/Third_Party/FreeRTOS/Source/queue.o
 .text.prvIsQueueEmpty
                0x0800a5c4       0x2c ./Middlewares/Third_Party/FreeRTOS/Source/queue.o
 .text.prvIsQueueFull
                0x0800a5f0       0x30 ./Middlewares/Third_Party/FreeRTOS/Source/queue.o
 .text.xTaskCreateStatic
                0x0800a620       0xc0 ./Middlewares/Third_Party/FreeRTOS/Source/tasks.o
                0x0800a620                xTaskCreateStatic
 .text.xTaskCreate
                0x0800a6e0       0x8a ./Middlewares/Third_Party/FreeRTOS/Source/tasks.o
                0x0800a6e0                xTaskCreate
 *fill*         0x0800a76a        0x2 
 .text.prvInitialiseNewTask
                0x0800a76c      0x140 ./Middlewares/Third_Party/FreeRTOS/Source/tasks.o
 .text.prvAddNewTaskToReadyList
                0x0800a8ac       0xd4 ./Middlewares/Third_Party/FreeRTOS/Source/tasks.o
 .text.vTaskDelay
                0x0800a980       0x6c ./Middlewares/Third_Party/FreeRTOS/Source/tasks.o
                0x0800a980                vTaskDelay
 .text.vTaskStartScheduler
                0x0800a9ec       0xd4 ./Middlewares/Third_Party/FreeRTOS/Source/tasks.o
                0x0800a9ec                vTaskStartScheduler
 .text.vTaskSuspendAll
                0x0800aac0       0x1c ./Middlewares/Third_Party/FreeRTOS/Source/tasks.o
                0x0800aac0                vTaskSuspendAll
 .text.xTaskResumeAll
                0x0800aadc      0x13c ./Middlewares/Third_Party/FreeRTOS/Source/tasks.o
                0x0800aadc                xTaskResumeAll
 .text.xTaskIncrementTick
                0x0800ac18      0x174 ./Middlewares/Third_Party/FreeRTOS/Source/tasks.o
                0x0800ac18                xTaskIncrementTick
 .text.vTaskSwitchContext
                0x0800ad8c       0xc8 ./Middlewares/Third_Party/FreeRTOS/Source/tasks.o
                0x0800ad8c                vTaskSwitchContext
 .text.vTaskPlaceOnEventList
                0x0800ae54       0x4c ./Middlewares/Third_Party/FreeRTOS/Source/tasks.o
                0x0800ae54                vTaskPlaceOnEventList
 .text.xTaskRemoveFromEventList
                0x0800aea0       0xc8 ./Middlewares/Third_Party/FreeRTOS/Source/tasks.o
                0x0800aea0                xTaskRemoveFromEventList
 .text.vTaskInternalSetTimeOutState
                0x0800af68       0x2c ./Middlewares/Third_Party/FreeRTOS/Source/tasks.o
                0x0800af68                vTaskInternalSetTimeOutState
 .text.xTaskCheckForTimeOut
                0x0800af94       0xc8 ./Middlewares/Third_Party/FreeRTOS/Source/tasks.o
                0x0800af94                xTaskCheckForTimeOut
 .text.vTaskMissedYield
                0x0800b05c       0x18 ./Middlewares/Third_Party/FreeRTOS/Source/tasks.o
                0x0800b05c                vTaskMissedYield
 .text.prvIdleTask
                0x0800b074       0x30 ./Middlewares/Third_Party/FreeRTOS/Source/tasks.o
 .text.prvInitialiseTaskLists
                0x0800b0a4       0x80 ./Middlewares/Third_Party/FreeRTOS/Source/tasks.o
 .text.prvCheckTasksWaitingTermination
                0x0800b124       0x5c ./Middlewares/Third_Party/FreeRTOS/Source/tasks.o
 .text.prvDeleteTCB
                0x0800b180       0x6a ./Middlewares/Third_Party/FreeRTOS/Source/tasks.o
 *fill*         0x0800b1ea        0x2 
 .text.prvResetNextTaskUnblockTime
                0x0800b1ec       0x40 ./Middlewares/Third_Party/FreeRTOS/Source/tasks.o
 .text.xTaskGetSchedulerState
                0x0800b22c       0x3c ./Middlewares/Third_Party/FreeRTOS/Source/tasks.o
                0x0800b22c                xTaskGetSchedulerState
 .text.xTaskPriorityInherit
                0x0800b268       0xec ./Middlewares/Third_Party/FreeRTOS/Source/tasks.o
                0x0800b268                xTaskPriorityInherit
 .text.xTaskPriorityDisinherit
                0x0800b354      0x110 ./Middlewares/Third_Party/FreeRTOS/Source/tasks.o
                0x0800b354                xTaskPriorityDisinherit
 .text.vTaskPriorityDisinheritAfterTimeout
                0x0800b464      0x120 ./Middlewares/Third_Party/FreeRTOS/Source/tasks.o
                0x0800b464                vTaskPriorityDisinheritAfterTimeout
 .text.pvTaskIncrementMutexHeldCount
                0x0800b584       0x28 ./Middlewares/Third_Party/FreeRTOS/Source/tasks.o
                0x0800b584                pvTaskIncrementMutexHeldCount
 .text.prvAddCurrentTaskToDelayedList
                0x0800b5ac       0xcc ./Middlewares/Third_Party/FreeRTOS/Source/tasks.o
 .text.pxPortInitialiseStack
                0x0800b678       0x68 ./Middlewares/Third_Party/FreeRTOS/Source/portable/GCC/ARM_CM4F/port.o
                0x0800b678                pxPortInitialiseStack
 .text.prvTaskExitError
                0x0800b6e0       0x5c ./Middlewares/Third_Party/FreeRTOS/Source/portable/GCC/ARM_CM4F/port.o
 *fill*         0x0800b73c        0x4 
 .text.SVC_Handler
                0x0800b740       0x28 ./Middlewares/Third_Party/FreeRTOS/Source/portable/GCC/ARM_CM4F/port.o
                0x0800b740                SVC_Handler
 .text.prvPortStartFirstTask
                0x0800b768       0x28 ./Middlewares/Third_Party/FreeRTOS/Source/portable/GCC/ARM_CM4F/port.o
 .text.xPortStartScheduler
                0x0800b790      0x148 ./Middlewares/Third_Party/FreeRTOS/Source/portable/GCC/ARM_CM4F/port.o
                0x0800b790                xPortStartScheduler
 .text.vPortEnterCritical
                0x0800b8d8       0x64 ./Middlewares/Third_Party/FreeRTOS/Source/portable/GCC/ARM_CM4F/port.o
                0x0800b8d8                vPortEnterCritical
 .text.vPortExitCritical
                0x0800b93c       0x54 ./Middlewares/Third_Party/FreeRTOS/Source/portable/GCC/ARM_CM4F/port.o
                0x0800b93c                vPortExitCritical
 .text.PendSV_Handler
                0x0800b990       0x68 ./Middlewares/Third_Party/FreeRTOS/Source/portable/GCC/ARM_CM4F/port.o
                0x0800b990                PendSV_Handler
 .text.SysTick_Handler
                0x0800b9f8       0x44 ./Middlewares/Third_Party/FreeRTOS/Source/portable/GCC/ARM_CM4F/port.o
                0x0800b9f8                SysTick_Handler
 .text.vPortSetupTimerInterrupt
                0x0800ba3c       0x48 ./Middlewares/Third_Party/FreeRTOS/Source/portable/GCC/ARM_CM4F/port.o
                0x0800ba3c                vPortSetupTimerInterrupt
 .text.vPortEnableVFP
                0x0800ba84       0x14 ./Middlewares/Third_Party/FreeRTOS/Source/portable/GCC/ARM_CM4F/port.o
 .text.vPortValidateInterruptPriority
                0x0800ba98       0x84 ./Middlewares/Third_Party/FreeRTOS/Source/portable/GCC/ARM_CM4F/port.o
                0x0800ba98                vPortValidateInterruptPriority
 .text.pvPortMalloc
                0x0800bb1c      0x19c ./Middlewares/Third_Party/FreeRTOS/Source/portable/MemMang/heap_4.o
                0x0800bb1c                pvPortMalloc
 .text.vPortFree
                0x0800bcb8       0xc8 ./Middlewares/Third_Party/FreeRTOS/Source/portable/MemMang/heap_4.o
                0x0800bcb8                vPortFree
 .text.prvHeapInit
                0x0800bd80       0xc4 ./Middlewares/Third_Party/FreeRTOS/Source/portable/MemMang/heap_4.o
 .text.prvInsertBlockIntoFreeList
                0x0800be44       0xb4 ./Middlewares/Third_Party/FreeRTOS/Source/portable/MemMang/heap_4.o
 .text.std      0x0800bef8       0x6c C:/ST/STM32CubeIDE_1.16.1/STM32CubeIDE/plugins/com.st.stm32cube.ide.mcu.externaltools.gnu-tools-for-stm32.13.3.rel1.win32_1.0.0.202411081344/tools/bin/../lib/gcc/arm-none-eabi/13.3.1/../../../../arm-none-eabi/lib/thumb/v7e-m+fp/hard\libc_nano.a(libc_a-findfp.o)
 .text.stdio_exit_handler
                0x0800bf64       0x18 C:/ST/STM32CubeIDE_1.16.1/STM32CubeIDE/plugins/com.st.stm32cube.ide.mcu.externaltools.gnu-tools-for-stm32.13.3.rel1.win32_1.0.0.202411081344/tools/bin/../lib/gcc/arm-none-eabi/13.3.1/../../../../arm-none-eabi/lib/thumb/v7e-m+fp/hard\libc_nano.a(libc_a-findfp.o)
 .text.cleanup_stdio
                0x0800bf7c       0x40 C:/ST/STM32CubeIDE_1.16.1/STM32CubeIDE/plugins/com.st.stm32cube.ide.mcu.externaltools.gnu-tools-for-stm32.13.3.rel1.win32_1.0.0.202411081344/tools/bin/../lib/gcc/arm-none-eabi/13.3.1/../../../../arm-none-eabi/lib/thumb/v7e-m+fp/hard\libc_nano.a(libc_a-findfp.o)
 .text.global_stdio_init.part.0
                0x0800bfbc       0x3c C:/ST/STM32CubeIDE_1.16.1/STM32CubeIDE/plugins/com.st.stm32cube.ide.mcu.externaltools.gnu-tools-for-stm32.13.3.rel1.win32_1.0.0.202411081344/tools/bin/../lib/gcc/arm-none-eabi/13.3.1/../../../../arm-none-eabi/lib/thumb/v7e-m+fp/hard\libc_nano.a(libc_a-findfp.o)
 .text.__sfp_lock_acquire
                0x0800bff8        0xc C:/ST/STM32CubeIDE_1.16.1/STM32CubeIDE/plugins/com.st.stm32cube.ide.mcu.externaltools.gnu-tools-for-stm32.13.3.rel1.win32_1.0.0.202411081344/tools/bin/../lib/gcc/arm-none-eabi/13.3.1/../../../../arm-none-eabi/lib/thumb/v7e-m+fp/hard\libc_nano.a(libc_a-findfp.o)
                0x0800bff8                __sfp_lock_acquire
 .text.__sfp_lock_release
                0x0800c004        0xc C:/ST/STM32CubeIDE_1.16.1/STM32CubeIDE/plugins/com.st.stm32cube.ide.mcu.externaltools.gnu-tools-for-stm32.13.3.rel1.win32_1.0.0.202411081344/tools/bin/../lib/gcc/arm-none-eabi/13.3.1/../../../../arm-none-eabi/lib/thumb/v7e-m+fp/hard\libc_nano.a(libc_a-findfp.o)
                0x0800c004                __sfp_lock_release
 .text.__sinit  0x0800c010       0x30 C:/ST/STM32CubeIDE_1.16.1/STM32CubeIDE/plugins/com.st.stm32cube.ide.mcu.externaltools.gnu-tools-for-stm32.13.3.rel1.win32_1.0.0.202411081344/tools/bin/../lib/gcc/arm-none-eabi/13.3.1/../../../../arm-none-eabi/lib/thumb/v7e-m+fp/hard\libc_nano.a(libc_a-findfp.o)
                0x0800c010                __sinit
 .text._fwalk_sglue
                0x0800c040       0x3c C:/ST/STM32CubeIDE_1.16.1/STM32CubeIDE/plugins/com.st.stm32cube.ide.mcu.externaltools.gnu-tools-for-stm32.13.3.rel1.win32_1.0.0.202411081344/tools/bin/../lib/gcc/arm-none-eabi/13.3.1/../../../../arm-none-eabi/lib/thumb/v7e-m+fp/hard\libc_nano.a(libc_a-fwalk.o)
                0x0800c040                _fwalk_sglue
 .text.printf   0x0800c07c       0x24 C:/ST/STM32CubeIDE_1.16.1/STM32CubeIDE/plugins/com.st.stm32cube.ide.mcu.externaltools.gnu-tools-for-stm32.13.3.rel1.win32_1.0.0.202411081344/tools/bin/../lib/gcc/arm-none-eabi/13.3.1/../../../../arm-none-eabi/lib/thumb/v7e-m+fp/hard\libc_nano.a(libc_a-printf.o)
                0x0800c07c                iprintf
                0x0800c07c                printf
 .text._puts_r  0x0800c0a0       0xaa C:/ST/STM32CubeIDE_1.16.1/STM32CubeIDE/plugins/com.st.stm32cube.ide.mcu.externaltools.gnu-tools-for-stm32.13.3.rel1.win32_1.0.0.202411081344/tools/bin/../lib/gcc/arm-none-eabi/13.3.1/../../../../arm-none-eabi/lib/thumb/v7e-m+fp/hard\libc_nano.a(libc_a-puts.o)
                0x0800c0a0                _puts_r
 *fill*         0x0800c14a        0x2 
 .text.puts     0x0800c14c       0x10 C:/ST/STM32CubeIDE_1.16.1/STM32CubeIDE/plugins/com.st.stm32cube.ide.mcu.externaltools.gnu-tools-for-stm32.13.3.rel1.win32_1.0.0.202411081344/tools/bin/../lib/gcc/arm-none-eabi/13.3.1/../../../../arm-none-eabi/lib/thumb/v7e-m+fp/hard\libc_nano.a(libc_a-puts.o)
                0x0800c14c                puts
 .text.__sread  0x0800c15c       0x22 C:/ST/STM32CubeIDE_1.16.1/STM32CubeIDE/plugins/com.st.stm32cube.ide.mcu.externaltools.gnu-tools-for-stm32.13.3.rel1.win32_1.0.0.202411081344/tools/bin/../lib/gcc/arm-none-eabi/13.3.1/../../../../arm-none-eabi/lib/thumb/v7e-m+fp/hard\libc_nano.a(libc_a-stdio.o)
                0x0800c15c                __sread
 .text.__swrite
                0x0800c17e       0x38 C:/ST/STM32CubeIDE_1.16.1/STM32CubeIDE/plugins/com.st.stm32cube.ide.mcu.externaltools.gnu-tools-for-stm32.13.3.rel1.win32_1.0.0.202411081344/tools/bin/../lib/gcc/arm-none-eabi/13.3.1/../../../../arm-none-eabi/lib/thumb/v7e-m+fp/hard\libc_nano.a(libc_a-stdio.o)
                0x0800c17e                __swrite
 .text.__sseek  0x0800c1b6       0x24 C:/ST/STM32CubeIDE_1.16.1/STM32CubeIDE/plugins/com.st.stm32cube.ide.mcu.externaltools.gnu-tools-for-stm32.13.3.rel1.win32_1.0.0.202411081344/tools/bin/../lib/gcc/arm-none-eabi/13.3.1/../../../../arm-none-eabi/lib/thumb/v7e-m+fp/hard\libc_nano.a(libc_a-stdio.o)
                0x0800c1b6                __sseek
 .text.__sclose
                0x0800c1da        0x8 C:/ST/STM32CubeIDE_1.16.1/STM32CubeIDE/plugins/com.st.stm32cube.ide.mcu.externaltools.gnu-tools-for-stm32.13.3.rel1.win32_1.0.0.202411081344/tools/bin/../lib/gcc/arm-none-eabi/13.3.1/../../../../arm-none-eabi/lib/thumb/v7e-m+fp/hard\libc_nano.a(libc_a-stdio.o)
                0x0800c1da                __sclose
 .text.__swbuf_r
                0x0800c1e2       0x7c C:/ST/STM32CubeIDE_1.16.1/STM32CubeIDE/plugins/com.st.stm32cube.ide.mcu.externaltools.gnu-tools-for-stm32.13.3.rel1.win32_1.0.0.202411081344/tools/bin/../lib/gcc/arm-none-eabi/13.3.1/../../../../arm-none-eabi/lib/thumb/v7e-m+fp/hard\libc_nano.a(libc_a-wbuf.o)
                0x0800c1e2                __swbuf_r
 *fill*         0x0800c25e        0x2 
 .text.__swsetup_r
                0x0800c260       0xac C:/ST/STM32CubeIDE_1.16.1/STM32CubeIDE/plugins/com.st.stm32cube.ide.mcu.externaltools.gnu-tools-for-stm32.13.3.rel1.win32_1.0.0.202411081344/tools/bin/../lib/gcc/arm-none-eabi/13.3.1/../../../../arm-none-eabi/lib/thumb/v7e-m+fp/hard\libc_nano.a(libc_a-wsetup.o)
                0x0800c260                __swsetup_r
 .text.memset   0x0800c30c       0x10 C:/ST/STM32CubeIDE_1.16.1/STM32CubeIDE/plugins/com.st.stm32cube.ide.mcu.externaltools.gnu-tools-for-stm32.13.3.rel1.win32_1.0.0.202411081344/tools/bin/../lib/gcc/arm-none-eabi/13.3.1/../../../../arm-none-eabi/lib/thumb/v7e-m+fp/hard\libc_nano.a(libc_a-memset.o)
                0x0800c30c                memset
 .text._close_r
                0x0800c31c       0x20 C:/ST/STM32CubeIDE_1.16.1/STM32CubeIDE/plugins/com.st.stm32cube.ide.mcu.externaltools.gnu-tools-for-stm32.13.3.rel1.win32_1.0.0.202411081344/tools/bin/../lib/gcc/arm-none-eabi/13.3.1/../../../../arm-none-eabi/lib/thumb/v7e-m+fp/hard\libc_nano.a(libc_a-closer.o)
                0x0800c31c                _close_r
 .text._reclaim_reent
                0x0800c33c       0xbc C:/ST/STM32CubeIDE_1.16.1/STM32CubeIDE/plugins/com.st.stm32cube.ide.mcu.externaltools.gnu-tools-for-stm32.13.3.rel1.win32_1.0.0.202411081344/tools/bin/../lib/gcc/arm-none-eabi/13.3.1/../../../../arm-none-eabi/lib/thumb/v7e-m+fp/hard\libc_nano.a(libc_a-reent.o)
                0x0800c33c                _reclaim_reent
 .text._lseek_r
                0x0800c3f8       0x24 C:/ST/STM32CubeIDE_1.16.1/STM32CubeIDE/plugins/com.st.stm32cube.ide.mcu.externaltools.gnu-tools-for-stm32.13.3.rel1.win32_1.0.0.202411081344/tools/bin/../lib/gcc/arm-none-eabi/13.3.1/../../../../arm-none-eabi/lib/thumb/v7e-m+fp/hard\libc_nano.a(libc_a-lseekr.o)
                0x0800c3f8                _lseek_r
 .text._read_r  0x0800c41c       0x24 C:/ST/STM32CubeIDE_1.16.1/STM32CubeIDE/plugins/com.st.stm32cube.ide.mcu.externaltools.gnu-tools-for-stm32.13.3.rel1.win32_1.0.0.202411081344/tools/bin/../lib/gcc/arm-none-eabi/13.3.1/../../../../arm-none-eabi/lib/thumb/v7e-m+fp/hard\libc_nano.a(libc_a-readr.o)
                0x0800c41c                _read_r
 .text._write_r
                0x0800c440       0x24 C:/ST/STM32CubeIDE_1.16.1/STM32CubeIDE/plugins/com.st.stm32cube.ide.mcu.externaltools.gnu-tools-for-stm32.13.3.rel1.win32_1.0.0.202411081344/tools/bin/../lib/gcc/arm-none-eabi/13.3.1/../../../../arm-none-eabi/lib/thumb/v7e-m+fp/hard\libc_nano.a(libc_a-writer.o)
                0x0800c440                _write_r
 .text.__errno  0x0800c464        0xc C:/ST/STM32CubeIDE_1.16.1/STM32CubeIDE/plugins/com.st.stm32cube.ide.mcu.externaltools.gnu-tools-for-stm32.13.3.rel1.win32_1.0.0.202411081344/tools/bin/../lib/gcc/arm-none-eabi/13.3.1/../../../../arm-none-eabi/lib/thumb/v7e-m+fp/hard\libc_nano.a(libc_a-errno.o)
                0x0800c464                __errno
 .text.__libc_init_array
                0x0800c470       0x48 C:/ST/STM32CubeIDE_1.16.1/STM32CubeIDE/plugins/com.st.stm32cube.ide.mcu.externaltools.gnu-tools-for-stm32.13.3.rel1.win32_1.0.0.202411081344/tools/bin/../lib/gcc/arm-none-eabi/13.3.1/../../../../arm-none-eabi/lib/thumb/v7e-m+fp/hard\libc_nano.a(libc_a-init.o)
                0x0800c470                __libc_init_array
 .text.__retarget_lock_init_recursive
                0x0800c4b8        0x2 C:/ST/STM32CubeIDE_1.16.1/STM32CubeIDE/plugins/com.st.stm32cube.ide.mcu.externaltools.gnu-tools-for-stm32.13.3.rel1.win32_1.0.0.202411081344/tools/bin/../lib/gcc/arm-none-eabi/13.3.1/../../../../arm-none-eabi/lib/thumb/v7e-m+fp/hard\libc_nano.a(libc_a-lock.o)
                0x0800c4b8                __retarget_lock_init_recursive
 .text.__retarget_lock_acquire_recursive
                0x0800c4ba        0x2 C:/ST/STM32CubeIDE_1.16.1/STM32CubeIDE/plugins/com.st.stm32cube.ide.mcu.externaltools.gnu-tools-for-stm32.13.3.rel1.win32_1.0.0.202411081344/tools/bin/../lib/gcc/arm-none-eabi/13.3.1/../../../../arm-none-eabi/lib/thumb/v7e-m+fp/hard\libc_nano.a(libc_a-lock.o)
                0x0800c4ba                __retarget_lock_acquire_recursive
 .text.__retarget_lock_release_recursive
                0x0800c4bc        0x2 C:/ST/STM32CubeIDE_1.16.1/STM32CubeIDE/plugins/com.st.stm32cube.ide.mcu.externaltools.gnu-tools-for-stm32.13.3.rel1.win32_1.0.0.202411081344/tools/bin/../lib/gcc/arm-none-eabi/13.3.1/../../../../arm-none-eabi/lib/thumb/v7e-m+fp/hard\libc_nano.a(libc_a-lock.o)
                0x0800c4bc                __retarget_lock_release_recursive
 .text.memcpy   0x0800c4be       0x1c C:/ST/STM32CubeIDE_1.16.1/STM32CubeIDE/plugins/com.st.stm32cube.ide.mcu.externaltools.gnu-tools-for-stm32.13.3.rel1.win32_1.0.0.202411081344/tools/bin/../lib/gcc/arm-none-eabi/13.3.1/../../../../arm-none-eabi/lib/thumb/v7e-m+fp/hard\libc_nano.a(libc_a-memcpy-stub.o)
                0x0800c4be                memcpy
 *fill*         0x0800c4da        0x2 
 .text._free_r  0x0800c4dc       0x94 C:/ST/STM32CubeIDE_1.16.1/STM32CubeIDE/plugins/com.st.stm32cube.ide.mcu.externaltools.gnu-tools-for-stm32.13.3.rel1.win32_1.0.0.202411081344/tools/bin/../lib/gcc/arm-none-eabi/13.3.1/../../../../arm-none-eabi/lib/thumb/v7e-m+fp/hard\libc_nano.a(libc_a-freer.o)
                0x0800c4dc                _free_r
 .text.sbrk_aligned
                0x0800c570       0x44 C:/ST/STM32CubeIDE_1.16.1/STM32CubeIDE/plugins/com.st.stm32cube.ide.mcu.externaltools.gnu-tools-for-stm32.13.3.rel1.win32_1.0.0.202411081344/tools/bin/../lib/gcc/arm-none-eabi/13.3.1/../../../../arm-none-eabi/lib/thumb/v7e-m+fp/hard\libc_nano.a(libc_a-mallocr.o)
 .text._malloc_r
                0x0800c5b4      0x100 C:/ST/STM32CubeIDE_1.16.1/STM32CubeIDE/plugins/com.st.stm32cube.ide.mcu.externaltools.gnu-tools-for-stm32.13.3.rel1.win32_1.0.0.202411081344/tools/bin/../lib/gcc/arm-none-eabi/13.3.1/../../../../arm-none-eabi/lib/thumb/v7e-m+fp/hard\libc_nano.a(libc_a-mallocr.o)
                0x0800c5b4                _malloc_r
 .text.__malloc_lock
                0x0800c6b4        0xc C:/ST/STM32CubeIDE_1.16.1/STM32CubeIDE/plugins/com.st.stm32cube.ide.mcu.externaltools.gnu-tools-for-stm32.13.3.rel1.win32_1.0.0.202411081344/tools/bin/../lib/gcc/arm-none-eabi/13.3.1/../../../../arm-none-eabi/lib/thumb/v7e-m+fp/hard\libc_nano.a(libc_a-mlock.o)
                0x0800c6b4                __malloc_lock
 .text.__malloc_unlock
                0x0800c6c0        0xc C:/ST/STM32CubeIDE_1.16.1/STM32CubeIDE/plugins/com.st.stm32cube.ide.mcu.externaltools.gnu-tools-for-stm32.13.3.rel1.win32_1.0.0.202411081344/tools/bin/../lib/gcc/arm-none-eabi/13.3.1/../../../../arm-none-eabi/lib/thumb/v7e-m+fp/hard\libc_nano.a(libc_a-mlock.o)
                0x0800c6c0                __malloc_unlock
 .text.__sfputc_r
                0x0800c6cc       0x2e C:/ST/STM32CubeIDE_1.16.1/STM32CubeIDE/plugins/com.st.stm32cube.ide.mcu.externaltools.gnu-tools-for-stm32.13.3.rel1.win32_1.0.0.202411081344/tools/bin/../lib/gcc/arm-none-eabi/13.3.1/../../../../arm-none-eabi/lib/thumb/v7e-m+fp/hard\libc_nano.a(libc_a-nano-vfprintf.o)
 .text.__sfputs_r
                0x0800c6fa       0x24 C:/ST/STM32CubeIDE_1.16.1/STM32CubeIDE/plugins/com.st.stm32cube.ide.mcu.externaltools.gnu-tools-for-stm32.13.3.rel1.win32_1.0.0.202411081344/tools/bin/../lib/gcc/arm-none-eabi/13.3.1/../../../../arm-none-eabi/lib/thumb/v7e-m+fp/hard\libc_nano.a(libc_a-nano-vfprintf.o)
                0x0800c6fa                __sfputs_r
 *fill*         0x0800c71e        0x2 
 .text._vfprintf_r
                0x0800c720      0x230 C:/ST/STM32CubeIDE_1.16.1/STM32CubeIDE/plugins/com.st.stm32cube.ide.mcu.externaltools.gnu-tools-for-stm32.13.3.rel1.win32_1.0.0.202411081344/tools/bin/../lib/gcc/arm-none-eabi/13.3.1/../../../../arm-none-eabi/lib/thumb/v7e-m+fp/hard\libc_nano.a(libc_a-nano-vfprintf.o)
                0x0800c720                _vfprintf_r
                0x0800c720                _vfiprintf_r
 .text._printf_common
                0x0800c950       0xda C:/ST/STM32CubeIDE_1.16.1/STM32CubeIDE/plugins/com.st.stm32cube.ide.mcu.externaltools.gnu-tools-for-stm32.13.3.rel1.win32_1.0.0.202411081344/tools/bin/../lib/gcc/arm-none-eabi/13.3.1/../../../../arm-none-eabi/lib/thumb/v7e-m+fp/hard\libc_nano.a(libc_a-nano-vfprintf_i.o)
                0x0800c950                _printf_common
 *fill*         0x0800ca2a        0x2 
 .text._printf_i
                0x0800ca2c      0x23c C:/ST/STM32CubeIDE_1.16.1/STM32CubeIDE/plugins/com.st.stm32cube.ide.mcu.externaltools.gnu-tools-for-stm32.13.3.rel1.win32_1.0.0.202411081344/tools/bin/../lib/gcc/arm-none-eabi/13.3.1/../../../../arm-none-eabi/lib/thumb/v7e-m+fp/hard\libc_nano.a(libc_a-nano-vfprintf_i.o)
                0x0800ca2c                _printf_i
 .text.__sflush_r
                0x0800cc68      0x108 C:/ST/STM32CubeIDE_1.16.1/STM32CubeIDE/plugins/com.st.stm32cube.ide.mcu.externaltools.gnu-tools-for-stm32.13.3.rel1.win32_1.0.0.202411081344/tools/bin/../lib/gcc/arm-none-eabi/13.3.1/../../../../arm-none-eabi/lib/thumb/v7e-m+fp/hard\libc_nano.a(libc_a-fflush.o)
                0x0800cc68                __sflush_r
 .text._fflush_r
                0x0800cd70       0x50 C:/ST/STM32CubeIDE_1.16.1/STM32CubeIDE/plugins/com.st.stm32cube.ide.mcu.externaltools.gnu-tools-for-stm32.13.3.rel1.win32_1.0.0.202411081344/tools/bin/../lib/gcc/arm-none-eabi/13.3.1/../../../../arm-none-eabi/lib/thumb/v7e-m+fp/hard\libc_nano.a(libc_a-fflush.o)
                0x0800cd70                _fflush_r
 .text.__swhatbuf_r
                0x0800cdc0       0x4c C:/ST/STM32CubeIDE_1.16.1/STM32CubeIDE/plugins/com.st.stm32cube.ide.mcu.externaltools.gnu-tools-for-stm32.13.3.rel1.win32_1.0.0.202411081344/tools/bin/../lib/gcc/arm-none-eabi/13.3.1/../../../../arm-none-eabi/lib/thumb/v7e-m+fp/hard\libc_nano.a(libc_a-makebuf.o)
                0x0800cdc0                __swhatbuf_r
 .text.__smakebuf_r
                0x0800ce0c       0x78 C:/ST/STM32CubeIDE_1.16.1/STM32CubeIDE/plugins/com.st.stm32cube.ide.mcu.externaltools.gnu-tools-for-stm32.13.3.rel1.win32_1.0.0.202411081344/tools/bin/../lib/gcc/arm-none-eabi/13.3.1/../../../../arm-none-eabi/lib/thumb/v7e-m+fp/hard\libc_nano.a(libc_a-makebuf.o)
                0x0800ce0c                __smakebuf_r
 .text._fstat_r
                0x0800ce84       0x24 C:/ST/STM32CubeIDE_1.16.1/STM32CubeIDE/plugins/com.st.stm32cube.ide.mcu.externaltools.gnu-tools-for-stm32.13.3.rel1.win32_1.0.0.202411081344/tools/bin/../lib/gcc/arm-none-eabi/13.3.1/../../../../arm-none-eabi/lib/thumb/v7e-m+fp/hard\libc_nano.a(libc_a-fstatr.o)
                0x0800ce84                _fstat_r
 .text._isatty_r
                0x0800cea8       0x20 C:/ST/STM32CubeIDE_1.16.1/STM32CubeIDE/plugins/com.st.stm32cube.ide.mcu.externaltools.gnu-tools-for-stm32.13.3.rel1.win32_1.0.0.202411081344/tools/bin/../lib/gcc/arm-none-eabi/13.3.1/../../../../arm-none-eabi/lib/thumb/v7e-m+fp/hard\libc_nano.a(libc_a-isattyr.o)
                0x0800cea8                _isatty_r
 .text._sbrk_r  0x0800cec8       0x20 C:/ST/STM32CubeIDE_1.16.1/STM32CubeIDE/plugins/com.st.stm32cube.ide.mcu.externaltools.gnu-tools-for-stm32.13.3.rel1.win32_1.0.0.202411081344/tools/bin/../lib/gcc/arm-none-eabi/13.3.1/../../../../arm-none-eabi/lib/thumb/v7e-m+fp/hard\libc_nano.a(libc_a-sbrkr.o)
                0x0800cec8                _sbrk_r
 .text.powf     0x0800cee8       0xae C:/ST/STM32CubeIDE_1.16.1/STM32CubeIDE/plugins/com.st.stm32cube.ide.mcu.externaltools.gnu-tools-for-stm32.13.3.rel1.win32_1.0.0.202411081344/tools/bin/../lib/gcc/arm-none-eabi/13.3.1/../../../../arm-none-eabi/lib/thumb/v7e-m+fp/hard\libm.a(libm_a-wf_pow.o)
                0x0800cee8                powf
 .text.finitef  0x0800cf96       0x14 C:/ST/STM32CubeIDE_1.16.1/STM32CubeIDE/plugins/com.st.stm32cube.ide.mcu.externaltools.gnu-tools-for-stm32.13.3.rel1.win32_1.0.0.202411081344/tools/bin/../lib/gcc/arm-none-eabi/13.3.1/../../../../arm-none-eabi/lib/thumb/v7e-m+fp/hard\libm.a(libm_a-sf_finite.o)
                0x0800cf96                finitef
 *fill*         0x0800cfaa        0x2 
 .text.__ieee754_powf
                0x0800cfac      0x59c C:/ST/STM32CubeIDE_1.16.1/STM32CubeIDE/plugins/com.st.stm32cube.ide.mcu.externaltools.gnu-tools-for-stm32.13.3.rel1.win32_1.0.0.202411081344/tools/bin/../lib/gcc/arm-none-eabi/13.3.1/../../../../arm-none-eabi/lib/thumb/v7e-m+fp/hard\libm.a(libm_a-ef_pow.o)
                0x0800cfac                __ieee754_powf
 .text.fabsf    0x0800d548        0xe C:/ST/STM32CubeIDE_1.16.1/STM32CubeIDE/plugins/com.st.stm32cube.ide.mcu.externaltools.gnu-tools-for-stm32.13.3.rel1.win32_1.0.0.202411081344/tools/bin/../lib/gcc/arm-none-eabi/13.3.1/../../../../arm-none-eabi/lib/thumb/v7e-m+fp/hard\libm.a(libm_a-sf_fabs.o)
                0x0800d548                fabsf
 *fill*         0x0800d556        0x2 
 .text.scalbnf  0x0800d558       0xcc C:/ST/STM32CubeIDE_1.16.1/STM32CubeIDE/plugins/com.st.stm32cube.ide.mcu.externaltools.gnu-tools-for-stm32.13.3.rel1.win32_1.0.0.202411081344/tools/bin/../lib/gcc/arm-none-eabi/13.3.1/../../../../arm-none-eabi/lib/thumb/v7e-m+fp/hard\libm.a(libm_a-sf_scalbn.o)
                0x0800d558                scalbnf
 .text.with_errnof
                0x0800d624       0x1c C:/ST/STM32CubeIDE_1.16.1/STM32CubeIDE/plugins/com.st.stm32cube.ide.mcu.externaltools.gnu-tools-for-stm32.13.3.rel1.win32_1.0.0.202411081344/tools/bin/../lib/gcc/arm-none-eabi/13.3.1/../../../../arm-none-eabi/lib/thumb/v7e-m+fp/hard\libm.a(libm_a-math_errf.o)
 .text.xflowf   0x0800d640       0x16 C:/ST/STM32CubeIDE_1.16.1/STM32CubeIDE/plugins/com.st.stm32cube.ide.mcu.externaltools.gnu-tools-for-stm32.13.3.rel1.win32_1.0.0.202411081344/tools/bin/../lib/gcc/arm-none-eabi/13.3.1/../../../../arm-none-eabi/lib/thumb/v7e-m+fp/hard\libm.a(libm_a-math_errf.o)
 *fill*         0x0800d656        0x2 
 .text.__math_uflowf
                0x0800d658        0xc C:/ST/STM32CubeIDE_1.16.1/STM32CubeIDE/plugins/com.st.stm32cube.ide.mcu.externaltools.gnu-tools-for-stm32.13.3.rel1.win32_1.0.0.202411081344/tools/bin/../lib/gcc/arm-none-eabi/13.3.1/../../../../arm-none-eabi/lib/thumb/v7e-m+fp/hard\libm.a(libm_a-math_errf.o)
                0x0800d658                __math_uflowf
 .text.__math_oflowf
                0x0800d664        0xc C:/ST/STM32CubeIDE_1.16.1/STM32CubeIDE/plugins/com.st.stm32cube.ide.mcu.externaltools.gnu-tools-for-stm32.13.3.rel1.win32_1.0.0.202411081344/tools/bin/../lib/gcc/arm-none-eabi/13.3.1/../../../../arm-none-eabi/lib/thumb/v7e-m+fp/hard\libm.a(libm_a-math_errf.o)
                0x0800d664                __math_oflowf
 .text.__ieee754_sqrtf
                0x0800d670        0x6 C:/ST/STM32CubeIDE_1.16.1/STM32CubeIDE/plugins/com.st.stm32cube.ide.mcu.externaltools.gnu-tools-for-stm32.13.3.rel1.win32_1.0.0.202411081344/tools/bin/../lib/gcc/arm-none-eabi/13.3.1/../../../../arm-none-eabi/lib/thumb/v7e-m+fp/hard\libm.a(libm_a-ef_sqrt.o)
                0x0800d670                __ieee754_sqrtf
 *(.glue_7)
 .glue_7        0x0800d676        0x0 linker stubs
 *(.glue_7t)
 .glue_7t       0x0800d676        0x0 linker stubs
 *(.eh_frame)
 *fill*         0x0800d676        0x2 
 .eh_frame      0x0800d678        0x0 C:/ST/STM32CubeIDE_1.16.1/STM32CubeIDE/plugins/com.st.stm32cube.ide.mcu.externaltools.gnu-tools-for-stm32.13.3.rel1.win32_1.0.0.202411081344/tools/bin/../lib/gcc/arm-none-eabi/13.3.1/thumb/v7e-m+fp/hard/crtbegin.o
 *(.init)
 .init          0x0800d678        0x4 C:/ST/STM32CubeIDE_1.16.1/STM32CubeIDE/plugins/com.st.stm32cube.ide.mcu.externaltools.gnu-tools-for-stm32.13.3.rel1.win32_1.0.0.202411081344/tools/bin/../lib/gcc/arm-none-eabi/13.3.1/thumb/v7e-m+fp/hard/crti.o
                0x0800d678                _init
 .init          0x0800d67c        0x8 C:/ST/STM32CubeIDE_1.16.1/STM32CubeIDE/plugins/com.st.stm32cube.ide.mcu.externaltools.gnu-tools-for-stm32.13.3.rel1.win32_1.0.0.202411081344/tools/bin/../lib/gcc/arm-none-eabi/13.3.1/thumb/v7e-m+fp/hard/crtn.o
 *(.fini)
 .fini          0x0800d684        0x4 C:/ST/STM32CubeIDE_1.16.1/STM32CubeIDE/plugins/com.st.stm32cube.ide.mcu.externaltools.gnu-tools-for-stm32.13.3.rel1.win32_1.0.0.202411081344/tools/bin/../lib/gcc/arm-none-eabi/13.3.1/thumb/v7e-m+fp/hard/crti.o
                0x0800d684                _fini
 .fini          0x0800d688        0x8 C:/ST/STM32CubeIDE_1.16.1/STM32CubeIDE/plugins/com.st.stm32cube.ide.mcu.externaltools.gnu-tools-for-stm32.13.3.rel1.win32_1.0.0.202411081344/tools/bin/../lib/gcc/arm-none-eabi/13.3.1/thumb/v7e-m+fp/hard/crtn.o
                0x0800d690                        . = ALIGN (0x4)
                0x0800d690                        _etext = .

.vfp11_veneer   0x0800d690        0x0
 .vfp11_veneer  0x0800d690        0x0 linker stubs

.v4_bx          0x0800d690        0x0
 .v4_bx         0x0800d690        0x0 linker stubs

.iplt           0x0800d690        0x0
 .iplt          0x0800d690        0x0 C:/ST/STM32CubeIDE_1.16.1/STM32CubeIDE/plugins/com.st.stm32cube.ide.mcu.externaltools.gnu-tools-for-stm32.13.3.rel1.win32_1.0.0.202411081344/tools/bin/../lib/gcc/arm-none-eabi/13.3.1/thumb/v7e-m+fp/hard/crtbegin.o

.rodata         0x0800d690      0x2f4
                0x0800d690                        . = ALIGN (0x4)
 *(.rodata)
 .rodata        0x0800d690       0x3b ./Core/Src/bno055.o
 *fill*         0x0800d6cb        0x1 
 .rodata        0x0800d6cc      0x244 ./Core/Src/main.o
 .rodata        0x0800d910        0x5 ./Middlewares/Third_Party/FreeRTOS/Source/tasks.o
 *(.rodata*)
 *fill*         0x0800d915        0x3 
 .rodata.AHBPrescTable
                0x0800d918       0x10 ./Core/Src/system_stm32f4xx.o
                0x0800d918                AHBPrescTable
 .rodata.APBPrescTable
                0x0800d928        0x8 ./Core/Src/system_stm32f4xx.o
                0x0800d928                APBPrescTable
 .rodata.flagBitshiftOffset.0
                0x0800d930        0x8 ./Drivers/STM32F4xx_HAL_Driver/Src/stm32f4xx_hal_dma.o
 .rodata._vfprintf_r.str1.1
                0x0800d938       0x33 C:/ST/STM32CubeIDE_1.16.1/STM32CubeIDE/plugins/com.st.stm32cube.ide.mcu.externaltools.gnu-tools-for-stm32.13.3.rel1.win32_1.0.0.202411081344/tools/bin/../lib/gcc/arm-none-eabi/13.3.1/../../../../arm-none-eabi/lib/thumb/v7e-m+fp/hard\libc_nano.a(libc_a-nano-vfprintf.o)
                                 0x11 (size before relaxing)
 .rodata._printf_i.str1.1
                0x0800d96b       0x22 C:/ST/STM32CubeIDE_1.16.1/STM32CubeIDE/plugins/com.st.stm32cube.ide.mcu.externaltools.gnu-tools-for-stm32.13.3.rel1.win32_1.0.0.202411081344/tools/bin/../lib/gcc/arm-none-eabi/13.3.1/../../../../arm-none-eabi/lib/thumb/v7e-m+fp/hard\libc_nano.a(libc_a-nano-vfprintf_i.o)
 *fill*         0x0800d96b        0x1 
 .rodata.dp_l   0x0800d96c        0x8 C:/ST/STM32CubeIDE_1.16.1/STM32CubeIDE/plugins/com.st.stm32cube.ide.mcu.externaltools.gnu-tools-for-stm32.13.3.rel1.win32_1.0.0.202411081344/tools/bin/../lib/gcc/arm-none-eabi/13.3.1/../../../../arm-none-eabi/lib/thumb/v7e-m+fp/hard\libm.a(libm_a-ef_pow.o)
 .rodata.dp_h   0x0800d974        0x8 C:/ST/STM32CubeIDE_1.16.1/STM32CubeIDE/plugins/com.st.stm32cube.ide.mcu.externaltools.gnu-tools-for-stm32.13.3.rel1.win32_1.0.0.202411081344/tools/bin/../lib/gcc/arm-none-eabi/13.3.1/../../../../arm-none-eabi/lib/thumb/v7e-m+fp/hard\libm.a(libm_a-ef_pow.o)
 .rodata.bp     0x0800d97c        0x8 C:/ST/STM32CubeIDE_1.16.1/STM32CubeIDE/plugins/com.st.stm32cube.ide.mcu.externaltools.gnu-tools-for-stm32.13.3.rel1.win32_1.0.0.202411081344/tools/bin/../lib/gcc/arm-none-eabi/13.3.1/../../../../arm-none-eabi/lib/thumb/v7e-m+fp/hard\libm.a(libm_a-ef_pow.o)
                0x0800d984                        . = ALIGN (0x4)

.ARM.extab      0x0800d984        0x0
                0x0800d984                        . = ALIGN (0x4)
 *(.ARM.extab* .gnu.linkonce.armextab.*)
                0x0800d984                        . = ALIGN (0x4)

.ARM            0x0800d984        0x8
                0x0800d984                        . = ALIGN (0x4)
                0x0800d984                        __exidx_start = .
 *(.ARM.exidx*)
 .ARM.exidx     0x0800d984        0x8 C:/ST/STM32CubeIDE_1.16.1/STM32CubeIDE/plugins/com.st.stm32cube.ide.mcu.externaltools.gnu-tools-for-stm32.13.3.rel1.win32_1.0.0.202411081344/tools/bin/../lib/gcc/arm-none-eabi/13.3.1/../../../../arm-none-eabi/lib/thumb/v7e-m+fp/hard\libc_nano.a(libc_a-memchr.o)
 .ARM.exidx     0x0800d98c        0x0 C:/ST/STM32CubeIDE_1.16.1/STM32CubeIDE/plugins/com.st.stm32cube.ide.mcu.externaltools.gnu-tools-for-stm32.13.3.rel1.win32_1.0.0.202411081344/tools/bin/../lib/gcc/arm-none-eabi/13.3.1/thumb/v7e-m+fp/hard\libgcc.a(_udivmoddi4.o)
                                  0x8 (size before relaxing)
                0x0800d98c                        __exidx_end = .
                0x0800d98c                        . = ALIGN (0x4)

.preinit_array  0x0800d98c        0x0
                0x0800d98c                        . = ALIGN (0x4)
                0x0800d98c                        PROVIDE (__preinit_array_start = .)
 *(.preinit_array*)
                0x0800d98c                        PROVIDE (__preinit_array_end = .)
                0x0800d98c                        . = ALIGN (0x4)

.init_array     0x0800d98c        0x4
                0x0800d98c                        . = ALIGN (0x4)
                0x0800d98c                        PROVIDE (__init_array_start = .)
 *(SORT_BY_NAME(.init_array.*))
 *(.init_array*)
 .init_array    0x0800d98c        0x4 C:/ST/STM32CubeIDE_1.16.1/STM32CubeIDE/plugins/com.st.stm32cube.ide.mcu.externaltools.gnu-tools-for-stm32.13.3.rel1.win32_1.0.0.202411081344/tools/bin/../lib/gcc/arm-none-eabi/13.3.1/thumb/v7e-m+fp/hard/crtbegin.o
                0x0800d990                        PROVIDE (__init_array_end = .)
                0x0800d990                        . = ALIGN (0x4)

.fini_array     0x0800d990        0x4
                0x0800d990                        . = ALIGN (0x4)
                [!provide]                        PROVIDE (__fini_array_start = .)
 *(SORT_BY_NAME(.fini_array.*))
 *(.fini_array*)
 .fini_array    0x0800d990        0x4 C:/ST/STM32CubeIDE_1.16.1/STM32CubeIDE/plugins/com.st.stm32cube.ide.mcu.externaltools.gnu-tools-for-stm32.13.3.rel1.win32_1.0.0.202411081344/tools/bin/../lib/gcc/arm-none-eabi/13.3.1/thumb/v7e-m+fp/hard/crtbegin.o
                [!provide]                        PROVIDE (__fini_array_end = .)
                0x0800d994                        . = ALIGN (0x4)
                0x0800d994                        _sidata = LOADADDR (.data)

.rel.dyn        0x0800d994        0x0
 .rel.iplt      0x0800d994        0x0 C:/ST/STM32CubeIDE_1.16.1/STM32CubeIDE/plugins/com.st.stm32cube.ide.mcu.externaltools.gnu-tools-for-stm32.13.3.rel1.win32_1.0.0.202411081344/tools/bin/../lib/gcc/arm-none-eabi/13.3.1/thumb/v7e-m+fp/hard/crtbegin.o

.data           0x20000000       0x94 load address 0x0800d994
                0x20000000                        . = ALIGN (0x4)
                0x20000000                        _sdata = .
 *(.data)
 *(.data*)
 .data.accelScale
                0x20000000        0x2 ./Core/Src/bno055.o
                0x20000000                accelScale
 .data.angularRateScale
                0x20000002        0x2 ./Core/Src/bno055.o
                0x20000002                angularRateScale
 .data.eulerScale
                0x20000004        0x2 ./Core/Src/bno055.o
                0x20000004                eulerScale
 .data.magScale
                0x20000006        0x2 ./Core/Src/bno055.o
                0x20000006                magScale
 .data.quaScale
                0x20000008        0x2 ./Core/Src/bno055.o
                0x20000008                quaScale
 *fill*         0x2000000a        0x2 
 .data.nrf      0x2000000c       0x1c ./Core/Src/main.o
                0x2000000c                nrf
 .data.SystemCoreClock
                0x20000028        0x4 ./Core/Src/system_stm32f4xx.o
                0x20000028                SystemCoreClock
 .data.uwTickPrio
                0x2000002c        0x4 ./Drivers/STM32F4xx_HAL_Driver/Src/stm32f4xx_hal.o
                0x2000002c                uwTickPrio
 .data.uwTickFreq
                0x20000030        0x1 ./Drivers/STM32F4xx_HAL_Driver/Src/stm32f4xx_hal.o
                0x20000030                uwTickFreq
 *fill*         0x20000031        0x3 
 .data.uxCriticalNesting
                0x20000034        0x4 ./Middlewares/Third_Party/FreeRTOS/Source/portable/GCC/ARM_CM4F/port.o
 .data.__sglue  0x20000038        0xc C:/ST/STM32CubeIDE_1.16.1/STM32CubeIDE/plugins/com.st.stm32cube.ide.mcu.externaltools.gnu-tools-for-stm32.13.3.rel1.win32_1.0.0.202411081344/tools/bin/../lib/gcc/arm-none-eabi/13.3.1/../../../../arm-none-eabi/lib/thumb/v7e-m+fp/hard\libc_nano.a(libc_a-findfp.o)
                0x20000038                __sglue
 .data._impure_ptr
                0x20000044        0x4 C:/ST/STM32CubeIDE_1.16.1/STM32CubeIDE/plugins/com.st.stm32cube.ide.mcu.externaltools.gnu-tools-for-stm32.13.3.rel1.win32_1.0.0.202411081344/tools/bin/../lib/gcc/arm-none-eabi/13.3.1/../../../../arm-none-eabi/lib/thumb/v7e-m+fp/hard\libc_nano.a(libc_a-impure.o)
                0x20000044                _impure_ptr
 .data._impure_data
                0x20000048       0x4c C:/ST/STM32CubeIDE_1.16.1/STM32CubeIDE/plugins/com.st.stm32cube.ide.mcu.externaltools.gnu-tools-for-stm32.13.3.rel1.win32_1.0.0.202411081344/tools/bin/../lib/gcc/arm-none-eabi/13.3.1/../../../../arm-none-eabi/lib/thumb/v7e-m+fp/hard\libc_nano.a(libc_a-impure.o)
                0x20000048                _impure_data
 *(.RamFunc)
 *(.RamFunc*)
                0x20000094                        . = ALIGN (0x4)
                0x20000094                        _edata = .

.igot.plt       0x20000094        0x0 load address 0x0800da28
 .igot.plt      0x20000094        0x0 C:/ST/STM32CubeIDE_1.16.1/STM32CubeIDE/plugins/com.st.stm32cube.ide.mcu.externaltools.gnu-tools-for-stm32.13.3.rel1.win32_1.0.0.202411081344/tools/bin/../lib/gcc/arm-none-eabi/13.3.1/thumb/v7e-m+fp/hard/crtbegin.o
                0x20000094                        . = ALIGN (0x4)

.bss            0x20000098     0x4804 load address 0x0800da28
                0x20000098                        _sbss = .
                0x20000098                        __bss_start__ = _sbss
 *(.bss)
 .bss           0x20000098       0x1c C:/ST/STM32CubeIDE_1.16.1/STM32CubeIDE/plugins/com.st.stm32cube.ide.mcu.externaltools.gnu-tools-for-stm32.13.3.rel1.win32_1.0.0.202411081344/tools/bin/../lib/gcc/arm-none-eabi/13.3.1/thumb/v7e-m+fp/hard/crtbegin.o
 *(.bss*)
 .bss.xIdleTaskTCBBuffer
                0x200000b4       0xa0 ./Core/Src/freertos.o
 .bss.xIdleStack
                0x20000154      0x200 ./Core/Src/freertos.o
 .bss._bno055_i2c_port
                0x20000354        0x4 ./Core/Src/main.o
                0x20000354                _bno055_i2c_port
 .bss.hadc1     0x20000358       0x48 ./Core/Src/main.o
                0x20000358                hadc1
 .bss.hdma_adc1
                0x200003a0       0x60 ./Core/Src/main.o
                0x200003a0                hdma_adc1
 .bss.hi2c1     0x20000400       0x54 ./Core/Src/main.o
                0x20000400                hi2c1
 .bss.hi2c2     0x20000454       0x54 ./Core/Src/main.o
                0x20000454                hi2c2
 .bss.hspi2     0x200004a8       0x58 ./Core/Src/main.o
                0x200004a8                hspi2
 .bss.htim3     0x20000500       0x48 ./Core/Src/main.o
                0x20000500                htim3
 .bss.huart1    0x20000548       0x48 ./Core/Src/main.o
                0x20000548                huart1
 .bss.huart2    0x20000590       0x48 ./Core/Src/main.o
                0x20000590                huart2
 .bss.huart6    0x200005d8       0x48 ./Core/Src/main.o
                0x200005d8                huart6
 .bss.defaultTaskHandle
                0x20000620        0x4 ./Core/Src/main.o
                0x20000620                defaultTaskHandle
 .bss.spi_rx    0x20000624       0x20 ./Core/Src/main.o
                0x20000624                spi_rx
 .bss.uart2_rx  0x20000644       0x80 ./Core/Src/main.o
                0x20000644                uart2_rx
 .bss.adc_value
                0x200006c4        0x4 ./Core/Src/main.o
                0x200006c4                adc_value
 .bss.euler     0x200006c8       0x20 ./Core/Src/main.o
                0x200006c8                euler
 .bss.gyro      0x200006e8       0x20 ./Core/Src/main.o
                0x200006e8                gyro
 .bss.speed     0x20000708       0x10 ./Core/Src/main.o
                0x20000708                speed
 .bss.pitch     0x20000718       0x54 ./Core/Src/main.o
                0x20000718                pitch
 .bss.pitch_rate
                0x2000076c       0x54 ./Core/Src/main.o
                0x2000076c                pitch_rate
 .bss.roll      0x200007c0       0x54 ./Core/Src/main.o
                0x200007c0                roll
 .bss.roll_rate
                0x20000814       0x54 ./Core/Src/main.o
                0x20000814                roll_rate
 .bss.yaw       0x20000868       0x54 ./Core/Src/main.o
                0x20000868                yaw
 .bss.yaw_rate  0x200008bc       0x54 ./Core/Src/main.o
                0x200008bc                yaw_rate
 .bss.high      0x20000910       0x54 ./Core/Src/main.o
                0x20000910                high
 .bss.calculation
                0x20000964       0x1c ./Core/Src/main.o
                0x20000964                calculation
 .bss.ESC_Handle
                0x20000980        0x4 ./Core/Src/main.o
                0x20000980                ESC_Handle
 .bss.NRF_Handle
                0x20000984        0x4 ./Core/Src/main.o
                0x20000984                NRF_Handle
 .bss.BNO_Handle
                0x20000988        0x4 ./Core/Src/main.o
                0x20000988                BNO_Handle
 .bss.BMP_Handle
                0x2000098c        0x4 ./Core/Src/main.o
                0x2000098c                BMP_Handle
 .bss.ADC_Handle
                0x20000990        0x4 ./Core/Src/main.o
                0x20000990                ADC_Handle
 .bss.ZIGBEE_Handle
                0x20000994        0x4 ./Core/Src/main.o
                0x20000994                ZIGBEE_Handle
 .bss.xReceivedADC
                0x20000998        0x4 ./Core/Src/main.o
                0x20000998                xReceivedADC
 .bss.xBNOQueue
                0x2000099c        0x4 ./Core/Src/main.o
                0x2000099c                xBNOQueue
 .bss.xBMPQueue
                0x200009a0        0x4 ./Core/Src/main.o
                0x200009a0                xBMPQueue
 .bss.xAdcSem   0x200009a4        0x4 ./Core/Src/main.o
                0x200009a4                xAdcSem
 .bss.xUSART2Sem
                0x200009a8        0x4 ./Core/Src/main.o
                0x200009a8                xUSART2Sem
 .bss.htim1     0x200009ac       0x48 ./Core/Src/stm32f4xx_hal_timebase_tim.o
                0x200009ac                htim1
 .bss.__sbrk_heap_end
                0x200009f4        0x4 ./Core/Src/sysmem.o
 .bss.uwTick    0x200009f8        0x4 ./Drivers/STM32F4xx_HAL_Driver/Src/stm32f4xx_hal.o
                0x200009f8                uwTick
 .bss.pxCurrentTCB
                0x200009fc        0x4 ./Middlewares/Third_Party/FreeRTOS/Source/tasks.o
                0x200009fc                pxCurrentTCB
 .bss.pxReadyTasksLists
                0x20000a00       0x8c ./Middlewares/Third_Party/FreeRTOS/Source/tasks.o
 .bss.xDelayedTaskList1
                0x20000a8c       0x14 ./Middlewares/Third_Party/FreeRTOS/Source/tasks.o
 .bss.xDelayedTaskList2
                0x20000aa0       0x14 ./Middlewares/Third_Party/FreeRTOS/Source/tasks.o
 .bss.pxDelayedTaskList
                0x20000ab4        0x4 ./Middlewares/Third_Party/FreeRTOS/Source/tasks.o
 .bss.pxOverflowDelayedTaskList
                0x20000ab8        0x4 ./Middlewares/Third_Party/FreeRTOS/Source/tasks.o
 .bss.xPendingReadyList
                0x20000abc       0x14 ./Middlewares/Third_Party/FreeRTOS/Source/tasks.o
 .bss.xTasksWaitingTermination
                0x20000ad0       0x14 ./Middlewares/Third_Party/FreeRTOS/Source/tasks.o
 .bss.uxDeletedTasksWaitingCleanUp
                0x20000ae4        0x4 ./Middlewares/Third_Party/FreeRTOS/Source/tasks.o
 .bss.xSuspendedTaskList
                0x20000ae8       0x14 ./Middlewares/Third_Party/FreeRTOS/Source/tasks.o
 .bss.uxCurrentNumberOfTasks
                0x20000afc        0x4 ./Middlewares/Third_Party/FreeRTOS/Source/tasks.o
 .bss.xTickCount
                0x20000b00        0x4 ./Middlewares/Third_Party/FreeRTOS/Source/tasks.o
 .bss.uxTopReadyPriority
                0x20000b04        0x4 ./Middlewares/Third_Party/FreeRTOS/Source/tasks.o
 .bss.xSchedulerRunning
                0x20000b08        0x4 ./Middlewares/Third_Party/FreeRTOS/Source/tasks.o
 .bss.xPendedTicks
                0x20000b0c        0x4 ./Middlewares/Third_Party/FreeRTOS/Source/tasks.o
 .bss.xYieldPending
                0x20000b10        0x4 ./Middlewares/Third_Party/FreeRTOS/Source/tasks.o
 .bss.xNumOfOverflows
                0x20000b14        0x4 ./Middlewares/Third_Party/FreeRTOS/Source/tasks.o
 .bss.uxTaskNumber
                0x20000b18        0x4 ./Middlewares/Third_Party/FreeRTOS/Source/tasks.o
 .bss.xNextTaskUnblockTime
                0x20000b1c        0x4 ./Middlewares/Third_Party/FreeRTOS/Source/tasks.o
 .bss.xIdleTaskHandle
                0x20000b20        0x4 ./Middlewares/Third_Party/FreeRTOS/Source/tasks.o
 .bss.uxSchedulerSuspended
                0x20000b24        0x4 ./Middlewares/Third_Party/FreeRTOS/Source/tasks.o
 .bss.ucMaxSysCallPriority
                0x20000b28        0x1 ./Middlewares/Third_Party/FreeRTOS/Source/portable/GCC/ARM_CM4F/port.o
 *fill*         0x20000b29        0x3 
 .bss.ulMaxPRIGROUPValue
                0x20000b2c        0x4 ./Middlewares/Third_Party/FreeRTOS/Source/portable/GCC/ARM_CM4F/port.o
 .bss.ucHeap    0x20000b30     0x3c00 ./Middlewares/Third_Party/FreeRTOS/Source/portable/MemMang/heap_4.o
 .bss.xStart    0x20004730        0x8 ./Middlewares/Third_Party/FreeRTOS/Source/portable/MemMang/heap_4.o
 .bss.pxEnd     0x20004738        0x4 ./Middlewares/Third_Party/FreeRTOS/Source/portable/MemMang/heap_4.o
 .bss.xFreeBytesRemaining
                0x2000473c        0x4 ./Middlewares/Third_Party/FreeRTOS/Source/portable/MemMang/heap_4.o
 .bss.xMinimumEverFreeBytesRemaining
                0x20004740        0x4 ./Middlewares/Third_Party/FreeRTOS/Source/portable/MemMang/heap_4.o
 .bss.xNumberOfSuccessfulAllocations
                0x20004744        0x4 ./Middlewares/Third_Party/FreeRTOS/Source/portable/MemMang/heap_4.o
 .bss.xNumberOfSuccessfulFrees
                0x20004748        0x4 ./Middlewares/Third_Party/FreeRTOS/Source/portable/MemMang/heap_4.o
 .bss.xBlockAllocatedBit
                0x2000474c        0x4 ./Middlewares/Third_Party/FreeRTOS/Source/portable/MemMang/heap_4.o
 .bss.__sf      0x20004750      0x138 C:/ST/STM32CubeIDE_1.16.1/STM32CubeIDE/plugins/com.st.stm32cube.ide.mcu.externaltools.gnu-tools-for-stm32.13.3.rel1.win32_1.0.0.202411081344/tools/bin/../lib/gcc/arm-none-eabi/13.3.1/../../../../arm-none-eabi/lib/thumb/v7e-m+fp/hard\libc_nano.a(libc_a-findfp.o)
                0x20004750                __sf
 .bss.__stdio_exit_handler
                0x20004888        0x4 C:/ST/STM32CubeIDE_1.16.1/STM32CubeIDE/plugins/com.st.stm32cube.ide.mcu.externaltools.gnu-tools-for-stm32.13.3.rel1.win32_1.0.0.202411081344/tools/bin/../lib/gcc/arm-none-eabi/13.3.1/../../../../arm-none-eabi/lib/thumb/v7e-m+fp/hard\libc_nano.a(libc_a-findfp.o)
                0x20004888                __stdio_exit_handler
 .bss.errno     0x2000488c        0x4 C:/ST/STM32CubeIDE_1.16.1/STM32CubeIDE/plugins/com.st.stm32cube.ide.mcu.externaltools.gnu-tools-for-stm32.13.3.rel1.win32_1.0.0.202411081344/tools/bin/../lib/gcc/arm-none-eabi/13.3.1/../../../../arm-none-eabi/lib/thumb/v7e-m+fp/hard\libc_nano.a(libc_a-reent.o)
                0x2000488c                errno
 .bss.__lock___malloc_recursive_mutex
                0x20004890        0x1 C:/ST/STM32CubeIDE_1.16.1/STM32CubeIDE/plugins/com.st.stm32cube.ide.mcu.externaltools.gnu-tools-for-stm32.13.3.rel1.win32_1.0.0.202411081344/tools/bin/../lib/gcc/arm-none-eabi/13.3.1/../../../../arm-none-eabi/lib/thumb/v7e-m+fp/hard\libc_nano.a(libc_a-lock.o)
                0x20004890                __lock___malloc_recursive_mutex
 .bss.__lock___sfp_recursive_mutex
                0x20004891        0x1 C:/ST/STM32CubeIDE_1.16.1/STM32CubeIDE/plugins/com.st.stm32cube.ide.mcu.externaltools.gnu-tools-for-stm32.13.3.rel1.win32_1.0.0.202411081344/tools/bin/../lib/gcc/arm-none-eabi/13.3.1/../../../../arm-none-eabi/lib/thumb/v7e-m+fp/hard\libc_nano.a(libc_a-lock.o)