Archive member included to satisfy reference by file (symbol)

C:/ST/STM32CubeIDE_1.16.1/STM32CubeIDE/plugins/com.st.stm32cube.ide.mcu.externaltools.gnu-tools-for-stm32.12.3.rel1.win32_1.1.0.202410251130/tools/bin/../lib/gcc/arm-none-eabi/12.3.1/../../../../arm-none-eabi/lib/thumb/v7e-m+fp/hard\libc_nano.a(libc_a-exit.o)
                              C:/ST/STM32CubeIDE_1.16.1/STM32CubeIDE/plugins/com.st.stm32cube.ide.mcu.externaltools.gnu-tools-for-stm32.12.3.rel1.win32_1.1.0.202410251130/tools/bin/../lib/gcc/arm-none-eabi/12.3.1/../../../../arm-none-eabi/lib/thumb/v7e-m+fp/hard/crt0.o (exit)
C:/ST/STM32CubeIDE_1.16.1/STM32CubeIDE/plugins/com.st.stm32cube.ide.mcu.externaltools.gnu-tools-for-stm32.12.3.rel1.win32_1.1.0.202410251130/tools/bin/../lib/gcc/arm-none-eabi/12.3.1/../../../../arm-none-eabi/lib/thumb/v7e-m+fp/hard\libc_nano.a(libc_a-findfp.o)
                              ./Middlewares/Third_Party/FreeRTOS/Source/tasks.o (__sf)
C:/ST/STM32CubeIDE_1.16.1/STM32CubeIDE/plugins/com.st.stm32cube.ide.mcu.externaltools.gnu-tools-for-stm32.12.3.rel1.win32_1.1.0.202410251130/tools/bin/../lib/gcc/arm-none-eabi/12.3.1/../../../../arm-none-eabi/lib/thumb/v7e-m+fp/hard\libc_nano.a(libc_a-fwalk.o)
                              C:/ST/STM32CubeIDE_1.16.1/STM32CubeIDE/plugins/com.st.stm32cube.ide.mcu.externaltools.gnu-tools-for-stm32.12.3.rel1.win32_1.1.0.202410251130/tools/bin/../lib/gcc/arm-none-eabi/12.3.1/../../../../arm-none-eabi/lib/thumb/v7e-m+fp/hard\libc_nano.a(libc_a-findfp.o) (_fwalk_sglue)
C:/ST/STM32CubeIDE_1.16.1/STM32CubeIDE/plugins/com.st.stm32cube.ide.mcu.externaltools.gnu-tools-for-stm32.12.3.rel1.win32_1.1.0.202410251130/tools/bin/../lib/gcc/arm-none-eabi/12.3.1/../../../../arm-none-eabi/lib/thumb/v7e-m+fp/hard\libc_nano.a(libc_a-sprintf.o)
                              ./Core/Src/main.o (sprintf)
C:/ST/STM32CubeIDE_1.16.1/STM32CubeIDE/plugins/com.st.stm32cube.ide.mcu.externaltools.gnu-tools-for-stm32.12.3.rel1.win32_1.1.0.202410251130/tools/bin/../lib/gcc/arm-none-eabi/12.3.1/../../../../arm-none-eabi/lib/thumb/v7e-m+fp/hard\libc_nano.a(libc_a-stdio.o)
                              C:/ST/STM32CubeIDE_1.16.1/STM32CubeIDE/plugins/com.st.stm32cube.ide.mcu.externaltools.gnu-tools-for-stm32.12.3.rel1.win32_1.1.0.202410251130/tools/bin/../lib/gcc/arm-none-eabi/12.3.1/../../../../arm-none-eabi/lib/thumb/v7e-m+fp/hard\libc_nano.a(libc_a-findfp.o) (__sread)
C:/ST/STM32CubeIDE_1.16.1/STM32CubeIDE/plugins/com.st.stm32cube.ide.mcu.externaltools.gnu-tools-for-stm32.12.3.rel1.win32_1.1.0.202410251130/tools/bin/../lib/gcc/arm-none-eabi/12.3.1/../../../../arm-none-eabi/lib/thumb/v7e-m+fp/hard\libc_nano.a(libc_a-memset.o)
                              C:/ST/STM32CubeIDE_1.16.1/STM32CubeIDE/plugins/com.st.stm32cube.ide.mcu.externaltools.gnu-tools-for-stm32.12.3.rel1.win32_1.1.0.202410251130/tools/bin/../lib/gcc/arm-none-eabi/12.3.1/../../../../arm-none-eabi/lib/thumb/v7e-m+fp/hard/crt0.o (memset)
C:/ST/STM32CubeIDE_1.16.1/STM32CubeIDE/plugins/com.st.stm32cube.ide.mcu.externaltools.gnu-tools-for-stm32.12.3.rel1.win32_1.1.0.202410251130/tools/bin/../lib/gcc/arm-none-eabi/12.3.1/../../../../arm-none-eabi/lib/thumb/v7e-m+fp/hard\libc_nano.a(libc_a-closer.o)
                              C:/ST/STM32CubeIDE_1.16.1/STM32CubeIDE/plugins/com.st.stm32cube.ide.mcu.externaltools.gnu-tools-for-stm32.12.3.rel1.win32_1.1.0.202410251130/tools/bin/../lib/gcc/arm-none-eabi/12.3.1/../../../../arm-none-eabi/lib/thumb/v7e-m+fp/hard\libc_nano.a(libc_a-stdio.o) (_close_r)
C:/ST/STM32CubeIDE_1.16.1/STM32CubeIDE/plugins/com.st.stm32cube.ide.mcu.externaltools.gnu-tools-for-stm32.12.3.rel1.win32_1.1.0.202410251130/tools/bin/../lib/gcc/arm-none-eabi/12.3.1/../../../../arm-none-eabi/lib/thumb/v7e-m+fp/hard\libc_nano.a(libc_a-reent.o)
                              ./Middlewares/Third_Party/FreeRTOS/Source/tasks.o (_reclaim_reent)
C:/ST/STM32CubeIDE_1.16.1/STM32CubeIDE/plugins/com.st.stm32cube.ide.mcu.externaltools.gnu-tools-for-stm32.12.3.rel1.win32_1.1.0.202410251130/tools/bin/../lib/gcc/arm-none-eabi/12.3.1/../../../../arm-none-eabi/lib/thumb/v7e-m+fp/hard\libc_nano.a(libc_a-impure.o)
                              ./Middlewares/Third_Party/FreeRTOS/Source/tasks.o (_impure_ptr)
C:/ST/STM32CubeIDE_1.16.1/STM32CubeIDE/plugins/com.st.stm32cube.ide.mcu.externaltools.gnu-tools-for-stm32.12.3.rel1.win32_1.1.0.202410251130/tools/bin/../lib/gcc/arm-none-eabi/12.3.1/../../../../arm-none-eabi/lib/thumb/v7e-m+fp/hard\libc_nano.a(libc_a-lseekr.o)
                              C:/ST/STM32CubeIDE_1.16.1/STM32CubeIDE/plugins/com.st.stm32cube.ide.mcu.externaltools.gnu-tools-for-stm32.12.3.rel1.win32_1.1.0.202410251130/tools/bin/../lib/gcc/arm-none-eabi/12.3.1/../../../../arm-none-eabi/lib/thumb/v7e-m+fp/hard\libc_nano.a(libc_a-stdio.o) (_lseek_r)
[...]
Memory Configuration

Name             Origin             Length             Attributes
RAM              0x20000000         0x00020000         xrw
FLASH            0x08000000         0x00080000         xr
*default*        0x00000000         0xffffffff

Linker script and memory map

LOAD C:/ST/STM32CubeIDE_1.16.1/STM32CubeIDE/plugins/com.st.stm32cube.ide.mcu.externaltools.gnu-tools-for-stm32.12.3.rel1.win32_1.1.0.202410251130/tools/bin/../lib/gcc/arm-none-eabi/12.3.1/thumb/v7e-m+fp/hard/crti.o
LOAD C:/ST/STM32CubeIDE_1.16.1/STM32CubeIDE/plugins/com.st.stm32cube.ide.mcu.externaltools.gnu-tools-for-stm32.12.3.rel1.win32_1.1.0.202410251130/tools/bin/../lib/gcc/arm-none-eabi/12.3.1/thumb/v7e-m+fp/hard/crtbegin.o
LOAD C:/ST/STM32CubeIDE_1.16.1/STM32CubeIDE/plugins/com.st.stm32cube.ide.mcu.externaltools.gnu-tools-for-stm32.12.3.rel1.win32_1.1.0.202410251130/tools/bin/../lib/gcc/arm-none-eabi/12.3.1/../../../../arm-none-eabi/lib/thumb/v7e-m+fp/hard/crt0.o
LOAD ./Core/Src/Drone_control.o
LOAD ./Core/Src/Oneshot125_Esc_Control.o
LOAD ./Core/Src/PID.o
LOAD ./Core/Src/freertos.o
LOAD ./Core/Src/icm20602.o
LOAD ./Core/Src/main.o
LOAD ./Core/Src/nrf24L01.o
LOAD ./Core/Src/stm32f4xx_hal_msp.o
LOAD ./Core/Src/stm32f4xx_hal_timebase_tim.o
LOAD ./Core/Src/stm32f4xx_it.o
LOAD ./Core/Src/syscalls.o
LOAD ./Core/Src/sysmem.o
LOAD ./Core/Src/system_stm32f4xx.o
LOAD ./Core/Startup/startup_stm32f411ceux.o
LOAD ./Drivers/STM32F4xx_HAL_Driver/Src/stm32f4xx_hal.o
LOAD ./Drivers/STM32F4xx_HAL_Driver/Src/stm32f4xx_hal_cortex.o
LOAD ./Drivers/STM32F4xx_HAL_Driver/Src/stm32f4xx_hal_dma.o
LOAD ./Drivers/STM32F4xx_HAL_Driver/Src/stm32f4xx_hal_dma_ex.o
LOAD ./Drivers/STM32F4xx_HAL_Driver/Src/stm32f4xx_hal_exti.o
LOAD ./Drivers/STM32F4xx_HAL_Driver/Src/stm32f4xx_hal_flash.o
LOAD ./Drivers/STM32F4xx_HAL_Driver/Src/stm32f4xx_hal_flash_ex.o
LOAD ./Drivers/STM32F4xx_HAL_Driver/Src/stm32f4xx_hal_flash_ramfunc.o
LOAD ./Drivers/STM32F4xx_HAL_Driver/Src/stm32f4xx_hal_gpio.o
LOAD ./Drivers/STM32F4xx_HAL_Driver/Src/stm32f4xx_hal_pwr.o
LOAD ./Drivers/STM32F4xx_HAL_Driver/Src/stm32f4xx_hal_pwr_ex.o
LOAD ./Drivers/STM32F4xx_HAL_Driver/Src/stm32f4xx_hal_rcc.o
LOAD ./Drivers/STM32F4xx_HAL_Driver/Src/stm32f4xx_hal_rcc_ex.o
LOAD ./Drivers/STM32F4xx_HAL_Driver/Src/stm32f4xx_hal_spi.o
LOAD ./Drivers/STM32F4xx_HAL_Driver/Src/stm32f4xx_hal_tim.o
LOAD ./Drivers/STM32F4xx_HAL_Driver/Src/stm32f4xx_hal_tim_ex.o
LOAD ./Middlewares/Third_Party/FreeRTOS/Source/CMSIS_RTOS/cmsis_os.o
LOAD ./Middlewares/Third_Party/FreeRTOS/Source/croutine.o
LOAD ./Middlewares/Third_Party/FreeRTOS/Source/event_groups.o
LOAD ./Middlewares/Third_Party/FreeRTOS/Source/list.o
LOAD ./Middlewares/Third_Party/FreeRTOS/Source/queue.o
LOAD ./Middlewares/Third_Party/FreeRTOS/Source/stream_buffer.o
LOAD ./Middlewares/Third_Party/FreeRTOS/Source/tasks.o
LOAD ./Middlewares/Third_Party/FreeRTOS/Source/timers.o
LOAD ./Middlewares/Third_Party/FreeRTOS/Source/portable/GCC/ARM_CM4F/port.o
LOAD ./Middlewares/Third_Party/FreeRTOS/Source/portable/MemMang/heap_4.o
START GROUP
LOAD C:/ST/STM32CubeIDE_1.16.1/STM32CubeIDE/plugins/com.st.stm32cube.ide.mcu.externaltools.gnu-tools-for-stm32.12.3.rel1.win32_1.1.0.202410251130/tools/bin/../lib/gcc/arm-none-eabi/12.3.1/../../../../arm-none-eabi/lib/thumb/v7e-m+fp/hard\libc_nano.a
LOAD C:/ST/STM32CubeIDE_1.16.1/STM32CubeIDE/plugins/com.st.stm32cube.ide.mcu.externaltools.gnu-tools-for-stm32.12.3.rel1.win32_1.1.0.202410251130/tools/bin/../lib/gcc/arm-none-eabi/12.3.1/../../../../arm-none-eabi/lib/thumb/v7e-m+fp/hard\libm.a
END GROUP
START GROUP
LOAD C:/ST/STM32CubeIDE_1.16.1/STM32CubeIDE/plugins/com.st.stm32cube.ide.mcu.externaltools.gnu-tools-for-stm32.12.3.rel1.win32_1.1.0.202410251130/tools/bin/../lib/gcc/arm-none-eabi/12.3.1/thumb/v7e-m+fp/hard\libgcc.a
LOAD C:/ST/STM32CubeIDE_1.16.1/STM32CubeIDE/plugins/com.st.stm32cube.ide.mcu.externaltools.gnu-tools-for-stm32.12.3.rel1.win32_1.1.0.202410251130/tools/bin/../lib/gcc/arm-none-eabi/12.3.1/../../../../arm-none-eabi/lib/thumb/v7e-m+fp/hard\libc_nano.a
END GROUP
START GROUP
LOAD C:/ST/STM32CubeIDE_1.16.1/STM32CubeIDE/plugins/com.st.stm32cube.ide.mcu.externaltools.gnu-tools-for-stm32.12.3.rel1.win32_1.1.0.202410251130/tools/bin/../lib/gcc/arm-none-eabi/12.3.1/thumb/v7e-m+fp/hard\libgcc.a
LOAD C:/ST/STM32CubeIDE_1.16.1/STM32CubeIDE/plugins/com.st.stm32cube.ide.mcu.externaltools.gnu-tools-for-stm32.12.3.rel1.win32_1.1.0.202410251130/tools/bin/../lib/gcc/arm-none-eabi/12.3.1/../../../../arm-none-eabi/lib/thumb/v7e-m+fp/hard\libc_nano.a
LOAD C:/ST/STM32CubeIDE_1.16.1/STM32CubeIDE/plugins/com.st.stm32cube.ide.mcu.externaltools.gnu-tools-for-stm32.12.3.rel1.win32_1.1.0.202410251130/tools/bin/../lib/gcc/arm-none-eabi/12.3.1/../../../../arm-none-eabi/lib/thumb/v7e-m+fp/hard\libnosys.a
END GROUP
START GROUP
LOAD C:/ST/STM32CubeIDE_1.16.1/STM32CubeIDE/plugins/com.st.stm32cube.ide.mcu.externaltools.gnu-tools-for-stm32.12.3.rel1.win32_1.1.0.202410251130/tools/bin/../lib/gcc/arm-none-eabi/12.3.1/thumb/v7e-m+fp/hard\libgcc.a
LOAD C:/ST/STM32CubeIDE_1.16.1/STM32CubeIDE/plugins/com.st.stm32cube.ide.mcu.externaltools.gnu-tools-for-stm32.12.3.rel1.win32_1.1.0.202410251130/tools/bin/../lib/gcc/arm-none-eabi/12.3.1/../../../../arm-none-eabi/lib/thumb/v7e-m+fp/hard\libc_nano.a
LOAD C:/ST/STM32CubeIDE_1.16.1/STM32CubeIDE/plugins/com.st.stm32cube.ide.mcu.externaltools.gnu-tools-for-stm32.12.3.rel1.win32_1.1.0.202410251130/tools/bin/../lib/gcc/arm-none-eabi/12.3.1/../../../../arm-none-eabi/lib/thumb/v7e-m+fp/hard\libnosys.a
END GROUP
LOAD C:/ST/STM32CubeIDE_1.16.1/STM32CubeIDE/plugins/com.st.stm32cube.ide.mcu.externaltools.gnu-tools-for-stm32.12.3.rel1.win32_1.1.0.202410251130/tools/bin/../lib/gcc/arm-none-eabi/12.3.1/thumb/v7e-m+fp/hard/crtend.o
LOAD C:/ST/STM32CubeIDE_1.16.1/STM32CubeIDE/plugins/com.st.stm32cube.ide.mcu.externaltools.gnu-tools-for-stm32.12.3.rel1.win32_1.1.0.202410251130/tools/bin/../lib/gcc/arm-none-eabi/12.3.1/thumb/v7e-m+fp/hard/crtn.o
                0x20020000                        _estack = (ORIGIN (RAM) + LENGTH (RAM))
                0x00000200                        _Min_Heap_Size = 0x200
                0x00000400                        _Min_Stack_Size = 0x400

.isr_vector     0x08000000      0x198
                0x08000000                        . = ALIGN (0x4)
 *(.isr_vector)
 .isr_vector    0x08000000      0x198 ./Core/Startup/startup_stm32f411ceux.o
                0x08000000                g_pfnVectors
                0x08000198                        . = ALIGN (0x4)

.text           0x080001a0     0x61c8
                0x080001a0                        . = ALIGN (0x4)
 *(.text)
 .text          0x080001a0       0x40 C:/ST/STM32CubeIDE_1.16.1/STM32CubeIDE/plugins/com.st.stm32cube.ide.mcu.externaltools.gnu-tools-for-stm32.12.3.rel1.win32_1.1.0.202410251130/tools/bin/../lib/gcc/arm-none-eabi/12.3.1/thumb/v7e-m+fp/hard/crtbegin.o
 .text          0x080001e0       0xa0 C:/ST/STM32CubeIDE_1.16.1/STM32CubeIDE/plugins/com.st.stm32cube.ide.mcu.externaltools.gnu-tools-for-stm32.12.3.rel1.win32_1.1.0.202410251130/tools/bin/../lib/gcc/arm-none-eabi/12.3.1/../../../../arm-none-eabi/lib/thumb/v7e-m+fp/hard\libc_nano.a(libc_a-memchr.o)
                0x080001e0                memchr
 .text          0x08000280       0x30 C:/ST/STM32CubeIDE_1.16.1/STM32CubeIDE/plugins/com.st.stm32cube.ide.mcu.externaltools.gnu-tools-for-stm32.12.3.rel1.win32_1.1.0.202410251130/tools/bin/../lib/gcc/arm-none-eabi/12.3.1/thumb/v7e-m+fp/hard\libgcc.a(_aeabi_uldivmod.o)
                0x08000280                __aeabi_uldivmod
 .text          0x080002b0      0x2bc C:/ST/STM32CubeIDE_1.16.1/STM32CubeIDE/plugins/com.st.stm32cube.ide.mcu.externaltools.gnu-tools-for-stm32.12.3.rel1.win32_1.1.0.202410251130/tools/bin/../lib/gcc/arm-none-eabi/12.3.1/thumb/v7e-m+fp/hard\libgcc.a(_udivmoddi4.o)
                0x080002b0                __udivmoddi4
 .text          0x0800056c        0x4 C:/ST/STM32CubeIDE_1.16.1/STM32CubeIDE/plugins/com.st.stm32cube.ide.mcu.externaltools.gnu-tools-for-stm32.12.3.rel1.win32_1.1.0.202410251130/tools/bin/../lib/gcc/arm-none-eabi/12.3.1/thumb/v7e-m+fp/hard\libgcc.a(_dvmd_tls.o)
                0x0800056c                __aeabi_idiv0
                0x0800056c                __aeabi_ldiv0
 *(.text*)
 .text.Calculate_Reference
                0x08000570       0x94 ./Core/Src/Drone_control.o
                0x08000570                Calculate_Reference
 .text.escNormalOneshot125
                0x08000604       0xb8 ./Core/Src/Oneshot125_Esc_Control.o
                0x08000604                escNormalOneshot125
 .text.Control4Motor
                0x080006bc       0x4a ./Core/Src/Oneshot125_Esc_Control.o
                0x080006bc                Control4Motor
 .text.pidControllersInit
                0x08000706       0xb2 ./Core/Src/PID.o
                0x08000706                pidControllersInit
 .text.pidUpdate
                0x080007b8      0x1a0 ./Core/Src/PID.o
                0x080007b8                pidUpdate
 .text.vApplicationGetIdleTaskMemory
                0x08000958       0x34 ./Core/Src/freertos.o
                0x08000958                vApplicationGetIdleTaskMemory
 .text.main     0x0800098c      0x228 ./Core/Src/main.o
                0x0800098c                main
 .text.SystemClock_Config
                0x08000bb4       0xd0 ./Core/Src/main.o
                0x08000bb4                SystemClock_Config
 .text.MX_SPI1_Init
                0x08000c84       0x6c ./Core/Src/main.o
 .text.MX_TIM2_Init
                0x08000cf0       0xf4 ./Core/Src/main.o
 .text.MX_TIM3_Init
                0x08000de4       0x9c ./Core/Src/main.o
 .text.MX_GPIO_Init
                0x08000e80      0x12c ./Core/Src/main.o
 .text.ESC_Task
                0x08000fac      0x1ec ./Core/Src/main.o
                0x08000fac                ESC_Task
 .text.NRF_Task
                0x08001198       0x50 ./Core/Src/main.o
                0x08001198                NRF_Task
 .text.StartDefaultTask
                0x080011e8       0x24 ./Core/Src/main.o
                0x080011e8                StartDefaultTask
 .text.HAL_TIM_PeriodElapsedCallback
                0x0800120c       0x3c ./Core/Src/main.o
                0x0800120c                HAL_TIM_PeriodElapsedCallback
 .text.Error_Handler
                0x08001248        0xc ./Core/Src/main.o
                0x08001248                Error_Handler
 .text.Chip_Select
                0x08001254       0x18 ./Core/Src/nrf24L01.o
                0x08001254                Chip_Select
 .text.Chip_Deselect
                0x0800126c       0x18 ./Core/Src/nrf24L01.o
                0x0800126c                Chip_Deselect
 .text.Set_CE_High
                0x08001284       0x18 ./Core/Src/nrf24L01.o
                0x08001284                Set_CE_High
 .text.Set_CE_Low
                0x0800129c       0x18 ./Core/Src/nrf24L01.o
                0x0800129c                Set_CE_Low
 .text.WaitForIRQ
                0x080012b4       0x20 ./Core/Src/nrf24L01.o
                0x080012b4                WaitForIRQ
 .text.nRF_WriteOneRegister
                0x080012d4       0x3c ./Core/Src/nrf24L01.o
                0x080012d4                nRF_WriteOneRegister
 .text.nRF_ReadOneRegister
                0x08001310       0x3c ./Core/Src/nrf24L01.o
                0x08001310                nRF_ReadOneRegister
 .text.nRF_SendCmd
                0x0800134c       0x2e ./Core/Src/nrf24L01.o
                0x0800134c                nRF_SendCmd
 .text.nRF_GetStatus
                0x0800137a       0x40 ./Core/Src/nrf24L01.o
                0x0800137a                nRF_GetStatus
 .text.nRF_TX_Payload
                0x080013ba       0x3c ./Core/Src/nrf24L01.o
                0x080013ba                nRF_TX_Payload
 .text.nRF_RX_Payload
                0x080013f6       0x3e ./Core/Src/nrf24L01.o
                0x080013f6                nRF_RX_Payload
 .text.Select_Tx_Mode_RTOS
                0x08001434       0x38 ./Core/Src/nrf24L01.o
                0x08001434                Select_Tx_Mode_RTOS
 .text.RX_Enhanced_ShockBurst_Config
                0x0800146c       0x64 ./Core/Src/nrf24L01.o
                0x0800146c                RX_Enhanced_ShockBurst_Config
 .text.Select_Rx_Mode_RTOS
                0x080014d0       0x40 ./Core/Src/nrf24L01.o
                0x080014d0                Select_Rx_Mode_RTOS
 .text.TX_Communication
                0x08001510       0x88 ./Core/Src/nrf24L01.o
                0x08001510                TX_Communication
 .text.RX_Communication
                0x08001598       0x5c ./Core/Src/nrf24L01.o
                0x08001598                RX_Communication
 .text.CONFIG_REG_Write
                0x080015f4       0x38 ./Core/Src/nrf24L01.o
                0x080015f4                CONFIG_REG_Write
 .text.HAL_MspInit
                0x0800162c       0x58 ./Core/Src/stm32f4xx_hal_msp.o
                0x0800162c                HAL_MspInit
 .text.HAL_SPI_MspInit
                0x08001684       0x90 ./Core/Src/stm32f4xx_hal_msp.o
                0x08001684                HAL_SPI_MspInit
 .text.HAL_TIM_PWM_MspInit
                0x08001714       0x40 ./Core/Src/stm32f4xx_hal_msp.o
                0x08001714                HAL_TIM_PWM_MspInit
 .text.HAL_TIM_Base_MspInit
                0x08001754       0x50 ./Core/Src/stm32f4xx_hal_msp.o
                0x08001754                HAL_TIM_Base_MspInit
 .text.HAL_TIM_MspPostInit
                0x080017a4       0x70 ./Core/Src/stm32f4xx_hal_msp.o
                0x080017a4                HAL_TIM_MspPostInit
 .text.HAL_InitTick
                0x08001814       0xe4 ./Core/Src/stm32f4xx_hal_timebase_tim.o
                0x08001814                HAL_InitTick
 .text.NMI_Handler
                0x080018f8        0x8 ./Core/Src/stm32f4xx_it.o
                0x080018f8                NMI_Handler
 .text.HardFault_Handler
                0x08001900        0x8 ./Core/Src/stm32f4xx_it.o
                0x08001900                HardFault_Handler
 .text.MemManage_Handler
                0x08001908        0x8 ./Core/Src/stm32f4xx_it.o
                0x08001908                MemManage_Handler
 .text.BusFault_Handler
                0x08001910        0x8 ./Core/Src/stm32f4xx_it.o
                0x08001910                BusFault_Handler
 .text.UsageFault_Handler
                0x08001918        0x8 ./Core/Src/stm32f4xx_it.o
                0x08001918                UsageFault_Handler
 .text.DebugMon_Handler
                0x08001920        0xe ./Core/Src/stm32f4xx_it.o
                0x08001920                DebugMon_Handler
 *fill*         0x0800192e        0x2 
 .text.TIM1_UP_TIM10_IRQHandler
                0x08001930       0x14 ./Core/Src/stm32f4xx_it.o
                0x08001930                TIM1_UP_TIM10_IRQHandler
 .text.TIM3_IRQHandler
                0x08001944       0x14 ./Core/Src/stm32f4xx_it.o
                0x08001944                TIM3_IRQHandler
 .text._sbrk    0x08001958       0x6c ./Core/Src/sysmem.o
                0x08001958                _sbrk
 .text.SystemInit
                0x080019c4       0x24 ./Core/Src/system_stm32f4xx.o
                0x080019c4                SystemInit
 .text.Reset_Handler
                0x080019e8       0x50 ./Core/Startup/startup_stm32f411ceux.o
                0x080019e8                Reset_Handler
 .text.Default_Handler
                0x08001a38        0x2 ./Core/Startup/startup_stm32f411ceux.o
                0x08001a38                RTC_Alarm_IRQHandler
                0x08001a38                EXTI2_IRQHandler
                0x08001a38                SPI4_IRQHandler
                0x08001a38                TIM1_CC_IRQHandler
                0x08001a38                DMA2_Stream5_IRQHandler
                0x08001a38                DMA1_Stream5_IRQHandler
                0x08001a38                PVD_IRQHandler
                0x08001a38                SDIO_IRQHandler
                0x08001a38                TAMP_STAMP_IRQHandler
                0x08001a38                EXTI3_IRQHandler
                0x08001a38                I2C3_ER_IRQHandler
                0x08001a38                EXTI0_IRQHandler
                0x08001a38                I2C2_EV_IRQHandler
                0x08001a38                DMA1_Stream2_IRQHandler
                0x08001a38                FPU_IRQHandler
                0x08001a38                DMA2_Stream2_IRQHandler
                0x08001a38                SPI1_IRQHandler
                0x08001a38                TIM1_BRK_TIM9_IRQHandler
                0x08001a38                DMA2_Stream3_IRQHandler
                0x08001a38                USART6_IRQHandler
                0x08001a38                DMA2_Stream0_IRQHandler
                0x08001a38                TIM4_IRQHandler
                0x08001a38                I2C1_EV_IRQHandler
                0x08001a38                DMA1_Stream6_IRQHandler
                0x08001a38                DMA1_Stream1_IRQHandler
                0x08001a38                RCC_IRQHandler
                0x08001a38                Default_Handler
                0x08001a38                EXTI15_10_IRQHandler
                0x08001a38                ADC_IRQHandler
                0x08001a38                DMA1_Stream7_IRQHandler
                0x08001a38                SPI5_IRQHandler
                0x08001a38                TIM5_IRQHandler
                0x08001a38                DMA2_Stream7_IRQHandler
                0x08001a38                I2C3_EV_IRQHandler
                0x08001a38                EXTI9_5_IRQHandler
                0x08001a38                RTC_WKUP_IRQHandler
                0x08001a38                SPI2_IRQHandler
                0x08001a38                DMA1_Stream0_IRQHandler
                0x08001a38                EXTI4_IRQHandler
                0x08001a38                WWDG_IRQHandler
                0x08001a38                TIM2_IRQHandler
                0x08001a38                OTG_FS_WKUP_IRQHandler
                0x08001a38                TIM1_TRG_COM_TIM11_IRQHandler
                0x08001a38                EXTI1_IRQHandler
                0x08001a38                USART2_IRQHandler
                0x08001a38                I2C2_ER_IRQHandler
                0x08001a38                DMA2_Stream1_IRQHandler
                0x08001a38                FLASH_IRQHandler
                0x08001a38                DMA2_Stream4_IRQHandler
                0x08001a38                USART1_IRQHandler
                0x08001a38                OTG_FS_IRQHandler
                0x08001a38                SPI3_IRQHandler
                0x08001a38                DMA1_Stream4_IRQHandler
                0x08001a38                I2C1_ER_IRQHandler
                0x08001a38                DMA2_Stream6_IRQHandler
                0x08001a38                DMA1_Stream3_IRQHandler
 *fill*         0x08001a3a        0x2 
 .text.HAL_Init
                0x08001a3c       0x44 ./Drivers/STM32F4xx_HAL_Driver/Src/stm32f4xx_hal.o
                0x08001a3c                HAL_Init
 .text.HAL_IncTick
                0x08001a80       0x28 ./Drivers/STM32F4xx_HAL_Driver/Src/stm32f4xx_hal.o
                0x08001a80                HAL_IncTick
 .text.HAL_GetTick
                0x08001aa8       0x18 ./Drivers/STM32F4xx_HAL_Driver/Src/stm32f4xx_hal.o
                0x08001aa8                HAL_GetTick
 .text.HAL_Delay
                0x08001ac0       0x48 ./Drivers/STM32F4xx_HAL_Driver/Src/stm32f4xx_hal.o
                0x08001ac0                HAL_Delay
 .text.__NVIC_SetPriorityGrouping
                0x08001b08       0x48 ./Drivers/STM32F4xx_HAL_Driver/Src/stm32f4xx_hal_cortex.o
 .text.__NVIC_GetPriorityGrouping
                0x08001b50       0x1c ./Drivers/STM32F4xx_HAL_Driver/Src/stm32f4xx_hal_cortex.o
 .text.__NVIC_EnableIRQ
                0x08001b6c       0x3c ./Drivers/STM32F4xx_HAL_Driver/Src/stm32f4xx_hal_cortex.o
 .text.__NVIC_SetPriority
                0x08001ba8       0x54 ./Drivers/STM32F4xx_HAL_Driver/Src/stm32f4xx_hal_cortex.o
 .text.NVIC_EncodePriority
                0x08001bfc       0x66 ./Drivers/STM32F4xx_HAL_Driver/Src/stm32f4xx_hal_cortex.o
 .text.HAL_NVIC_SetPriorityGrouping
                0x08001c62       0x16 ./Drivers/STM32F4xx_HAL_Driver/Src/stm32f4xx_hal_cortex.o
                0x08001c62                HAL_NVIC_SetPriorityGrouping
 .text.HAL_NVIC_SetPriority
                0x08001c78       0x38 ./Drivers/STM32F4xx_HAL_Driver/Src/stm32f4xx_hal_cortex.o
                0x08001c78                HAL_NVIC_SetPriority
 .text.HAL_NVIC_EnableIRQ
                0x08001cb0       0x1c ./Drivers/STM32F4xx_HAL_Driver/Src/stm32f4xx_hal_cortex.o
                0x08001cb0                HAL_NVIC_EnableIRQ
 .text.HAL_GPIO_Init
                0x08001ccc      0x308 ./Drivers/STM32F4xx_HAL_Driver/Src/stm32f4xx_hal_gpio.o
                0x08001ccc                HAL_GPIO_Init
 .text.HAL_GPIO_ReadPin
                0x08001fd4       0x30 ./Drivers/STM32F4xx_HAL_Driver/Src/stm32f4xx_hal_gpio.o
                0x08001fd4                HAL_GPIO_ReadPin
 .text.HAL_GPIO_WritePin
                0x08002004       0x32 ./Drivers/STM32F4xx_HAL_Driver/Src/stm32f4xx_hal_gpio.o
                0x08002004                HAL_GPIO_WritePin
 .text.HAL_GPIO_TogglePin
                0x08002036       0x34 ./Drivers/STM32F4xx_HAL_Driver/Src/stm32f4xx_hal_gpio.o
                0x08002036                HAL_GPIO_TogglePin
 *fill*         0x0800206a        0x2 
 .text.HAL_RCC_OscConfig
                0x0800206c      0x4f0 ./Drivers/STM32F4xx_HAL_Driver/Src/stm32f4xx_hal_rcc.o
                0x0800206c                HAL_RCC_OscConfig
 .text.HAL_RCC_ClockConfig
                0x0800255c      0x1cc ./Drivers/STM32F4xx_HAL_Driver/Src/stm32f4xx_hal_rcc.o
                0x0800255c                HAL_RCC_ClockConfig
 .text.HAL_RCC_GetSysClockFreq
                0x08002728      0x18c ./Drivers/STM32F4xx_HAL_Driver/Src/stm32f4xx_hal_rcc.o
                0x08002728                HAL_RCC_GetSysClockFreq
 .text.HAL_RCC_GetHCLKFreq
                0x080028b4       0x18 ./Drivers/STM32F4xx_HAL_Driver/Src/stm32f4xx_hal_rcc.o
                0x080028b4                HAL_RCC_GetHCLKFreq
 .text.HAL_RCC_GetPCLK2Freq
                0x080028cc       0x28 ./Drivers/STM32F4xx_HAL_Driver/Src/stm32f4xx_hal_rcc.o
                0x080028cc                HAL_RCC_GetPCLK2Freq
 .text.HAL_RCC_GetClockConfig
                0x080028f4       0x64 ./Drivers/STM32F4xx_HAL_Driver/Src/stm32f4xx_hal_rcc.o
                0x080028f4                HAL_RCC_GetClockConfig
 .text.HAL_SPI_Init
                0x08002958      0x112 ./Drivers/STM32F4xx_HAL_Driver/Src/stm32f4xx_hal_spi.o
                0x08002958                HAL_SPI_Init
 .text.HAL_SPI_Transmit
                0x08002a6a      0x288 ./Drivers/STM32F4xx_HAL_Driver/Src/stm32f4xx_hal_spi.o
                0x08002a6a                HAL_SPI_Transmit
 .text.HAL_SPI_Receive
                0x08002cf2      0x232 ./Drivers/STM32F4xx_HAL_Driver/Src/stm32f4xx_hal_spi.o
                0x08002cf2                HAL_SPI_Receive
 .text.HAL_SPI_TransmitReceive
                0x08002f24      0x352 ./Drivers/STM32F4xx_HAL_Driver/Src/stm32f4xx_hal_spi.o
                0x08002f24                HAL_SPI_TransmitReceive
 *fill*         0x08003276        0x2 
 .text.SPI_WaitFlagStateUntilTimeout
                0x08003278      0x110 ./Drivers/STM32F4xx_HAL_Driver/Src/stm32f4xx_hal_spi.o
 .text.SPI_EndRxTransaction
                0x08003388       0xca ./Drivers/STM32F4xx_HAL_Driver/Src/stm32f4xx_hal_spi.o
 *fill*         0x08003452        0x2 
 .text.SPI_EndRxTxTransaction
                0x08003454       0xa8 ./Drivers/STM32F4xx_HAL_Driver/Src/stm32f4xx_hal_spi.o
 .text.HAL_TIM_Base_Init
                0x080034fc       0x9e ./Drivers/STM32F4xx_HAL_Driver/Src/stm32f4xx_hal_tim.o
                0x080034fc                HAL_TIM_Base_Init
 *fill*         0x0800359a        0x2 
 .text.HAL_TIM_Base_Start_IT
                0x0800359c       0xc4 ./Drivers/STM32F4xx_HAL_Driver/Src/stm32f4xx_hal_tim.o
                0x0800359c                HAL_TIM_Base_Start_IT
 .text.HAL_TIM_PWM_Init
                0x08003660       0x9e ./Drivers/STM32F4xx_HAL_Driver/Src/stm32f4xx_hal_tim.o
                0x08003660                HAL_TIM_PWM_Init
 *fill*         0x080036fe        0x2 
 .text.HAL_TIM_PWM_Start
                0x08003700      0x160 ./Drivers/STM32F4xx_HAL_Driver/Src/stm32f4xx_hal_tim.o
                0x08003700                HAL_TIM_PWM_Start
 .text.HAL_TIM_IRQHandler
                0x08003860      0x1e0 ./Drivers/STM32F4xx_HAL_Driver/Src/stm32f4xx_hal_tim.o
                0x08003860                HAL_TIM_IRQHandler
 .text.HAL_TIM_PWM_ConfigChannel
                0x08003a40      0x184 ./Drivers/STM32F4xx_HAL_Driver/Src/stm32f4xx_hal_tim.o
                0x08003a40                HAL_TIM_PWM_ConfigChannel
 .text.HAL_TIM_ConfigClockSource
                0x08003bc4      0x18e ./Drivers/STM32F4xx_HAL_Driver/Src/stm32f4xx_hal_tim.o
                0x08003bc4                HAL_TIM_ConfigClockSource
 .text.HAL_TIM_OC_DelayElapsedCallback
                0x08003d52       0x14 ./Drivers/STM32F4xx_HAL_Driver/Src/stm32f4xx_hal_tim.o
                0x08003d52                HAL_TIM_OC_DelayElapsedCallback
 .text.HAL_TIM_IC_CaptureCallback
                0x08003d66       0x14 ./Drivers/STM32F4xx_HAL_Driver/Src/stm32f4xx_hal_tim.o
                0x08003d66                HAL_TIM_IC_CaptureCallback
 .text.HAL_TIM_PWM_PulseFinishedCallback
                0x08003d7a       0x14 ./Drivers/STM32F4xx_HAL_Driver/Src/stm32f4xx_hal_tim.o
                0x08003d7a                HAL_TIM_PWM_PulseFinishedCallback
 .text.HAL_TIM_TriggerCallback
                0x08003d8e       0x14 ./Drivers/STM32F4xx_HAL_Driver/Src/stm32f4xx_hal_tim.o
                0x08003d8e                HAL_TIM_TriggerCallback
 *fill*         0x08003da2        0x2 
 .text.TIM_Base_SetConfig
                0x08003da4      0x10c ./Drivers/STM32F4xx_HAL_Driver/Src/stm32f4xx_hal_tim.o
                0x08003da4                TIM_Base_SetConfig
 .text.TIM_OC1_SetConfig
                0x08003eb0       0xcc ./Drivers/STM32F4xx_HAL_Driver/Src/stm32f4xx_hal_tim.o
 .text.TIM_OC2_SetConfig
                0x08003f7c       0xd8 ./Drivers/STM32F4xx_HAL_Driver/Src/stm32f4xx_hal_tim.o
                0x08003f7c                TIM_OC2_SetConfig
 .text.TIM_OC3_SetConfig
                0x08004054       0xd4 ./Drivers/STM32F4xx_HAL_Driver/Src/stm32f4xx_hal_tim.o
 .text.TIM_OC4_SetConfig
                0x08004128       0xa0 ./Drivers/STM32F4xx_HAL_Driver/Src/stm32f4xx_hal_tim.o
 .text.TIM_TI1_ConfigInputStage
                0x080041c8       0x5e ./Drivers/STM32F4xx_HAL_Driver/Src/stm32f4xx_hal_tim.o
 .text.TIM_TI2_ConfigInputStage
                0x08004226       0x60 ./Drivers/STM32F4xx_HAL_Driver/Src/stm32f4xx_hal_tim.o
 .text.TIM_ITRx_SetConfig
                0x08004286       0x36 ./Drivers/STM32F4xx_HAL_Driver/Src/stm32f4xx_hal_tim.o
 .text.TIM_ETR_SetConfig
                0x080042bc       0x40 ./Drivers/STM32F4xx_HAL_Driver/Src/stm32f4xx_hal_tim.o
                0x080042bc                TIM_ETR_SetConfig
 .text.TIM_CCxChannelCmd
                0x080042fc       0x4a ./Drivers/STM32F4xx_HAL_Driver/Src/stm32f4xx_hal_tim.o
                0x080042fc                TIM_CCxChannelCmd
 *fill*         0x08004346        0x2 
 .text.HAL_TIMEx_MasterConfigSynchronization
                0x08004348       0xdc ./Drivers/STM32F4xx_HAL_Driver/Src/stm32f4xx_hal_tim_ex.o
                0x08004348                HAL_TIMEx_MasterConfigSynchronization
 .text.HAL_TIMEx_CommutCallback
                0x08004424       0x14 ./Drivers/STM32F4xx_HAL_Driver/Src/stm32f4xx_hal_tim_ex.o
                0x08004424                HAL_TIMEx_CommutCallback
 .text.HAL_TIMEx_BreakCallback
                0x08004438       0x14 ./Drivers/STM32F4xx_HAL_Driver/Src/stm32f4xx_hal_tim_ex.o
                0x08004438                HAL_TIMEx_BreakCallback
 .text.makeFreeRtosPriority
                0x0800444c       0x30 ./Middlewares/Third_Party/FreeRTOS/Source/CMSIS_RTOS/cmsis_os.o
 .text.osKernelStart
                0x0800447c        0xe ./Middlewares/Third_Party/FreeRTOS/Source/CMSIS_RTOS/cmsis_os.o
                0x0800447c                osKernelStart
 .text.osThreadCreate
                0x0800448a       0x98 ./Middlewares/Third_Party/FreeRTOS/Source/CMSIS_RTOS/cmsis_os.o
                0x0800448a                osThreadCreate
 .text.osDelay  0x08004522       0x28 ./Middlewares/Third_Party/FreeRTOS/Source/CMSIS_RTOS/cmsis_os.o
                0x08004522                osDelay
 .text.vListInitialise
                0x0800454a       0x40 ./Middlewares/Third_Party/FreeRTOS/Source/list.o
                0x0800454a                vListInitialise
 .text.vListInitialiseItem
                0x0800458a       0x1a ./Middlewares/Third_Party/FreeRTOS/Source/list.o
                0x0800458a                vListInitialiseItem
 .text.vListInsertEnd
                0x080045a4       0x48 ./Middlewares/Third_Party/FreeRTOS/Source/list.o
                0x080045a4                vListInsertEnd
 .text.vListInsert
                0x080045ec       0x72 ./Middlewares/Third_Party/FreeRTOS/Source/list.o
                0x080045ec                vListInsert
 .text.uxListRemove
                0x0800465e       0x54 ./Middlewares/Third_Party/FreeRTOS/Source/list.o
                0x0800465e                uxListRemove
 .text.xTaskCreateStatic
                0x080046b2       0xc0 ./Middlewares/Third_Party/FreeRTOS/Source/tasks.o
                0x080046b2                xTaskCreateStatic
 .text.xTaskCreate
                0x08004772       0x8a ./Middlewares/Third_Party/FreeRTOS/Source/tasks.o
                0x08004772                xTaskCreate
 .text.prvInitialiseNewTask
                0x080047fc      0x140 ./Middlewares/Third_Party/FreeRTOS/Source/tasks.o
 .text.prvAddNewTaskToReadyList
                0x0800493c       0xd4 ./Middlewares/Third_Party/FreeRTOS/Source/tasks.o
 .text.vTaskDelay
                0x08004a10       0x6c ./Middlewares/Third_Party/FreeRTOS/Source/tasks.o
                0x08004a10                vTaskDelay
 .text.vTaskStartScheduler
                0x08004a7c       0xd4 ./Middlewares/Third_Party/FreeRTOS/Source/tasks.o
                0x08004a7c                vTaskStartScheduler
 .text.vTaskSuspendAll
                0x08004b50       0x1c ./Middlewares/Third_Party/FreeRTOS/Source/tasks.o
                0x08004b50                vTaskSuspendAll
 .text.xTaskResumeAll
                0x08004b6c      0x13c ./Middlewares/Third_Party/FreeRTOS/Source/tasks.o
                0x08004b6c                xTaskResumeAll
 .text.xTaskIncrementTick
                0x08004ca8      0x174 ./Middlewares/Third_Party/FreeRTOS/Source/tasks.o
                0x08004ca8                xTaskIncrementTick
 .text.vTaskSwitchContext
                0x08004e1c       0xc8 ./Middlewares/Third_Party/FreeRTOS/Source/tasks.o
                0x08004e1c                vTaskSwitchContext
 .text.prvIdleTask
                0x08004ee4       0x30 ./Middlewares/Third_Party/FreeRTOS/Source/tasks.o
 .text.prvInitialiseTaskLists
                0x08004f14       0x80 ./Middlewares/Third_Party/FreeRTOS/Source/tasks.o
 .text.prvCheckTasksWaitingTermination
                0x08004f94       0x5c ./Middlewares/Third_Party/FreeRTOS/Source/tasks.o
 .text.prvDeleteTCB
                0x08004ff0       0x6a ./Middlewares/Third_Party/FreeRTOS/Source/tasks.o
 *fill*         0x0800505a        0x2 
 .text.prvResetNextTaskUnblockTime
                0x0800505c       0x40 ./Middlewares/Third_Party/FreeRTOS/Source/tasks.o
 .text.prvAddCurrentTaskToDelayedList
                0x0800509c       0xcc ./Middlewares/Third_Party/FreeRTOS/Source/tasks.o
 .text.pxPortInitialiseStack
                0x08005168       0x68 ./Middlewares/Third_Party/FreeRTOS/Source/portable/GCC/ARM_CM4F/port.o
                0x08005168                pxPortInitialiseStack
 .text.prvTaskExitError
                0x080051d0       0x5c ./Middlewares/Third_Party/FreeRTOS/Source/portable/GCC/ARM_CM4F/port.o
 *fill*         0x0800522c        0x4 
 .text.SVC_Handler
                0x08005230       0x28 ./Middlewares/Third_Party/FreeRTOS/Source/portable/GCC/ARM_CM4F/port.o
                0x08005230                SVC_Handler
 .text.prvPortStartFirstTask
                0x08005258       0x28 ./Middlewares/Third_Party/FreeRTOS/Source/portable/GCC/ARM_CM4F/port.o
 .text.xPortStartScheduler
                0x08005280      0x148 ./Middlewares/Third_Party/FreeRTOS/Source/portable/GCC/ARM_CM4F/port.o
                0x08005280                xPortStartScheduler
 .text.vPortEnterCritical
                0x080053c8       0x64 ./Middlewares/Third_Party/FreeRTOS/Source/portable/GCC/ARM_CM4F/port.o
                0x080053c8                vPortEnterCritical
 .text.vPortExitCritical
                0x0800542c       0x54 ./Middlewares/Third_Party/FreeRTOS/Source/portable/GCC/ARM_CM4F/port.o
                0x0800542c                vPortExitCritical
 .text.PendSV_Handler
                0x08005480       0x68 ./Middlewares/Third_Party/FreeRTOS/Source/portable/GCC/ARM_CM4F/port.o
                0x08005480                PendSV_Handler
 .text.SysTick_Handler
                0x080054e8       0x44 ./Middlewares/Third_Party/FreeRTOS/Source/portable/GCC/ARM_CM4F/port.o
                0x080054e8                SysTick_Handler
 .text.vPortSetupTimerInterrupt
                0x0800552c       0x48 ./Middlewares/Third_Party/FreeRTOS/Source/portable/GCC/ARM_CM4F/port.o
                0x0800552c                vPortSetupTimerInterrupt
 .text.vPortEnableVFP
                0x08005574       0x14 ./Middlewares/Third_Party/FreeRTOS/Source/portable/GCC/ARM_CM4F/port.o
 .text.pvPortMalloc
                0x08005588      0x19c ./Middlewares/Third_Party/FreeRTOS/Source/portable/MemMang/heap_4.o
                0x08005588                pvPortMalloc
 .text.vPortFree
                0x08005724       0xc8 ./Middlewares/Third_Party/FreeRTOS/Source/portable/MemMang/heap_4.o
                0x08005724                vPortFree
 .text.prvHeapInit
                0x080057ec       0xc4 ./Middlewares/Third_Party/FreeRTOS/Source/portable/MemMang/heap_4.o
 .text.prvInsertBlockIntoFreeList
                0x080058b0       0xb4 ./Middlewares/Third_Party/FreeRTOS/Source/portable/MemMang/heap_4.o
 .text.sprintf  0x08005964       0x40 C:/ST/STM32CubeIDE_1.16.1/STM32CubeIDE/plugins/com.st.stm32cube.ide.mcu.externaltools.gnu-tools-for-stm32.12.3.rel1.win32_1.1.0.202410251130/tools/bin/../lib/gcc/arm-none-eabi/12.3.1/../../../../arm-none-eabi/lib/thumb/v7e-m+fp/hard\libc_nano.a(libc_a-sprintf.o)
                0x08005964                siprintf
                0x08005964                sprintf
 .text.memset   0x080059a4       0x10 C:/ST/STM32CubeIDE_1.16.1/STM32CubeIDE/plugins/com.st.stm32cube.ide.mcu.externaltools.gnu-tools-for-stm32.12.3.rel1.win32_1.1.0.202410251130/tools/bin/../lib/gcc/arm-none-eabi/12.3.1/../../../../arm-none-eabi/lib/thumb/v7e-m+fp/hard\libc_nano.a(libc_a-memset.o)
                0x080059a4                memset
 .text._reclaim_reent
                0x080059b4       0xac C:/ST/STM32CubeIDE_1.16.1/STM32CubeIDE/plugins/com.st.stm32cube.ide.mcu.externaltools.gnu-tools-for-stm32.12.3.rel1.win32_1.1.0.202410251130/tools/bin/../lib/gcc/arm-none-eabi/12.3.1/../../../../arm-none-eabi/lib/thumb/v7e-m+fp/hard\libc_nano.a(libc_a-reent.o)
                0x080059b4                _reclaim_reent
 .text.__errno  0x08005a60        0xc C:/ST/STM32CubeIDE_1.16.1/STM32CubeIDE/plugins/com.st.stm32cube.ide.mcu.externaltools.gnu-tools-for-stm32.12.3.rel1.win32_1.1.0.202410251130/tools/bin/../lib/gcc/arm-none-eabi/12.3.1/../../../../arm-none-eabi/lib/thumb/v7e-m+fp/hard\libc_nano.a(libc_a-errno.o)
                0x08005a60                __errno
 .text.__libc_init_array
                0x08005a6c       0x48 C:/ST/STM32CubeIDE_1.16.1/STM32CubeIDE/plugins/com.st.stm32cube.ide.mcu.externaltools.gnu-tools-for-stm32.12.3.rel1.win32_1.1.0.202410251130/tools/bin/../lib/gcc/arm-none-eabi/12.3.1/../../../../arm-none-eabi/lib/thumb/v7e-m+fp/hard\libc_nano.a(libc_a-init.o)
                0x08005a6c                __libc_init_array
 .text.__retarget_lock_acquire_recursive
                0x08005ab4        0x2 C:/ST/STM32CubeIDE_1.16.1/STM32CubeIDE/plugins/com.st.stm32cube.ide.mcu.externaltools.gnu-tools-for-stm32.12.3.rel1.win32_1.1.0.202410251130/tools/bin/../lib/gcc/arm-none-eabi/12.3.1/../../../../arm-none-eabi/lib/thumb/v7e-m+fp/hard\libc_nano.a(libc_a-lock.o)
                0x08005ab4                __retarget_lock_acquire_recursive
 .text.__retarget_lock_release_recursive
                0x08005ab6        0x2 C:/ST/STM32CubeIDE_1.16.1/STM32CubeIDE/plugins/com.st.stm32cube.ide.mcu.externaltools.gnu-tools-for-stm32.12.3.rel1.win32_1.1.0.202410251130/tools/bin/../lib/gcc/arm-none-eabi/12.3.1/../../../../arm-none-eabi/lib/thumb/v7e-m+fp/hard\libc_nano.a(libc_a-lock.o)
                0x08005ab6                __retarget_lock_release_recursive
 .text.memcpy   0x08005ab8       0x1c C:/ST/STM32CubeIDE_1.16.1/STM32CubeIDE/plugins/com.st.stm32cube.ide.mcu.externaltools.gnu-tools-for-stm32.12.3.rel1.win32_1.1.0.202410251130/tools/bin/../lib/gcc/arm-none-eabi/12.3.1/../../../../arm-none-eabi/lib/thumb/v7e-m+fp/hard\libc_nano.a(libc_a-memcpy-stub.o)
                0x08005ab8                memcpy
 .text._free_r  0x08005ad4       0x94 C:/ST/STM32CubeIDE_1.16.1/STM32CubeIDE/plugins/com.st.stm32cube.ide.mcu.externaltools.gnu-tools-for-stm32.12.3.rel1.win32_1.1.0.202410251130/tools/bin/../lib/gcc/arm-none-eabi/12.3.1/../../../../arm-none-eabi/lib/thumb/v7e-m+fp/hard\libc_nano.a(libc_a-freer.o)
                0x08005ad4                _free_r
 .text.sbrk_aligned
                0x08005b68       0x44 C:/ST/STM32CubeIDE_1.16.1/STM32CubeIDE/plugins/com.st.stm32cube.ide.mcu.externaltools.gnu-tools-for-stm32.12.3.rel1.win32_1.1.0.202410251130/tools/bin/../lib/gcc/arm-none-eabi/12.3.1/../../../../arm-none-eabi/lib/thumb/v7e-m+fp/hard\libc_nano.a(libc_a-mallocr.o)
 .text._malloc_r
                0x08005bac      0x100 C:/ST/STM32CubeIDE_1.16.1/STM32CubeIDE/plugins/com.st.stm32cube.ide.mcu.externaltools.gnu-tools-for-stm32.12.3.rel1.win32_1.1.0.202410251130/tools/bin/../lib/gcc/arm-none-eabi/12.3.1/../../../../arm-none-eabi/lib/thumb/v7e-m+fp/hard\libc_nano.a(libc_a-mallocr.o)
                0x08005bac                _malloc_r
 .text.__malloc_lock
                0x08005cac        0xc C:/ST/STM32CubeIDE_1.16.1/STM32CubeIDE/plugins/com.st.stm32cube.ide.mcu.externaltools.gnu-tools-for-stm32.12.3.rel1.win32_1.1.0.202410251130/tools/bin/../lib/gcc/arm-none-eabi/12.3.1/../../../../arm-none-eabi/lib/thumb/v7e-m+fp/hard\libc_nano.a(libc_a-mlock.o)
                0x08005cac                __malloc_lock
 .text.__malloc_unlock
                0x08005cb8        0xc C:/ST/STM32CubeIDE_1.16.1/STM32CubeIDE/plugins/com.st.stm32cube.ide.mcu.externaltools.gnu-tools-for-stm32.12.3.rel1.win32_1.1.0.202410251130/tools/bin/../lib/gcc/arm-none-eabi/12.3.1/../../../../arm-none-eabi/lib/thumb/v7e-m+fp/hard\libc_nano.a(libc_a-mlock.o)
                0x08005cb8                __malloc_unlock
 .text.__ssputs_r
                0x08005cc4       0xb6 C:/ST/STM32CubeIDE_1.16.1/STM32CubeIDE/plugins/com.st.stm32cube.ide.mcu.externaltools.gnu-tools-for-stm32.12.3.rel1.win32_1.1.0.202410251130/tools/bin/../lib/gcc/arm-none-eabi/12.3.1/../../../../arm-none-eabi/lib/thumb/v7e-m+fp/hard\libc_nano.a(libc_a-nano-svfprintf.o)
                0x08005cc4                __ssputs_r
 *fill*         0x08005d7a        0x2 
 .text._svfprintf_r
                0x08005d7c      0x1f8 C:/ST/STM32CubeIDE_1.16.1/STM32CubeIDE/plugins/com.st.stm32cube.ide.mcu.externaltools.gnu-tools-for-stm32.12.3.rel1.win32_1.1.0.202410251130/tools/bin/../lib/gcc/arm-none-eabi/12.3.1/../../../../arm-none-eabi/lib/thumb/v7e-m+fp/hard\libc_nano.a(libc_a-nano-svfprintf.o)
                0x08005d7c                _svfiprintf_r
                0x08005d7c                _svfprintf_r
 .text._printf_common
                0x08005f74       0xda C:/ST/STM32CubeIDE_1.16.1/STM32CubeIDE/plugins/com.st.stm32cube.ide.mcu.externaltools.gnu-tools-for-stm32.12.3.rel1.win32_1.1.0.202410251130/tools/bin/../lib/gcc/arm-none-eabi/12.3.1/../../../../arm-none-eabi/lib/thumb/v7e-m+fp/hard\libc_nano.a(libc_a-nano-vfprintf_i.o)
                0x08005f74                _printf_common
 *fill*         0x0800604e        0x2 
 .text._printf_i
                0x08006050      0x240 C:/ST/STM32CubeIDE_1.16.1/STM32CubeIDE/plugins/com.st.stm32cube.ide.mcu.externaltools.gnu-tools-for-stm32.12.3.rel1.win32_1.1.0.202410251130/tools/bin/../lib/gcc/arm-none-eabi/12.3.1/../../../../arm-none-eabi/lib/thumb/v7e-m+fp/hard\libc_nano.a(libc_a-nano-vfprintf_i.o)
                0x08006050                _printf_i
 .text.memmove  0x08006290       0x34 C:/ST/STM32CubeIDE_1.16.1/STM32CubeIDE/plugins/com.st.stm32cube.ide.mcu.externaltools.gnu-tools-for-stm32.12.3.rel1.win32_1.1.0.202410251130/tools/bin/../lib/gcc/arm-none-eabi/12.3.1/../../../../arm-none-eabi/lib/thumb/v7e-m+fp/hard\libc_nano.a(libc_a-memmove.o)
                0x08006290                memmove
 .text._sbrk_r  0x080062c4       0x20 C:/ST/STM32CubeIDE_1.16.1/STM32CubeIDE/plugins/com.st.stm32cube.ide.mcu.externaltools.gnu-tools-for-stm32.12.3.rel1.win32_1.1.0.202410251130/tools/bin/../lib/gcc/arm-none-eabi/12.3.1/../../../../arm-none-eabi/lib/thumb/v7e-m+fp/hard\libc_nano.a(libc_a-sbrkr.o)
                0x080062c4                _sbrk_r
 .text._realloc_r
                0x080062e4       0x5c C:/ST/STM32CubeIDE_1.16.1/STM32CubeIDE/plugins/com.st.stm32cube.ide.mcu.externaltools.gnu-tools-for-stm32.12.3.rel1.win32_1.1.0.202410251130/tools/bin/../lib/gcc/arm-none-eabi/12.3.1/../../../../arm-none-eabi/lib/thumb/v7e-m+fp/hard\libc_nano.a(libc_a-reallocr.o)
                0x080062e4                _realloc_r
 .text._malloc_usable_size_r
                0x08006340       0x10 C:/ST/STM32CubeIDE_1.16.1/STM32CubeIDE/plugins/com.st.stm32cube.ide.mcu.externaltools.gnu-tools-for-stm32.12.3.rel1.win32_1.1.0.202410251130/tools/bin/../lib/gcc/arm-none-eabi/12.3.1/../../../../arm-none-eabi/lib/thumb/v7e-m+fp/hard\libc_nano.a(libc_a-msizer.o)
                0x08006340                _malloc_usable_size_r
 *(.glue_7)
 .glue_7        0x08006350        0x0 linker stubs
 *(.glue_7t)
 .glue_7t       0x08006350        0x0 linker stubs
 *(.eh_frame)
 .eh_frame      0x08006350        0x0 C:/ST/STM32CubeIDE_1.16.1/STM32CubeIDE/plugins/com.st.stm32cube.ide.mcu.externaltools.gnu-tools-for-stm32.12.3.rel1.win32_1.1.0.202410251130/tools/bin/../lib/gcc/arm-none-eabi/12.3.1/thumb/v7e-m+fp/hard/crtbegin.o
 *(.init)
 .init          0x08006350        0x4 C:/ST/STM32CubeIDE_1.16.1/STM32CubeIDE/plugins/com.st.stm32cube.ide.mcu.externaltools.gnu-tools-for-stm32.12.3.rel1.win32_1.1.0.202410251130/tools/bin/../lib/gcc/arm-none-eabi/12.3.1/thumb/v7e-m+fp/hard/crti.o
                0x08006350                _init
 .init          0x08006354        0x8 C:/ST/STM32CubeIDE_1.16.1/STM32CubeIDE/plugins/com.st.stm32cube.ide.mcu.externaltools.gnu-tools-for-stm32.12.3.rel1.win32_1.1.0.202410251130/tools/bin/../lib/gcc/arm-none-eabi/12.3.1/thumb/v7e-m+fp/hard/crtn.o
 *(.fini)
 .fini          0x0800635c        0x4 C:/ST/STM32CubeIDE_1.16.1/STM32CubeIDE/plugins/com.st.stm32cube.ide.mcu.externaltools.gnu-tools-for-stm32.12.3.rel1.win32_1.1.0.202410251130/tools/bin/../lib/gcc/arm-none-eabi/12.3.1/thumb/v7e-m+fp/hard/crti.o
                0x0800635c                _fini
 .fini          0x08006360        0x8 C:/ST/STM32CubeIDE_1.16.1/STM32CubeIDE/plugins/com.st.stm32cube.ide.mcu.externaltools.gnu-tools-for-stm32.12.3.rel1.win32_1.1.0.202410251130/tools/bin/../lib/gcc/arm-none-eabi/12.3.1/thumb/v7e-m+fp/hard/crtn.o
                0x08006368                        . = ALIGN (0x4)
                0x08006368                        _etext = .

.vfp11_veneer   0x08006368        0x0
 .vfp11_veneer  0x08006368        0x0 linker stubs

.v4_bx          0x08006368        0x0
 .v4_bx         0x08006368        0x0 linker stubs

.iplt           0x08006368        0x0
 .iplt          0x08006368        0x0 C:/ST/STM32CubeIDE_1.16.1/STM32CubeIDE/plugins/com.st.stm32cube.ide.mcu.externaltools.gnu-tools-for-stm32.12.3.rel1.win32_1.1.0.202410251130/tools/bin/../lib/gcc/arm-none-eabi/12.3.1/thumb/v7e-m+fp/hard/crtbegin.o

.rodata         0x08006368       0x90
                0x08006368                        . = ALIGN (0x4)
 *(.rodata)
 .rodata        0x08006368       0x39 ./Core/Src/main.o
 *fill*         0x080063a1        0x3 
 .rodata        0x080063a4        0x5 ./Middlewares/Third_Party/FreeRTOS/Source/tasks.o
 *(.rodata*)
 *fill*         0x080063a9        0x3 
 .rodata.AHBPrescTable
                0x080063ac       0x10 ./Core/Src/system_stm32f4xx.o
                0x080063ac                AHBPrescTable
 .rodata.APBPrescTable
                0x080063bc        0x8 ./Core/Src/system_stm32f4xx.o
                0x080063bc                APBPrescTable
 .rodata._svfprintf_r.str1.1
                0x080063c4       0x11 C:/ST/STM32CubeIDE_1.16.1/STM32CubeIDE/plugins/com.st.stm32cube.ide.mcu.externaltools.gnu-tools-for-stm32.12.3.rel1.win32_1.1.0.202410251130/tools/bin/../lib/gcc/arm-none-eabi/12.3.1/../../../../arm-none-eabi/lib/thumb/v7e-m+fp/hard\libc_nano.a(libc_a-nano-svfprintf.o)
 .rodata._printf_i.str1.1
                0x080063d5       0x22 C:/ST/STM32CubeIDE_1.16.1/STM32CubeIDE/plugins/com.st.stm32cube.ide.mcu.externaltools.gnu-tools-for-stm32.12.3.rel1.win32_1.1.0.202410251130/tools/bin/../lib/gcc/arm-none-eabi/12.3.1/../../../../arm-none-eabi/lib/thumb/v7e-m+fp/hard\libc_nano.a(libc_a-nano-vfprintf_i.o)
                0x080063f8                        . = ALIGN (0x4)
 *fill*         0x080063f7        0x1 

.ARM.extab      0x080063f8        0x0
                0x080063f8                        . = ALIGN (0x4)
 *(.ARM.extab* .gnu.linkonce.armextab.*)
                0x080063f8                        . = ALIGN (0x4)

.ARM            0x080063f8        0x8
                0x080063f8                        . = ALIGN (0x4)
                0x080063f8                        __exidx_start = .
 *(.ARM.exidx*)
 .ARM.exidx     0x080063f8        0x8 C:/ST/STM32CubeIDE_1.16.1/STM32CubeIDE/plugins/com.st.stm32cube.ide.mcu.externaltools.gnu-tools-for-stm32.12.3.rel1.win32_1.1.0.202410251130/tools/bin/../lib/gcc/arm-none-eabi/12.3.1/../../../../arm-none-eabi/lib/thumb/v7e-m+fp/hard\libc_nano.a(libc_a-memchr.o)
 .ARM.exidx     0x08006400        0x0 C:/ST/STM32CubeIDE_1.16.1/STM32CubeIDE/plugins/com.st.stm32cube.ide.mcu.externaltools.gnu-tools-for-stm32.12.3.rel1.win32_1.1.0.202410251130/tools/bin/../lib/gcc/arm-none-eabi/12.3.1/thumb/v7e-m+fp/hard\libgcc.a(_udivmoddi4.o)
                                  0x8 (size before relaxing)
                0x08006400                        __exidx_end = .
                0x08006400                        . = ALIGN (0x4)

.preinit_array  0x08006400        0x0
                0x08006400                        . = ALIGN (0x4)
                0x08006400                        PROVIDE (__preinit_array_start = .)
 *(.preinit_array*)
                0x08006400                        PROVIDE (__preinit_array_end = .)
                0x08006400                        . = ALIGN (0x4)

.init_array     0x08006400        0x4
                0x08006400                        . = ALIGN (0x4)
                0x08006400                        PROVIDE (__init_array_start = .)
 *(SORT_BY_NAME(.init_array.*))
 *(.init_array*)
 .init_array    0x08006400        0x4 C:/ST/STM32CubeIDE_1.16.1/STM32CubeIDE/plugins/com.st.stm32cube.ide.mcu.externaltools.gnu-tools-for-stm32.12.3.rel1.win32_1.1.0.202410251130/tools/bin/../lib/gcc/arm-none-eabi/12.3.1/thumb/v7e-m+fp/hard/crtbegin.o
                0x08006404                        PROVIDE (__init_array_end = .)
                0x08006404                        . = ALIGN (0x4)

.fini_array     0x08006404        0x4
                0x08006404                        . = ALIGN (0x4)
                [!provide]                        PROVIDE (__fini_array_start = .)
 *(SORT_BY_NAME(.fini_array.*))
 *(.fini_array*)
 .fini_array    0x08006404        0x4 C:/ST/STM32CubeIDE_1.16.1/STM32CubeIDE/plugins/com.st.stm32cube.ide.mcu.externaltools.gnu-tools-for-stm32.12.3.rel1.win32_1.1.0.202410251130/tools/bin/../lib/gcc/arm-none-eabi/12.3.1/thumb/v7e-m+fp/hard/crtbegin.o
                [!provide]                        PROVIDE (__fini_array_end = .)
                0x08006408                        . = ALIGN (0x4)
                0x08006408                        _sidata = LOADADDR (.data)

.rel.dyn        0x08006408        0x0
 .rel.iplt      0x08006408        0x0 C:/ST/STM32CubeIDE_1.16.1/STM32CubeIDE/plugins/com.st.stm32cube.ide.mcu.externaltools.gnu-tools-for-stm32.12.3.rel1.win32_1.1.0.202410251130/tools/bin/../lib/gcc/arm-none-eabi/12.3.1/thumb/v7e-m+fp/hard/crtbegin.o

.data           0x20000000       0x60 load address 0x08006408
                0x20000000                        . = ALIGN (0x4)
                0x20000000                        _sdata = .
 *(.data)
 *(.data*)
 .data.SystemCoreClock
                0x20000000        0x4 ./Core/Src/system_stm32f4xx.o
                0x20000000                SystemCoreClock
 .data.uwTickPrio
                0x20000004        0x4 ./Drivers/STM32F4xx_HAL_Driver/Src/stm32f4xx_hal.o
                0x20000004                uwTickPrio
 .data.uwTickFreq
                0x20000008        0x1 ./Drivers/STM32F4xx_HAL_Driver/Src/stm32f4xx_hal.o
                0x20000008                uwTickFreq
 *fill*         0x20000009        0x3 
 .data.uxCriticalNesting
                0x2000000c        0x4 ./Middlewares/Third_Party/FreeRTOS/Source/portable/GCC/ARM_CM4F/port.o
 .data._impure_ptr
                0x20000010        0x4 C:/ST/STM32CubeIDE_1.16.1/STM32CubeIDE/plugins/com.st.stm32cube.ide.mcu.externaltools.gnu-tools-for-stm32.12.3.rel1.win32_1.1.0.202410251130/tools/bin/../lib/gcc/arm-none-eabi/12.3.1/../../../../arm-none-eabi/lib/thumb/v7e-m+fp/hard\libc_nano.a(libc_a-impure.o)
                0x20000010                _impure_ptr
 .data._impure_data
                0x20000014       0x4c C:/ST/STM32CubeIDE_1.16.1/STM32CubeIDE/plugins/com.st.stm32cube.ide.mcu.externaltools.gnu-tools-for-stm32.12.3.rel1.win32_1.1.0.202410251130/tools/bin/../lib/gcc/arm-none-eabi/12.3.1/../../../../arm-none-eabi/lib/thumb/v7e-m+fp/hard\libc_nano.a(libc_a-impure.o)
                0x20000014                _impure_data
 *(.RamFunc)
 *(.RamFunc*)
                0x20000060                        . = ALIGN (0x4)
                0x20000060                        _edata = .

.igot.plt       0x20000060        0x0 load address 0x08006468
 .igot.plt      0x20000060        0x0 C:/ST/STM32CubeIDE_1.16.1/STM32CubeIDE/plugins/com.st.stm32cube.ide.mcu.externaltools.gnu-tools-for-stm32.12.3.rel1.win32_1.1.0.202410251130/tools/bin/../lib/gcc/arm-none-eabi/12.3.1/thumb/v7e-m+fp/hard/crtbegin.o
                0x20000060                        . = ALIGN (0x4)

.bss            0x20000060     0x4590 load address 0x08006468
                0x20000060                        _sbss = .
                0x20000060                        __bss_start__ = _sbss
 *(.bss)
 .bss           0x20000060       0x1c C:/ST/STM32CubeIDE_1.16.1/STM32CubeIDE/plugins/com.st.stm32cube.ide.mcu.externaltools.gnu-tools-for-stm32.12.3.rel1.win32_1.1.0.202410251130/tools/bin/../lib/gcc/arm-none-eabi/12.3.1/thumb/v7e-m+fp/hard/crtbegin.o
 *(.bss*)
 .bss.xIdleTaskTCBBuffer
                0x2000007c       0xa0 ./Core/Src/freertos.o
 .bss.xIdleStack
                0x2000011c      0x200 ./Core/Src/freertos.o
 .bss.hspi1     0x2000031c       0x58 ./Core/Src/main.o
                0x2000031c                hspi1
 .bss.htim2     0x20000374       0x48 ./Core/Src/main.o
                0x20000374                htim2
 .bss.htim3     0x200003bc       0x48 ./Core/Src/main.o
                0x200003bc                htim3
 .bss.defaultTaskHandle
                0x20000404        0x4 ./Core/Src/main.o
                0x20000404                defaultTaskHandle
 .bss.spi_rx    0x20000408       0x20 ./Core/Src/main.o
                0x20000408                spi_rx
 .bss.spi_tx    0x20000428       0x20 ./Core/Src/main.o
                0x20000428                spi_tx
 .bss.timer3_flag
                0x20000448        0x1 ./Core/Src/main.o
                0x20000448                timer3_flag
 *fill*         0x20000449        0x3 
 .bss.speed     0x2000044c       0x10 ./Core/Src/main.o
                0x2000044c                speed
 .bss.pitch     0x2000045c       0x54 ./Core/Src/main.o
                0x2000045c                pitch
 .bss.pitch_rate
                0x200004b0       0x54 ./Core/Src/main.o
                0x200004b0                pitch_rate
 .bss.roll      0x20000504       0x54 ./Core/Src/main.o
                0x20000504                roll
 .bss.roll_rate
                0x20000558       0x54 ./Core/Src/main.o
                0x20000558                roll_rate
 .bss.yaw       0x200005ac       0x54 ./Core/Src/main.o
                0x200005ac                yaw
 .bss.yaw_rate  0x20000600       0x54 ./Core/Src/main.o
                0x20000600                yaw_rate
 .bss.high      0x20000654       0x54 ./Core/Src/main.o
                0x20000654                high
 .bss.calculation
                0x200006a8       0x38 ./Core/Src/main.o
                0x200006a8                calculation
 .bss.control   0x200006e0       0x16 ./Core/Src/main.o
                0x200006e0                control
 *fill*         0x200006f6        0x2 
 .bss.ESC_Handle
                0x200006f8        0x4 ./Core/Src/main.o
                0x200006f8                ESC_Handle
 .bss.NRF_Handle
                0x200006fc        0x4 ./Core/Src/main.o
                0x200006fc                NRF_Handle
 .bss.nrfmode   0x20000700        0x1 ./Core/Src/nrf24L01.o
                0x20000700                nrfmode
 *fill*         0x20000701        0x3 
 .bss.htim1     0x20000704       0x48 ./Core/Src/stm32f4xx_hal_timebase_tim.o
                0x20000704                htim1
 .bss.__sbrk_heap_end
                0x2000074c        0x4 ./Core/Src/sysmem.o
 .bss.uwTick    0x20000750        0x4 ./Drivers/STM32F4xx_HAL_Driver/Src/stm32f4xx_hal.o
                0x20000750                uwTick
 .bss.pxCurrentTCB
                0x20000754        0x4 ./Middlewares/Third_Party/FreeRTOS/Source/tasks.o
                0x20000754                pxCurrentTCB
 .bss.pxReadyTasksLists
                0x20000758       0x8c ./Middlewares/Third_Party/FreeRTOS/Source/tasks.o
 .bss.xDelayedTaskList1
                0x200007e4       0x14 ./Middlewares/Third_Party/FreeRTOS/Source/tasks.o
 .bss.xDelayedTaskList2
                0x200007f8       0x14 ./Middlewares/Third_Party/FreeRTOS/Source/tasks.o
 .bss.pxDelayedTaskList
                0x2000080c        0x4 ./Middlewares/Third_Party/FreeRTOS/Source/tasks.o
 .bss.pxOverflowDelayedTaskList
                0x20000810        0x4 ./Middlewares/Third_Party/FreeRTOS/Source/tasks.o
 .bss.xPendingReadyList
                0x20000814       0x14 ./Middlewares/Third_Party/FreeRTOS/Source/tasks.o
 .bss.xTasksWaitingTermination
                0x20000828       0x14 ./Middlewares/Third_Party/FreeRTOS/Source/tasks.o
 .bss.uxDeletedTasksWaitingCleanUp
                0x2000083c        0x4 ./Middlewares/Third_Party/FreeRTOS/Source/tasks.o
 .bss.xSuspendedTaskList
                0x20000840       0x14 ./Middlewares/Third_Party/FreeRTOS/Source/tasks.o
 .bss.uxCurrentNumberOfTasks
                0x20000854        0x4 ./Middlewares/Third_Party/FreeRTOS/Source/tasks.o
 .bss.xTickCount
                0x20000858        0x4 ./Middlewares/Third_Party/FreeRTOS/Source/tasks.o
 .bss.uxTopReadyPriority
                0x2000085c        0x4 ./Middlewares/Third_Party/FreeRTOS/Source/tasks.o
 .bss.xSchedulerRunning
                0x20000860        0x4 ./Middlewares/Third_Party/FreeRTOS/Source/tasks.o
 .bss.xPendedTicks
                0x20000864        0x4 ./Middlewares/Third_Party/FreeRTOS/Source/tasks.o
 .bss.xYieldPending
                0x20000868        0x4 ./Middlewares/Third_Party/FreeRTOS/Source/tasks.o
 .bss.xNumOfOverflows
                0x2000086c        0x4 ./Middlewares/Third_Party/FreeRTOS/Source/tasks.o
 .bss.uxTaskNumber
                0x20000870        0x4 ./Middlewares/Third_Party/FreeRTOS/Source/tasks.o
 .bss.xNextTaskUnblockTime
                0x20000874        0x4 ./Middlewares/Third_Party/FreeRTOS/Source/tasks.o
 .bss.xIdleTaskHandle
                0x20000878        0x4 ./Middlewares/Third_Party/FreeRTOS/Source/tasks.o
 .bss.uxSchedulerSuspended
                0x2000087c        0x4 ./Middlewares/Third_Party/FreeRTOS/Source/tasks.o
 .bss.ucMaxSysCallPriority
                0x20000880        0x1 ./Middlewares/Third_Party/FreeRTOS/Source/portable/GCC/ARM_CM4F/port.o
 *fill*         0x20000881        0x3 
 .bss.ulMaxPRIGROUPValue
                0x20000884        0x4 ./Middlewares/Third_Party/FreeRTOS/Source/portable/GCC/ARM_CM4F/port.o
 .bss.ucHeap    0x20000888     0x3c00 ./Middlewares/Third_Party/FreeRTOS/Source/portable/MemMang/heap_4.o
 .bss.xStart    0x20004488        0x8 ./Middlewares/Third_Party/FreeRTOS/Source/portable/MemMang/heap_4.o
 .bss.pxEnd     0x20004490        0x4 ./Middlewares/Third_Party/FreeRTOS/Source/portable/MemMang/heap_4.o
 .bss.xFreeBytesRemaining
                0x20004494        0x4 ./Middlewares/Third_Party/FreeRTOS/Source/portable/MemMang/heap_4.o
 .bss.xMinimumEverFreeBytesRemaining
                0x20004498        0x4 ./Middlewares/Third_Party/FreeRTOS/Source/portable/MemMang/heap_4.o
 .bss.xNumberOfSuccessfulAllocations
                0x2000449c        0x4 ./Middlewares/Third_Party/FreeRTOS/Source/portable/MemMang/heap_4.o
 .bss.xNumberOfSuccessfulFrees
                0x200044a0        0x4 ./Middlewares/Third_Party/FreeRTOS/Source/portable/MemMang/heap_4.o
 .bss.xBlockAllocatedBit
                0x200044a4        0x4 ./Middlewares/Third_Party/FreeRTOS/Source/portable/MemMang/heap_4.o
 .bss.__sf      0x200044a8      0x138 C:/ST/STM32CubeIDE_1.16.1/STM32CubeIDE/plugins/com.st.stm32cube.ide.mcu.externaltools.gnu-tools-for-stm32.12.3.rel1.win32_1.1.0.202410251130/tools/bin/../lib/gcc/arm-none-eabi/12.3.1/../../../../arm-none-eabi/lib/thumb/v7e-m+fp/hard\libc_nano.a(libc_a-findfp.o)
                0x200044a8                __sf
 .bss.errno     0x200045e0        0x4 C:/ST/STM32CubeIDE_1.16.1/STM32CubeIDE/plugins/com.st.stm32cube.ide.mcu.externaltools.gnu-tools-for-stm32.12.3.rel1.win32_1.1.0.202410251130/tools/bin/../lib/gcc/arm-none-eabi/12.3.1/../../../../arm-none-eabi/lib/thumb/v7e-m+fp/hard\libc_nano.a(libc_a-reent.o)
                0x200045e0                errno
 .bss.__lock___malloc_recursive_mutex
                0x200045e4        0x1 C:/ST/STM32CubeIDE_1.16.1/STM32CubeIDE/plugins/com.st.stm32cube.ide.mcu.externaltools.gnu-tools-for-stm32.12.3.rel1.win32_1.1.0.202410251130/tools/bin/../lib/gcc/arm-none-eabi/12.3.1/../../../../arm-none-eabi/lib/thumb/v7e-m+fp/hard\libc_nano.a(libc_a-lock.o)
                0x200045e4                __lock___malloc_recursive_mutex
 *fill*         0x200045e5        0x3 
 .bss.__malloc_sbrk_start
                0x200045e8        0x4 C:/ST/STM32CubeIDE_1.16.1/STM32CubeIDE/plugins/com.st.stm32cube.ide.mcu.externaltools.gnu-tools-for-stm32.12.3.rel1.win32_1.1.0.202410251130/tools/bin/../lib/gcc/arm-none-eabi/12.3.1/../../../../arm-none-eabi/lib/thumb/v7e-m+fp/hard\libc_nano.a(libc_a-mallocr.o)
                0x200045e8                __malloc_sbrk_start
 .bss.__malloc_free_list
                0x200045ec        0x4 C:/ST/STM32CubeIDE_1.16.1/STM32CubeIDE/plugins/com.st.stm32cube.ide.mcu.externaltools.gnu-tools-for-stm32.12.3.rel1.win32_1.1.0.202410251130/tools/bin/../lib/gcc/arm-none-eabi/12.3.1/../../../../arm-none-eabi/lib/thumb/v7e-m+fp/hard\libc_nano.a(libc_a-mallocr.o)
                0x200045ec                __malloc_free_list
 *(COMMON)
                0x200045f0                        . = ALIGN (0x4)
                0x200045f0                        _ebss = .
                0x200045f0                        __bss_end__ = _ebss

._user_heap_stack
                0x200045f0      0x600 load address 0x08006468
                0x200045f0                        . = ALIGN (0x8)
                [!provide]                        PROVIDE (end = .)
                0x200045f0                        PROVIDE (_end = .)
                0x200047f0                        . = (. + _Min_Heap_Size)
 *fill*         0x200045f0      0x200 
                0x20004bf0                        . = (. + _Min_Stack_Size)
 *fill*         0x200047f0      0x400 
                0x20004bf0                        . = ALIGN (0x8)

/DISCARD/
 libc.a(*)
 libm.a(*)
 libgcc.a(*)

.ARM.attributes
                0x00000000       0x30
 *(.ARM.attributes)
 .ARM.attributes
                0x00000000       0x22 C:/ST/STM32CubeIDE_1.16.1/STM32CubeIDE/plugins/com.st.stm32cube.ide.mcu.externaltools.gnu-tools-for-stm32.12.3.rel1.win32_1.1.0.202410251130/tools/bin/../lib/gcc/arm-none-eabi/12.3.1/thumb/v7e-m+fp/hard/crti.o
 .ARM.attributes
                0x00000022       0x34 C:/ST/STM32CubeIDE_1.16.1/STM32CubeIDE/plugins/com.st.stm32cube.ide.mcu.externaltools.gnu-tools-for-stm32.12.3.rel1.win32_1.1.0.202410251130/tools/bin/../lib/gcc/arm-none-eabi/12.3.1/thumb/v7e-m+fp/hard/crtbegin.o
 .ARM.attributes
                0x00000056       0x34 ./Core/Src/Drone_control.o
 .ARM.attributes
                0x0000008a       0x34 ./Core/Src/Oneshot125_Esc_Control.o
 .ARM.attributes
                0x000000be       0x34 ./Core/Src/PID.o
 .ARM.attributes
                0x000000f2       0x34 ./Core/Src/freertos.o
 .ARM.attributes
                0x00000126       0x34 ./Core/Src/main.o
 .ARM.attributes
                0x0000015a       0x34 ./Core/Src/nrf24L01.o
 .ARM.attributes
                0x0000018e       0x34 ./Core/Src/stm32f4xx_hal_msp.o
 .ARM.attributes
                0x000001c2       0x34 ./Core/Src/stm32f4xx_hal_timebase_tim.o
 .ARM.attributes
                0x000001f6       0x34 ./Core/Src/stm32f4xx_it.o
 .ARM.attributes
                0x0000022a       0x34 ./Core/Src/sysmem.o
 .ARM.attributes
                0x0000025e       0x34 ./Core/Src/system_stm32f4xx.o
 .ARM.attributes
                0x00000292       0x21 ./Core/Startup/startup_stm32f411ceux.o
 .ARM.attributes
                0x000002b3       0x34 ./Drivers/STM32F4xx_HAL_Driver/Src/stm32f4xx_hal.o
 .ARM.attributes
                0x000002e7       0x34 ./Drivers/STM32F4xx_HAL_Driver/Src/stm32f4xx_hal_cortex.o
 .ARM.attributes
                0x0000031b       0x34 ./Drivers/STM32F4xx_HAL_Driver/Src/stm32f4xx_hal_gpio.o
 .ARM.attributes
                0x0000034f       0x34 ./Drivers/STM32F4xx_HAL_Driver/Src/stm32f4xx_hal_rcc.o
 .ARM.attributes
                0x00000383       0x34 ./Drivers/STM32F4xx_HAL_Driver/Src/stm32f4xx_hal_spi.o
 .ARM.attributes
                0x000003b7       0x34 ./Drivers/STM32F4xx_HAL_Driver/Src/stm32f4xx_hal_tim.o
 .ARM.attributes
                0x000003eb       0x34 ./Drivers/STM32F4xx_HAL_Driver/Src/stm32f4xx_hal_tim_ex.o
 .ARM.attributes
                0x0000041f       0x34 ./Middlewares/Third_Party/FreeRTOS/Source/CMSIS_RTOS/cmsis_os.o
 .ARM.attributes
                0x00000453       0x34 ./Middlewares/Third_Party/FreeRTOS/Source/list.o
 .ARM.attributes
                0x00000487       0x34 ./Middlewares/Third_Party/FreeRTOS/Source/tasks.o
 .ARM.attributes
                0x000004bb       0x34 ./Middlewares/Third_Party/FreeRTOS/Source/portable/GCC/ARM_CM4F/port.o
 .ARM.attributes
                0x000004ef       0x34 ./Middlewares/Third_Party/FreeRTOS/Source/portable/MemMang/heap_4.o
 .ARM.attributes
                0x00000523       0x34 C:/ST/STM32CubeIDE_1.16.1/STM32CubeIDE/plugins/com.st.stm32cube.ide.mcu.externaltools.gnu-tools-for-stm32.12.3.rel1.win32_1.1.0.202410251130/tools/bin/../lib/gcc/arm-none-eabi/12.3.1/../../../../arm-none-eabi/lib/thumb/v7e-m+fp/hard\libc_nano.a(libc_a-findfp.o)
 .ARM.attributes
                0x00000557       0x34 C:/ST/STM32CubeIDE_1.16.1/STM32CubeIDE/plugins/com.st.stm32cube.ide.mcu.externaltools.gnu-tools-for-stm32.12.3.rel1.win32_1.1.0.202410251130/tools/bin/../lib/gcc/arm-none-eabi/12.3.1/../../../../arm-none-eabi/lib/thumb/v7e-m+fp/hard\libc_nano.a(libc_a-sprintf.o)
 .ARM.attributes
                0x0000058b       0x34 C:/ST/STM32CubeIDE_1.16.1/STM32CubeIDE/plugins/com.st.stm32cube.ide.mcu.externaltools.gnu-tools-for-stm32.12.3.rel1.win32_1.1.0.202410251130/tools/bin/../lib/gcc/arm-none-eabi/12.3.1/../../../../arm-none-eabi/lib/thumb/v7e-m+fp/hard\libc_nano.a(libc_a-memset.o)
 .ARM.attributes
                0x000005bf       0x34 C:/ST/STM32CubeIDE_1.16.1/STM32CubeIDE/plugins/com.st.stm32cube.ide.mcu.externaltools.gnu-tools-for-stm32.12.3.rel1.win32_1.1.0.202410251130/tools/bin/../lib/gcc/arm-none-eabi/12.3.1/../../../../arm-none-eabi/lib/thumb/v7e-m+fp/hard\libc_nano.a(libc_a-reent.o)
 .ARM.attributes
                0x000005f3       0x34 C:/ST/STM32CubeIDE_1.16.1/STM32CubeIDE/plugins/com.st.stm32cube.ide.mcu.externaltools.gnu-tools-for-stm32.12.3.rel1.win32_1.1.0.202410251130/tools/bin/../lib/gcc/arm-none-eabi/12.3.1/../../../../arm-none-eabi/lib/thumb/v7e-m+fp/hard\libc_nano.a(libc_a-impure.o)
 .ARM.attributes
                0x00000627       0x34 C:/ST/STM32CubeIDE_1.16.1/STM32CubeIDE/plugins/com.st.stm32cube.ide.mcu.externaltools.gnu-tools-for-stm32.12.3.rel1.win32_1.1.0.202410251130/tools/bin/../lib/gcc/arm-none-eabi/12.3.1/../../../../arm-none-eabi/lib/thumb/v7e-m+fp/hard\libc_nano.a(libc_a-errno.o)
 .ARM.attributes
                0x0000065b       0x34 C:/ST/STM32CubeIDE_1.16.1/STM32CubeIDE/plugins/com.st.stm32cube.ide.mcu.externaltools.gnu-tools-for-stm32.12.3.rel1.win32_1.1.0.202410251130/tools/bin/../lib/gcc/arm-none-eabi/12.3.1/../../../../arm-none-eabi/lib/thumb/v7e-m+fp/hard\libc_nano.a(libc_a-init.o)
 .ARM.attributes
                0x0000068f       0x34 C:/ST/STM32CubeIDE_1.16.1/STM32CubeIDE/plugins/com.st.stm32cube.ide.mcu.externaltools.gnu-tools-for-stm32.12.3.rel1.win32_1.1.0.202410251130/tools/bin/../lib/gcc/arm-none-eabi/12.3.1/../../../../arm-none-eabi/lib/thumb/v7e-m+fp/hard\libc_nano.a(libc_a-lock.o)
 .ARM.attributes
                0x000006c3       0x34 C:/ST/STM32CubeIDE_1.16.1/STM32CubeIDE/plugins/com.st.stm32cube.ide.mcu.externaltools.gnu-tools-for-stm32.12.3.rel1.win32_1.1.0.202410251130/tools/bin/../lib/gcc/arm-none-eabi/12.3.1/../../../../arm-none-eabi/lib/thumb/v7e-m+fp/hard\libc_nano.a(libc_a-memcpy-stub.o)
 .ARM.attributes
                0x000006f7       0x34 C:/ST/STM32CubeIDE_1.16.1/STM32CubeIDE/plugins/com.st.stm32cube.ide.mcu.externaltools.gnu-tools-for-stm32.12.3.rel1.win32_1.1.0.202410251130/tools/bin/../lib/gcc/arm-none-eabi/12.3.1/../../../../arm-none-eabi/lib/thumb/v7e-m+fp/hard\libc_nano.a(libc_a-freer.o)
 .ARM.attributes
                0x0000072b       0x34 C:/ST/STM32CubeIDE_1.16.1/STM32CubeIDE/plugins/com.st.stm32cube.ide.mcu.externaltools.gnu-tools-for-stm32.12.3.rel1.win32_1.1.0.202410251130/tools/bin/../lib/gcc/arm-none-eabi/12.3.1/../../../../arm-none-eabi/lib/thumb/v7e-m+fp/hard\libc_nano.a(libc_a-mallocr.o)
 .ARM.attributes
                0x0000075f       0x34 C:/ST/STM32CubeIDE_1.16.1/STM32CubeIDE/plugins/com.st.stm32cube.ide.mcu.externaltools.gnu-tools-for-stm32.12.3.rel1.win32_1.1.0.202410251130/tools/bin/../lib/gcc/arm-none-eabi/12.3.1/../../../../arm-none-eabi/lib/thumb/v7e-m+fp/hard\libc_nano.a(libc_a-mlock.o)
 .ARM.attributes
                0x00000793       0x34 C:/ST/STM32CubeIDE_1.16.1/STM32CubeIDE/plugins/com.st.stm32cube.ide.mcu.externaltools.gnu-tools-for-stm32.12.3.rel1.win32_1.1.0.202410251130/tools/bin/../lib/gcc/arm-none-eabi/12.3.1/../../../../arm-none-eabi/lib/thumb/v7e-m+fp/hard\libc_nano.a(libc_a-nano-svfprintf.o)
 .ARM.attributes
                0x000007c7       0x34 C:/ST/STM32CubeIDE_1.16.1/STM32CubeIDE/plugins/com.st.stm32cube.ide.mcu.externaltools.gnu-tools-for-stm32.12.3.rel1.win32_1.1.0.202410251130/tools/bin/../lib/gcc/arm-none-eabi/12.3.1/../../../../arm-none-eabi/lib/thumb/v7e-m+fp/hard\libc_nano.a(libc_a-nano-vfprintf_i.o)
 .ARM.attributes
                0x000007fb       0x34 C:/ST/STM32CubeIDE_1.16.1/STM32CubeIDE/plugins/com.st.stm32cube.ide.mcu.externaltools.gnu-tools-for-stm32.12.3.rel1.win32_1.1.0.202410251130/tools/bin/../lib/gcc/arm-none-eabi/12.3.1/../../../../arm-none-eabi/lib/thumb/v7e-m+fp/hard\libc_nano.a(libc_a-memmove.o)
 .ARM.attributes
                0x0000082f       0x34 C:/ST/STM32CubeIDE_1.16.1/STM32CubeIDE/plugins/com.st.stm32cube.ide.mcu.externaltools.gnu-tools-for-stm32.12.3.rel1.win32_1.1.0.202410251130/tools/bin/../lib/gcc/arm-none-eabi/12.3.1/../../../../arm-none-eabi/lib/thumb/v7e-m+fp/hard\libc_nano.a(libc_a-sbrkr.o)
 .ARM.attributes
                0x00000863       0x1c C:/ST/STM32CubeIDE_1.16.1/STM32CubeIDE/plugins/com.st.stm32cube.ide.mcu.externaltools.gnu-tools-for-stm32.12.3.rel1.win32_1.1.0.202410251130/tools/bin/../lib/gcc/arm-none-eabi/12.3.1/../../../../arm-none-eabi/lib/thumb/v7e-m+fp/hard\libc_nano.a(libc_a-memchr.o)
 .ARM.attributes
                0x0000087f       0x34 C:/ST/STM32CubeIDE_1.16.1/STM32CubeIDE/plugins/com.st.stm32cube.ide.mcu.externaltools.gnu-tools-for-stm32.12.3.rel1.win32_1.1.0.202410251130/tools/bin/../lib/gcc/arm-none-eabi/12.3.1/../../../../arm-none-eabi/lib/thumb/v7e-m+fp/hard\libc_nano.a(libc_a-reallocr.o)
 .ARM.attributes
                0x000008b3       0x34 C:/ST/STM32CubeIDE_1.16.1/STM32CubeIDE/plugins/com.st.stm32cube.ide.mcu.externaltools.gnu-tools-for-stm32.12.3.rel1.win32_1.1.0.202410251130/tools/bin/../lib/gcc/arm-none-eabi/12.3.1/../../../../arm-none-eabi/lib/thumb/v7e-m+fp/hard\libc_nano.a(libc_a-msizer.o)
 .ARM.attributes
                0x000008e7       0x22 C:/ST/STM32CubeIDE_1.16.1/STM32CubeIDE/plugins/com.st.stm32cube.ide.mcu.externaltools.gnu-tools-for-stm32.12.3.rel1.win32_1.1.0.202410251130/tools/bin/../lib/gcc/arm-none-eabi/12.3.1/thumb/v7e-m+fp/hard\libgcc.a(_aeabi_uldivmod.o)
 .ARM.attributes
                0x00000909       0x34 C:/ST/STM32CubeIDE_1.16.1/STM32CubeIDE/plugins/com.st.stm32cube.ide.mcu.externaltools.gnu-tools-for-stm32.12.3.rel1.win32_1.1.0.202410251130/tools/bin/../lib/gcc/arm-none-eabi/12.3.1/thumb/v7e-m+fp/hard\libgcc.a(_udivmoddi4.o)
 .ARM.attributes
                0x0000093d       0x22 C:/ST/STM32CubeIDE_1.16.1/STM32CubeIDE/plugins/com.st.stm32cube.ide.mcu.externaltools.gnu-tools-for-stm32.12.3.rel1.win32_1.1.0.202410251130/tools/bin/../lib/gcc/arm-none-eabi/12.3.1/thumb/v7e-m+fp/hard\libgcc.a(_dvmd_tls.o)
 .ARM.attributes
                0x0000095f       0x22 C:/ST/STM32CubeIDE_1.16.1/STM32CubeIDE/plugins/com.st.stm32cube.ide.mcu.externaltools.gnu-tools-for-stm32.12.3.rel1.win32_1.1.0.202410251130/tools/bin/../lib/gcc/arm-none-eabi/12.3.1/thumb/v7e-m+fp/hard/crtn.o
OUTPUT(drone_project.elf elf32-littlearm)
LOAD linker stubs
LOAD C:/ST/STM32CubeIDE_1.16.1/STM32CubeIDE/plugins/com.st.stm32cube.ide.mcu.externaltools.gnu-tools-for-stm32.12.3.rel1.win32_1.1.0.202410251130/tools/bin/../lib/gcc/arm-none-eabi/12.3.1/../../../../arm-none-eabi/lib/thumb/v7e-m+fp/hard\libc.a
LOAD C:/ST/STM32CubeIDE_1.16.1/STM32CubeIDE/plugins/com.st.stm32cube.ide.mcu.externaltools.gnu-tools-for-stm32.12.3.rel1.win32_1.1.0.202410251130/tools/bin/../lib/gcc/arm-none-eabi/12.3.1/../../../../arm-none-eabi/lib/thumb/v7e-m+fp/hard\libm.a
LOAD C:/ST/STM32CubeIDE_1.16.1/STM32CubeIDE/plugins/com.st.stm32cube.ide.mcu.externaltools.gnu-tools-for-stm32.12.3.rel1.win32_1.1.0.202410251130/tools/bin/../lib/gcc/arm-none-eabi/12.3.1/thumb/v7e-m+fp/hard\libgcc.a

.debug_info     0x00000000    0x13ca9
 .debug_info    0x00000000      0x235 ./Core/Src/Drone_control.o
 .debug_info    0x00000235      0x73f ./Core/Src/Oneshot125_Esc_Control.o
 .debug_info    0x00000974      0x2b8 ./Core/Src/PID.o
 .debug_info    0x00000c2c      0x919 ./Core/Src/freertos.o
 .debug_info    0x00001545     0x235c ./Core/Src/main.o
 .debug_info    0x000038a1     0x1024 ./Core/Src/nrf24L01.o
 .debug_info    0x000048c5      0xfa6 ./Core/Src/stm32f4xx_hal_msp.o
 .debug_info    0x0000586b      0xb75 ./Core/Src/stm32f4xx_hal_timebase_tim.o
 .debug_info    0x000063e0      0x6ba ./Core/Src/stm32f4xx_it.o
 .debug_info    0x00006a9a      0x168 ./Core/Src/sysmem.o
 .debug_info    0x00006c02      0x53e ./Core/Src/system_stm32f4xx.o
 .debug_info    0x00007140       0x30 ./Core/Startup/startup_stm32f411ceux.o
 .debug_info    0x00007170      0x8c4 ./Drivers/STM32F4xx_HAL_Driver/Src/stm32f4xx_hal.o
 .debug_info    0x00007a34      0xcfc ./Drivers/STM32F4xx_HAL_Driver/Src/stm32f4xx_hal_cortex.o
 .debug_info    0x00008730      0x6f9 ./Drivers/STM32F4xx_HAL_Driver/Src/stm32f4xx_hal_gpio.o
 .debug_info    0x00008e29      0x904 ./Drivers/STM32F4xx_HAL_Driver/Src/stm32f4xx_hal_rcc.o
 .debug_info    0x0000972d     0x1530 ./Drivers/STM32F4xx_HAL_Driver/Src/stm32f4xx_hal_spi.o
 .debug_info    0x0000ac5d     0x2996 ./Drivers/STM32F4xx_HAL_Driver/Src/stm32f4xx_hal_tim.o
 .debug_info    0x0000d5f3     0x14d4 ./Drivers/STM32F4xx_HAL_Driver/Src/stm32f4xx_hal_tim_ex.o
 .debug_info    0x0000eac7     0x21e2 ./Middlewares/Third_Party/FreeRTOS/Source/CMSIS_RTOS/cmsis_os.o
 .debug_info    0x00010ca9      0x2af ./Middlewares/Third_Party/FreeRTOS/Source/list.o
 .debug_info    0x00010f58     0x239e ./Middlewares/Third_Party/FreeRTOS/Source/tasks.o
 .debug_info    0x000132f6      0x4de ./Middlewares/Third_Party/FreeRTOS/Source/portable/GCC/ARM_CM4F/port.o
 .debug_info    0x000137d4      0x4d5 ./Middlewares/Third_Party/FreeRTOS/Source/portable/MemMang/heap_4.o

.debug_abbrev   0x00000000     0x3193
 .debug_abbrev  0x00000000       0xa9 ./Core/Src/Drone_control.o
 .debug_abbrev  0x000000a9      0x1aa ./Core/Src/Oneshot125_Esc_Control.o
 .debug_abbrev  0x00000253       0xed ./Core/Src/PID.o
 .debug_abbrev  0x00000340      0x16f ./Core/Src/freertos.o
 .debug_abbrev  0x000004af      0x37b ./Core/Src/main.o
 .debug_abbrev  0x0000082a      0x2c1 ./Core/Src/nrf24L01.o
 .debug_abbrev  0x00000aeb      0x227 ./Core/Src/stm32f4xx_hal_msp.o
 .debug_abbrev  0x00000d12      0x207 ./Core/Src/stm32f4xx_hal_timebase_tim.o
 .debug_abbrev  0x00000f19      0x194 ./Core/Src/stm32f4xx_it.o
 .debug_abbrev  0x000010ad       0xbc ./Core/Src/sysmem.o
 .debug_abbrev  0x00001169      0x11a ./Core/Src/system_stm32f4xx.o
 .debug_abbrev  0x00001283       0x24 ./Core/Startup/startup_stm32f411ceux.o
 .debug_abbrev  0x000012a7      0x24b ./Drivers/STM32F4xx_HAL_Driver/Src/stm32f4xx_hal.o
 .debug_abbrev  0x000014f2      0x31d ./Drivers/STM32F4xx_HAL_Driver/Src/stm32f4xx_hal_cortex.o
 .debug_abbrev  0x0000180f      0x1d3 ./Drivers/STM32F4xx_HAL_Driver/Src/stm32f4xx_hal_gpio.o
 .debug_abbrev  0x000019e2      0x2b6 ./Drivers/STM32F4xx_HAL_Driver/Src/stm32f4xx_hal_rcc.o
 .debug_abbrev  0x00001c98      0x276 ./Drivers/STM32F4xx_HAL_Driver/Src/stm32f4xx_hal_spi.o
 .debug_abbrev  0x00001f0e      0x28b ./Drivers/STM32F4xx_HAL_Driver/Src/stm32f4xx_hal_tim.o
 .debug_abbrev  0x00002199      0x296 ./Drivers/STM32F4xx_HAL_Driver/Src/stm32f4xx_hal_tim_ex.o
 .debug_abbrev  0x0000242f      0x426 ./Middlewares/Third_Party/FreeRTOS/Source/CMSIS_RTOS/cmsis_os.o
 .debug_abbrev  0x00002855       0xf5 ./Middlewares/Third_Party/FreeRTOS/Source/list.o
 .debug_abbrev  0x0000294a      0x3d0 ./Middlewares/Third_Party/FreeRTOS/Source/tasks.o
 .debug_abbrev  0x00002d1a      0x25c ./Middlewares/Third_Party/FreeRTOS/Source/portable/GCC/ARM_CM4F/port.o
 .debug_abbrev  0x00002f76      0x21d ./Middlewares/Third_Party/FreeRTOS/Source/portable/MemMang/heap_4.o

.debug_aranges  0x00000000     0x1218
 .debug_aranges
                0x00000000       0x20 ./Core/Src/Drone_control.o
 .debug_aranges
                0x00000020       0x30 ./Core/Src/Oneshot125_Esc_Control.o
 .debug_aranges
                0x00000050       0x30 ./Core/Src/PID.o
 .debug_aranges
                0x00000080       0x20 ./Core/Src/freertos.o
 .debug_aranges
                0x000000a0       0x70 ./Core/Src/main.o
 .debug_aranges
                0x00000110      0x108 ./Core/Src/nrf24L01.o
 .debug_aranges
                0x00000218       0x58 ./Core/Src/stm32f4xx_hal_msp.o
 .debug_aranges
                0x00000270       0x30 ./Core/Src/stm32f4xx_hal_timebase_tim.o
 .debug_aranges
                0x000002a0       0x58 ./Core/Src/stm32f4xx_it.o
 .debug_aranges
                0x000002f8       0x20 ./Core/Src/sysmem.o
 .debug_aranges
                0x00000318       0x28 ./Core/Src/system_stm32f4xx.o
 .debug_aranges
                0x00000340       0x28 ./Core/Startup/startup_stm32f411ceux.o
 .debug_aranges
                0x00000368       0xf0 ./Drivers/STM32F4xx_HAL_Driver/Src/stm32f4xx_hal.o
 .debug_aranges
                0x00000458      0x130 ./Drivers/STM32F4xx_HAL_Driver/Src/stm32f4xx_hal_cortex.o
 .debug_aranges
                0x00000588       0x58 ./Drivers/STM32F4xx_HAL_Driver/Src/stm32f4xx_hal_gpio.o
 .debug_aranges
                0x000005e0       0x88 ./Drivers/STM32F4xx_HAL_Driver/Src/stm32f4xx_hal_rcc.o
 .debug_aranges
                0x00000668      0x1d0 ./Drivers/STM32F4xx_HAL_Driver/Src/stm32f4xx_hal_spi.o
 .debug_aranges
                0x00000838      0x3d0 ./Drivers/STM32F4xx_HAL_Driver/Src/stm32f4xx_hal_tim.o
 .debug_aranges
                0x00000c08      0x168 ./Drivers/STM32F4xx_HAL_Driver/Src/stm32f4xx_hal_tim_ex.o
 .debug_aranges
                0x00000d70      0x1d8 ./Middlewares/Third_Party/FreeRTOS/Source/CMSIS_RTOS/cmsis_os.o
 .debug_aranges
                0x00000f48       0x40 ./Middlewares/Third_Party/FreeRTOS/Source/list.o
 .debug_aranges
                0x00000f88      0x1b8 ./Middlewares/Third_Party/FreeRTOS/Source/tasks.o
 .debug_aranges
                0x00001140       0x80 ./Middlewares/Third_Party/FreeRTOS/Source/portable/GCC/ARM_CM4F/port.o
 .debug_aranges
                0x000011c0       0x58 ./Middlewares/Third_Party/FreeRTOS/Source/portable/MemMang/heap_4.o

.debug_rnglists
                0x00000000      0xdd7
 .debug_rnglists
                0x00000000       0x14 ./Core/Src/Drone_control.o
 .debug_rnglists
                0x00000014       0x21 ./Core/Src/Oneshot125_Esc_Control.o
 .debug_rnglists
                0x00000035       0x21 ./Core/Src/PID.o
 .debug_rnglists
                0x00000056       0x13 ./Core/Src/freertos.o
 .debug_rnglists
                0x00000069       0x55 ./Core/Src/main.o
 .debug_rnglists
                0x000000be       0xc3 ./Core/Src/nrf24L01.o
 .debug_rnglists
                0x00000181       0x3e ./Core/Src/stm32f4xx_hal_msp.o
 .debug_rnglists
                0x000001bf       0x20 ./Core/Src/stm32f4xx_hal_timebase_tim.o
 .debug_rnglists
                0x000001df       0x3d ./Core/Src/stm32f4xx_it.o
 .debug_rnglists
                0x0000021c       0x13 ./Core/Src/sysmem.o
 .debug_rnglists
                0x0000022f       0x1a ./Core/Src/system_stm32f4xx.o
 .debug_rnglists
                0x00000249       0x19 ./Core/Startup/startup_stm32f411ceux.o
 .debug_rnglists
                0x00000262       0xaf ./Drivers/STM32F4xx_HAL_Driver/Src/stm32f4xx_hal.o
 .debug_rnglists
                0x00000311       0xe0 ./Drivers/STM32F4xx_HAL_Driver/Src/stm32f4xx_hal_cortex.o
 .debug_rnglists
                0x000003f1       0x3f ./Drivers/STM32F4xx_HAL_Driver/Src/stm32f4xx_hal_gpio.o
 .debug_rnglists
                0x00000430       0x66 ./Drivers/STM32F4xx_HAL_Driver/Src/stm32f4xx_hal_rcc.o
 .debug_rnglists
                0x00000496      0x16f ./Drivers/STM32F4xx_HAL_Driver/Src/stm32f4xx_hal_spi.o
 .debug_rnglists
                0x00000605      0x31a ./Drivers/STM32F4xx_HAL_Driver/Src/stm32f4xx_hal_tim.o
 .debug_rnglists
                0x0000091f      0x125 ./Drivers/STM32F4xx_HAL_Driver/Src/stm32f4xx_hal_tim_ex.o
 .debug_rnglists
                0x00000a44      0x16a ./Middlewares/Third_Party/FreeRTOS/Source/CMSIS_RTOS/cmsis_os.o
 .debug_rnglists
                0x00000bae       0x2b ./Middlewares/Third_Party/FreeRTOS/Source/list.o
 .debug_rnglists
                0x00000bd9      0x15f ./Middlewares/Third_Party/FreeRTOS/Source/tasks.o
 .debug_rnglists
                0x00000d38       0x5d ./Middlewares/Third_Party/FreeRTOS/Source/portable/GCC/ARM_CM4F/port.o
 .debug_rnglists
                0x00000d95       0x42 ./Middlewares/Third_Party/FreeRTOS/Source/portable/MemMang/heap_4.o

.debug_macro    0x00000000    0x18ffd
 .debug_macro   0x00000000      0x15a ./Core/Src/Drone_control.o
 .debug_macro   0x0000015a      0xab4 ./Core/Src/Drone_control.o
 .debug_macro   0x00000c0e       0x22 ./Core/Src/Drone_control.o
 .debug_macro   0x00000c30       0x8e ./Core/Src/Drone_control.o
 .debug_macro   0x00000cbe       0x51 ./Core/Src/Drone_control.o
 .debug_macro   0x00000d0f      0x103 ./Core/Src/Drone_control.o
 .debug_macro   0x00000e12       0x6a ./Core/Src/Drone_control.o
 .debug_macro   0x00000e7c      0x1df ./Core/Src/Drone_control.o
 .debug_macro   0x0000105b       0x61 ./Core/Src/Drone_control.o
 .debug_macro   0x000010bc       0x2a ./Core/Src/Drone_control.o
 .debug_macro   0x000010e6       0x43 ./Core/Src/Drone_control.o
 .debug_macro   0x00001129       0x34 ./Core/Src/Drone_control.o
 .debug_macro   0x0000115d       0x16 ./Core/Src/Drone_control.o
 .debug_macro   0x00001173       0x9e ./Core/Src/Drone_control.o
 .debug_macro   0x00001211      0x369 ./Core/Src/Drone_control.o
 .debug_macro   0x0000157a      0x10b ./Core/Src/Drone_control.o
 .debug_macro   0x00001685       0x10 ./Core/Src/Drone_control.o
 .debug_macro   0x00001695       0x16 ./Core/Src/Drone_control.o
 .debug_macro   0x000016ab       0x43 ./Core/Src/Drone_control.o
 .debug_macro   0x000016ee       0x34 ./Core/Src/Drone_control.o
 .debug_macro   0x00001722       0x10 ./Core/Src/Drone_control.o
 .debug_macro   0x00001732       0x58 ./Core/Src/Drone_control.o
 .debug_macro   0x0000178a       0x8e ./Core/Src/Drone_control.o
 .debug_macro   0x00001818       0x1c ./Core/Src/Drone_control.o
 .debug_macro   0x00001834      0x177 ./Core/Src/Drone_control.o
 .debug_macro   0x000019ab       0x16 ./Core/Src/Drone_control.o
 .debug_macro   0x000019c1       0x16 ./Core/Src/Drone_control.o
 .debug_macro   0x000019d7      0x146 ./Core/Src/Drone_control.o
 .debug_macro   0x00001b1d      0x331 ./Core/Src/Oneshot125_Esc_Control.o
 .debug_macro   0x00001e4e       0x28 ./Core/Src/Oneshot125_Esc_Control.o
 .debug_macro   0x00001e76      0x29b ./Core/Src/Oneshot125_Esc_Control.o
 .debug_macro   0x00002111       0x2e ./Core/Src/Oneshot125_Esc_Control.o
 .debug_macro   0x0000213f       0x28 ./Core/Src/Oneshot125_Esc_Control.o
 .debug_macro   0x00002167       0x1c ./Core/Src/Oneshot125_Esc_Control.o
 .debug_macro   0x00002183       0x22 ./Core/Src/Oneshot125_Esc_Control.o
 .debug_macro   0x000021a5       0xfb ./Core/Src/Oneshot125_Esc_Control.o
 .debug_macro   0x000022a0     0x1011 ./Core/Src/Oneshot125_Esc_Control.o
 .debug_macro   0x000032b1      0x11f ./Core/Src/Oneshot125_Esc_Control.o
 .debug_macro   0x000033d0     0xb968 ./Core/Src/Oneshot125_Esc_Control.o
 .debug_macro   0x0000ed38       0x6d ./Core/Src/Oneshot125_Esc_Control.o
 .debug_macro   0x0000eda5     0x3693 ./Core/Src/Oneshot125_Esc_Control.o
 .debug_macro   0x00012438      0x189 ./Core/Src/Oneshot125_Esc_Control.o
 .debug_macro   0x000125c1       0x5c ./Core/Src/Oneshot125_Esc_Control.o
 .debug_macro   0x0001261d      0x45c ./Core/Src/Oneshot125_Esc_Control.o
 .debug_macro   0x00012a79      0x9e9 ./Core/Src/Oneshot125_Esc_Control.o
 .debug_macro   0x00013462      0x115 ./Core/Src/Oneshot125_Esc_Control.o
 .debug_macro   0x00013577      0x11b ./Core/Src/Oneshot125_Esc_Control.o
 .debug_macro   0x00013692       0xa5 ./Core/Src/Oneshot125_Esc_Control.o
 .debug_macro   0x00013737      0x15f ./Core/Src/Oneshot125_Esc_Control.o
 .debug_macro   0x00013896      0x287 ./Core/Src/Oneshot125_Esc_Control.o
 .debug_macro   0x00013b1d       0x5f ./Core/Src/Oneshot125_Esc_Control.o
 .debug_macro   0x00013b7c      0x236 ./Core/Src/Oneshot125_Esc_Control.o
 .debug_macro   0x00013db2      0x132 ./Core/Src/Oneshot125_Esc_Control.o
 .debug_macro   0x00013ee4      0x264 ./Core/Src/Oneshot125_Esc_Control.o
 .debug_macro   0x00014148       0x2e ./Core/Src/Oneshot125_Esc_Control.o
 .debug_macro   0x00014176      0x127 ./Core/Src/Oneshot125_Esc_Control.o
 .debug_macro   0x0001429d       0x85 ./Core/Src/Oneshot125_Esc_Control.o
 .debug_macro   0x00014322       0x89 ./Core/Src/Oneshot125_Esc_Control.o
 .debug_macro   0x000143ab      0x225 ./Core/Src/Oneshot125_Esc_Control.o
 .debug_macro   0x000145d0      0x8ed ./Core/Src/Oneshot125_Esc_Control.o
 .debug_macro   0x00014ebd       0x47 ./Core/Src/Oneshot125_Esc_Control.o
 .debug_macro   0x00014f04      0x126 ./Core/Src/Oneshot125_Esc_Control.o
 .debug_macro   0x0001502a       0xf1 ./Core/Src/Oneshot125_Esc_Control.o
 .debug_macro   0x0001511b      0x15a ./Core/Src/Oneshot125_Esc_Control.o
 .debug_macro   0x00015275       0xde ./Core/Src/Oneshot125_Esc_Control.o
 .debug_macro   0x00015353       0x1c ./Core/Src/Oneshot125_Esc_Control.o
 .debug_macro   0x0001536f       0x26 ./Core/Src/Oneshot125_Esc_Control.o
 .debug_macro   0x00015395       0x10 ./Core/Src/Oneshot125_Esc_Control.o
 .debug_macro   0x000153a5       0x35 ./Core/Src/Oneshot125_Esc_Control.o
 .debug_macro   0x000153da      0x4fe ./Core/Src/Oneshot125_Esc_Control.o
 .debug_macro   0x000158d8       0xb5 ./Core/Src/Oneshot125_Esc_Control.o
 .debug_macro   0x0001598d       0xaa ./Core/Src/Oneshot125_Esc_Control.o
 .debug_macro   0x00015a37       0x91 ./Core/Src/Oneshot125_Esc_Control.o
 .debug_macro   0x00015ac8       0x8d ./Core/Src/Oneshot125_Esc_Control.o
 .debug_macro   0x00015b55       0x7e ./Core/Src/Oneshot125_Esc_Control.o
 .debug_macro   0x00015bd3       0x19 ./Core/Src/Oneshot125_Esc_Control.o
 .debug_macro   0x00015bec       0xf2 ./Core/Src/Oneshot125_Esc_Control.o
 .debug_macro   0x00015cde      0x14a ./Core/Src/PID.o
 .debug_macro   0x00015e28       0x5b ./Core/Src/PID.o
 .debug_macro   0x00015e83       0x94 ./Core/Src/PID.o
 .debug_macro   0x00015f17       0x57 ./Core/Src/PID.o
 .debug_macro   0x00015f6e      0x2dd ./Core/Src/freertos.o
 .debug_macro   0x0001624b       0xf1 ./Core/Src/freertos.o
 .debug_macro   0x0001633c      0x3fd ./Core/Src/main.o
 .debug_macro   0x00016739       0x5e ./Core/Src/main.o
 .debug_macro   0x00016797       0x1c ./Core/Src/main.o
 .debug_macro   0x000167b3       0x1c ./Core/Src/main.o
 .debug_macro   0x000167cf      0x1ae ./Core/Src/main.o
 .debug_macro   0x0001697d       0x16 ./Core/Src/main.o
 .debug_macro   0x00016993       0x20 ./Core/Src/main.o
 .debug_macro   0x000169b3      0x337 ./Core/Src/nrf24L01.o
 .debug_macro   0x00016cea      0x1d8 ./Core/Src/stm32f4xx_hal_msp.o
 .debug_macro   0x00016ec2      0x1ce ./Core/Src/stm32f4xx_hal_timebase_tim.o
 .debug_macro   0x00017090      0x1e2 ./Core/Src/stm32f4xx_it.o
 .debug_macro   0x00017272       0xff ./Core/Src/sysmem.o
 .debug_macro   0x00017371      0x23c ./Core/Src/sysmem.o
 .debug_macro   0x000175ad      0x1ce ./Core/Src/system_stm32f4xx.o
 .debug_macro   0x0001777b      0x22e ./Drivers/STM32F4xx_HAL_Driver/Src/stm32f4xx_hal.o
 .debug_macro   0x000179a9      0x1ce ./Drivers/STM32F4xx_HAL_Driver/Src/stm32f4xx_hal_cortex.o
 .debug_macro   0x00017b77      0x1d4 ./Drivers/STM32F4xx_HAL_Driver/Src/stm32f4xx_hal_gpio.o
 .debug_macro   0x00017d4b      0x1f2 ./Drivers/STM32F4xx_HAL_Driver/Src/stm32f4xx_hal_rcc.o
 .debug_macro   0x00017f3d      0x1dd ./Drivers/STM32F4xx_HAL_Driver/Src/stm32f4xx_hal_spi.o
 .debug_macro   0x0001811a      0x1cf ./Drivers/STM32F4xx_HAL_Driver/Src/stm32f4xx_hal_tim.o
 .debug_macro   0x000182e9      0x1ce ./Drivers/STM32F4xx_HAL_Driver/Src/stm32f4xx_hal_tim_ex.o
 .debug_macro   0x000184b7      0x210 ./Middlewares/Third_Party/FreeRTOS/Source/CMSIS_RTOS/cmsis_os.o
 .debug_macro   0x000186c7       0x10 ./Middlewares/Third_Party/FreeRTOS/Source/CMSIS_RTOS/cmsis_os.o
 .debug_macro   0x000186d7       0x16 ./Middlewares/Third_Party/FreeRTOS/Source/CMSIS_RTOS/cmsis_os.o
 .debug_macro   0x000186ed       0xe9 ./Middlewares/Third_Party/FreeRTOS/Source/CMSIS_RTOS/cmsis_os.o
 .debug_macro   0x000187d6      0x199 ./Middlewares/Third_Party/FreeRTOS/Source/list.o
 .debug_macro   0x0001896f      0x28b ./Middlewares/Third_Party/FreeRTOS/Source/tasks.o
 .debug_macro   0x00018bfa       0x10 ./Middlewares/Third_Party/FreeRTOS/Source/tasks.o
 .debug_macro   0x00018c0a      0x233 ./Middlewares/Third_Party/FreeRTOS/Source/portable/GCC/ARM_CM4F/port.o
 .debug_macro   0x00018e3d      0x1c0 ./Middlewares/Third_Party/FreeRTOS/Source/portable/MemMang/heap_4.o

.debug_line     0x00000000    0x146ef
 .debug_line    0x00000000      0x5c4 ./Core/Src/Drone_control.o
 .debug_line    0x000005c4      0xab5 ./Core/Src/Oneshot125_Esc_Control.o
 .debug_line    0x00001079      0x6b1 ./Core/Src/PID.o
 .debug_line    0x0000172a      0x973 ./Core/Src/freertos.o
 .debug_line    0x0000209d      0xdce ./Core/Src/main.o
 .debug_line    0x00002e6b      0xea3 ./Core/Src/nrf24L01.o
 .debug_line    0x00003d0e      0x836 ./Core/Src/stm32f4xx_hal_msp.o
 .debug_line    0x00004544      0x7b3 ./Core/Src/stm32f4xx_hal_timebase_tim.o
 .debug_line    0x00004cf7      0x7fa ./Core/Src/stm32f4xx_it.o
 .debug_line    0x000054f1      0x579 ./Core/Src/sysmem.o
 .debug_line    0x00005a6a      0x7bb ./Core/Src/system_stm32f4xx.o
 .debug_line    0x00006225       0x7a ./Core/Startup/startup_stm32f411ceux.o
 .debug_line    0x0000629f      0xa33 ./Drivers/STM32F4xx_HAL_Driver/Src/stm32f4xx_hal.o
 .debug_line    0x00006cd2      0xd25 ./Drivers/STM32F4xx_HAL_Driver/Src/stm32f4xx_hal_cortex.o
 .debug_line    0x000079f7      0xb83 ./Drivers/STM32F4xx_HAL_Driver/Src/stm32f4xx_hal_gpio.o
 .debug_line    0x0000857a      0xdbc ./Drivers/STM32F4xx_HAL_Driver/Src/stm32f4xx_hal_rcc.o
 .debug_line    0x00009336     0x1d57 ./Drivers/STM32F4xx_HAL_Driver/Src/stm32f4xx_hal_spi.o
 .debug_line    0x0000b08d     0x35a9 ./Drivers/STM32F4xx_HAL_Driver/Src/stm32f4xx_hal_tim.o
 .debug_line    0x0000e636     0x19c4 ./Drivers/STM32F4xx_HAL_Driver/Src/stm32f4xx_hal_tim_ex.o
 .debug_line    0x0000fffa     0x1267 ./Middlewares/Third_Party/FreeRTOS/Source/CMSIS_RTOS/cmsis_os.o
 .debug_line    0x00011261      0x797 ./Middlewares/Third_Party/FreeRTOS/Source/list.o
 .debug_line    0x000119f8     0x19d5 ./Middlewares/Third_Party/FreeRTOS/Source/tasks.o
 .debug_line    0x000133cd      0x960 ./Middlewares/Third_Party/FreeRTOS/Source/portable/GCC/ARM_CM4F/port.o
 .debug_line    0x00013d2d      0x9c2 ./Middlewares/Third_Party/FreeRTOS/Source/portable/MemMang/heap_4.o

.debug_str      0x00000000    0x97ad7
 .debug_str     0x00000000     0x771d ./Core/Src/Drone_control.o
                               0x7927 (size before relaxing)
 .debug_str     0x0000771d    0x88af4 ./Core/Src/Oneshot125_Esc_Control.o
                              0x8e80d (size before relaxing)
 .debug_str     0x00090211       0xc8 ./Core/Src/PID.o
                               0x786a (size before relaxing)
 .debug_str     0x000902d9      0x42e ./Core/Src/freertos.o
                              0x8c471 (size before relaxing)
 .debug_str     0x00090707     0x1b03 ./Core/Src/main.o
                              0x924cd (size before relaxing)
 .debug_str     0x0009220a      0x29e ./Core/Src/nrf24L01.o
                              0x8ec47 (size before relaxing)
 .debug_str     0x000924a8      0x499 ./Core/Src/stm32f4xx_hal_msp.o
                              0x873f0 (size before relaxing)
 .debug_str     0x00092941       0xcf ./Core/Src/stm32f4xx_hal_timebase_tim.o
                              0x87201 (size before relaxing)
 .debug_str     0x00092a10       0xce ./Core/Src/stm32f4xx_it.o
                              0x86c7c (size before relaxing)
 .debug_str     0x00092ade      0x35c ./Core/Src/sysmem.o
                               0x60b8 (size before relaxing)
 .debug_str     0x00092e3a       0xdb ./Core/Src/system_stm32f4xx.o
                              0x86872 (size before relaxing)
 .debug_str     0x00092f15       0x44 ./Core/Startup/startup_stm32f411ceux.o
                                 0x6b (size before relaxing)
 .debug_str     0x00092f59      0x5bf ./Drivers/STM32F4xx_HAL_Driver/Src/stm32f4xx_hal.o
                              0x8729e (size before relaxing)
 .debug_str     0x00093518      0x362 ./Drivers/STM32F4xx_HAL_Driver/Src/stm32f4xx_hal_cortex.o
                              0x87008 (size before relaxing)
 .debug_str     0x0009387a       0xf8 ./Drivers/STM32F4xx_HAL_Driver/Src/stm32f4xx_hal_gpio.o
                              0x869ed (size before relaxing)
 .debug_str     0x00093972      0x1f2 ./Drivers/STM32F4xx_HAL_Driver/Src/stm32f4xx_hal_rcc.o
                              0x86ca6 (size before relaxing)
 .debug_str     0x00093b64      0x576 ./Drivers/STM32F4xx_HAL_Driver/Src/stm32f4xx_hal_spi.o
                              0x8711e (size before relaxing)
 .debug_str     0x000940da      0xce6 ./Drivers/STM32F4xx_HAL_Driver/Src/stm32f4xx_hal_tim.o
                              0x87bea (size before relaxing)
 .debug_str     0x00094dc0      0x493 ./Drivers/STM32F4xx_HAL_Driver/Src/stm32f4xx_hal_tim_ex.o
                              0x873f6 (size before relaxing)
 .debug_str     0x00095253      0xa82 ./Middlewares/Third_Party/FreeRTOS/Source/CMSIS_RTOS/cmsis_os.o
                               0xed50 (size before relaxing)
 .debug_str     0x00095cd5      0x20f ./Middlewares/Third_Party/FreeRTOS/Source/list.o
                               0xab07 (size before relaxing)
 .debug_str     0x00095ee4     0x1143 ./Middlewares/Third_Party/FreeRTOS/Source/tasks.o
                               0xd1c1 (size before relaxing)
 .debug_str     0x00097027      0x783 ./Middlewares/Third_Party/FreeRTOS/Source/portable/GCC/ARM_CM4F/port.o
                               0xa2bb (size before relaxing)
 .debug_str     0x000977aa      0x32d ./Middlewares/Third_Party/FreeRTOS/Source/portable/MemMang/heap_4.o
                               0xb449 (size before relaxing)

.comment        0x00000000       0x43
 .comment       0x00000000       0x43 ./Core/Src/Drone_control.o
                                 0x44 (size before relaxing)
 .comment       0x00000043       0x44 ./Core/Src/Oneshot125_Esc_Control.o
 .comment       0x00000043       0x44 ./Core/Src/PID.o
 .comment       0x00000043       0x44 ./Core/Src/freertos.o
 .comment       0x00000043       0x44 ./Core/Src/main.o
 .comment       0x00000043       0x44 ./Core/Src/nrf24L01.o
 .comment       0x00000043       0x44 ./Core/Src/stm32f4xx_hal_msp.o
 .comment       0x00000043       0x44 ./Core/Src/stm32f4xx_hal_timebase_tim.o
 .comment       0x00000043       0x44 ./Core/Src/stm32f4xx_it.o