../Core/Src/main.c:118:5:main	56	static
../Core/Src/main.c:222:6:SystemClock_Config	88	static
../Core/Src/main.c:268:13:MX_SPI1_Init	8	static
../Core/Src/main.c:306:13:MX_SPI2_Init	8	static
../Core/Src/main.c:344:13:MX_TIM2_Init	48	static
../Core/Src/main.c:405:13:MX_TIM3_Init	32	static
../Core/Src/main.c:450:13:MX_USART1_UART_Init	8	static
../Core/Src/main.c:483:13:MX_GPIO_Init	48	static
../Core/Src/main.c:536:6:ESC_Task	16	static
../Core/Src/main.c:587:6:NRF_Task	24	static
../Core/Src/main.c:607:6:StartDefaultTask	16	static
../Core/Src/main.c:628:6:HAL_TIM_PeriodElapsedCallback	16	static
../Core/Src/main.c:651:6:Error_Handler	4	static,ignoring_inline_asm
