../Core/Inc/bno055_stm32.h:19:6:bno055_assignI2C	1
../Core/Inc/bno055_stm32.h:23:6:bno055_delay	1
../Core/Inc/bno055_stm32.h:31:6:bno055_writeData	23
../Core/Inc/bno055_stm32.h:95:6:bno055_readData	1
../Core/Src/main.c:138:6:HAL_ADC_ConvCpltCallback	3
../Core/Src/main.c:148:6:HAL_UART_RxCpltCallback	3
../Core/Src/main.c:171:5:main	1
../Core/Src/main.c:274:6:SystemClock_Config	3
../Core/Src/main.c:320:13:MX_ADC1_Init	3
../Core/Src/main.c:372:13:MX_I2C1_Init	2
../Core/Src/main.c:406:13:MX_I2C2_Init	2
../Core/Src/main.c:440:13:MX_SPI2_Init	2
../Core/Src/main.c:478:13:MX_TIM3_Init	7
../Core/Src/main.c:539:13:MX_USART1_UART_Init	2
../Core/Src/main.c:572:13:MX_USART2_UART_Init	2
../Core/Src/main.c:605:13:MX_USART6_UART_Init	2
../Core/Src/main.c:636:13:MX_DMA_Init	1
../Core/Src/main.c:654:13:MX_GPIO_Init	1
../Core/Src/main.c:699:6:ESC_Task	1
../Core/Src/main.c:744:6:NRF_Task	1
../Core/Src/main.c:757:6:BNO_Task	1
../Core/Src/main.c:773:6:BMP_Task	1
../Core/Src/main.c:788:6:ADC_Task	2
../Core/Src/main.c:800:6:ZIGBEE_Task	2
../Core/Src/main.c:822:6:StartDefaultTask	1
../Core/Src/main.c:842:6:HAL_TIM_PeriodElapsedCallback	2
../Core/Src/main.c:860:6:Error_Handler	1
