../Core/Inc/bno055_stm32.h:19:6:bno055_assignI2C	1
../Core/Inc/bno055_stm32.h:23:6:bno055_delay	1
../Core/Inc/bno055_stm32.h:31:6:bno055_writeData	23
../Core/Inc/bno055_stm32.h:95:6:bno055_readData	1
../Core/Src/main.c:148:6:HAL_ADC_ConvCpltCallback	3
../Core/Src/main.c:158:6:HAL_UART_RxCpltCallback	7
../Core/Src/main.c:196:5:main	1
../Core/Src/main.c:308:6:SystemClock_Config	3
../Core/Src/main.c:354:13:MX_ADC1_Init	3
../Core/Src/main.c:406:13:MX_I2C1_Init	2
../Core/Src/main.c:440:13:MX_I2C2_Init	2
../Core/Src/main.c:474:13:MX_SPI2_Init	2
../Core/Src/main.c:512:13:MX_TIM3_Init	7
../Core/Src/main.c:573:13:MX_USART1_UART_Init	2
../Core/Src/main.c:606:13:MX_USART2_UART_Init	2
../Core/Src/main.c:639:13:MX_USART6_UART_Init	2
../Core/Src/main.c:670:13:MX_DMA_Init	1
../Core/Src/main.c:691:13:MX_GPIO_Init	1
../Core/Src/main.c:736:6:ESC_Task	5
../Core/Src/main.c:806:6:BNO_Task	1
../Core/Src/main.c:822:6:BMP_Task	1
../Core/Src/main.c:837:6:ADC_Task	2
../Core/Src/main.c:849:6:ZIGBEE_Task	2
../Core/Src/main.c:863:6:USB_UART_Task	6
../Core/Src/main.c:897:6:NEO7M_Task	6
../Core/Src/main.c:939:6:GPS_DATA_Task	1
../Core/Src/main.c:948:6:TCP_Message_Handling_Task	20
../Core/Src/main.c:1031:6:StartDefaultTask	1
../Core/Src/main.c:1051:6:HAL_TIM_PeriodElapsedCallback	2
../Core/Src/main.c:1069:6:Error_Handler	1
