../Core/Src/nrf24L01.c:13:6:Chip_Select	8	static
../Core/Src/nrf24L01.c:18:6:Chip_Deselect	8	static
../Core/Src/nrf24L01.c:23:6:Set_CE_High	8	static
../Core/Src/nrf24L01.c:28:6:Set_CE_Low	8	static
../Core/Src/nrf24L01.c:33:6:WaitForIRQ	8	static
../Core/Src/nrf24L01.c:39:6:nRF_WriteRegister	64	dynamic
../Core/Src/nrf24L01.c:52:6:nRF_WriteOneRegister	24	static
../Core/Src/nrf24L01.c:62:6:nRF_ReadRegister	32	static
../Core/Src/nrf24L01.c:72:6:nRF_ReadOneRegister	32	static
../Core/Src/nrf24L01.c:82:6:nRF_SendCmd	24	static
../Core/Src/nrf24L01.c:91:9:nRF_GetStatus	24	static
../Core/Src/nrf24L01.c:104:6:nRF_TX_Payload	32	static
../Core/Src/nrf24L01.c:113:6:nRF_RX_Payload	32	static
../Core/Src/nrf24L01.c:122:6:TX_Enhanced_ShockBurst_Config	24	static
../Core/Src/nrf24L01.c:134:6:TX_Enhanced_ShockBurst_Config_RTOS	24	static
../Core/Src/nrf24L01.c:146:6:Select_Tx_Mode	24	static
../Core/Src/nrf24L01.c:156:6:Select_Tx_Mode_RTOS	24	static
../Core/Src/nrf24L01.c:166:6:RX_Enhanced_ShockBurst_Config	24	static
../Core/Src/nrf24L01.c:181:6:RX_Enhanced_ShockBurst_Config_RTOS	24	static
../Core/Src/nrf24L01.c:196:6:Select_Rx_Mode	24	static
../Core/Src/nrf24L01.c:207:6:Select_Rx_Mode_RTOS	24	static
../Core/Src/nrf24L01.c:218:9:TX_Communication	24	static
../Core/Src/nrf24L01.c:243:9:RX_Communication	24	static
../Core/Src/nrf24L01.c:261:6:CONFIG_REG_Write	24	static
../Core/Src/nrf24L01.c:271:6:EN_AA_Enhanced_Shockburst_Auto_Acknowledgement_Pipe_Num	16	static
../Core/Src/nrf24L01.c:276:6:RX_ADDR_P0_Write	48	static
../Core/Src/nrf24L01.c:289:6:RX_ADDR_P1_Write	48	static
../Core/Src/nrf24L01.c:301:6:RX_ADDR_P2_To_P5_Write	32	static
../Core/Src/nrf24L01.c:324:6:TX_ADDR_Write	48	static
../Core/Src/nrf24L01.c:336:6:RX_PW_P_NUM_Number_Of_Bytes	32	static
