../Core/Src/nrf24L01.c:11:6:Chip_Select	16	static
../Core/Src/nrf24L01.c:16:6:Chip_Deselect	16	static
../Core/Src/nrf24L01.c:21:6:Set_CE_High	16	static
../Core/Src/nrf24L01.c:26:6:Set_CE_Low	16	static
../Core/Src/nrf24L01.c:31:6:WaitForIRQ	16	static
../Core/Src/nrf24L01.c:37:6:nRF_WriteRegister	64	dynamic
../Core/Src/nrf24L01.c:50:6:nRF_WriteOneRegister	24	static
../Core/Src/nrf24L01.c:60:6:nRF_ReadRegister	32	static
../Core/Src/nrf24L01.c:70:6:nRF_ReadOneRegister	32	static
../Core/Src/nrf24L01.c:79:6:nRF_SendCmd	24	static
../Core/Src/nrf24L01.c:88:9:nRF_GetStatus	24	static
../Core/Src/nrf24L01.c:100:6:nRF_TX_Payload	32	static
../Core/Src/nrf24L01.c:109:6:nRF_RX_Payload	32	static
../Core/Src/nrf24L01.c:118:6:TX_Enhanced_ShockBurst_Config	32	static
../Core/Src/nrf24L01.c:132:6:Select_Tx_Mode	24	static
../Core/Src/nrf24L01.c:142:6:RX_Enhanced_ShockBurst_Config	32	static
../Core/Src/nrf24L01.c:158:6:Select_Rx_Mode	24	static
../Core/Src/nrf24L01.c:169:6:TX_Enhanced_ShockBurst_Config_RTOS	24	static
../Core/Src/nrf24L01.c:181:6:Select_Tx_Mode_RTOS	24	static
../Core/Src/nrf24L01.c:191:6:RX_Enhanced_ShockBurst_Config_RTOS	24	static
../Core/Src/nrf24L01.c:206:6:Select_Rx_Mode_RTOS	24	static
../Core/Src/nrf24L01.c:216:6:Two_Way_Commuination_RTOS	24	static
../Core/Src/nrf24L01.c:228:6:Two_Way_Commuination_Pipe0_Config	24	static
../Core/Src/nrf24L01.c:241:6:Two_Way_Commuination_Pipe1_Config	24	static
../Core/Src/nrf24L01.c:254:9:TX_Communication	24	static
../Core/Src/nrf24L01.c:279:9:RX_Communication	24	static
../Core/Src/nrf24L01.c:297:6:Two_Way_Commuination	24	static
../Core/Src/nrf24L01.c:309:6:CONFIG_REG_Write	24	static
../Core/Src/nrf24L01.c:319:6:EN_AA_Enhanced_Shockburst_Auto_Acknowledgement_Pipe_Num	16	static
../Core/Src/nrf24L01.c:324:6:RX_ADDR_P0_Write	48	static
../Core/Src/nrf24L01.c:336:6:RX_ADDR_P1_Write	48	static
../Core/Src/nrf24L01.c:348:6:RX_ADDR_P2_To_P5_Write	32	static
../Core/Src/nrf24L01.c:371:6:TX_ADDR_Write	48	static
../Core/Src/nrf24L01.c:383:6:RX_PW_P_NUM_Number_Of_Bytes	32	static
